[     226ms] [ERROR] Failed to load resource: net::ERR_BLOCKED_BY_CLIENT.Inspector @ https://www.gstatic.com/youtube/img/branding/favicon/favicon_144x144_v2.png:0
[     239ms] [ERROR] Failed to load resource: net::ERR_BLOCKED_BY_CLIENT @ https://www.google.com/pagead/lvz?evtid=ACd6KtyanIgv_9V-BmBHtYriGXzvSzjVaRTUqeQUK2ibWHvA5-0Od1aQi6024j9CQCtPBZLHjzxWfvjfuovyPpUUsgFEfr6osA&req_ts=1788449055&pg=MainAppBootstrap%3AHome&az=1&sigh=AB9vU43mogXJNIe8YlAn8L6vhF05-zTo2Q:0
[     239ms] [ERROR] Failed to load resource: net::ERR_BLOCKED_BY_CLIENT @ https://www.google.com.bd/pagead/lvz?evtid=ACd6KtyanIgv_9V-BmBHtYriGXzvSzjVaRTUqeQUK2ibWHvA5-0Od1aQi6024j9CQCtPBZLHjzxWfvjfuovyPpUUsgFEfr6osA&req_ts=1788449055&pg=MainAppBootstrap%3AHome&az=1&sigh=AB9vU43mogXJNIe8YlAn8L6vhF05-zTo2Q:0
[     266ms] [ERROR] Failed to load resource: net::ERR_BLOCKED_BY_CLIENT.Inspector @ https://www.youtube.com/generate_204:0
[     272ms] [WARNING] Error while trying to use the following icon from the Manifest: https://www.gstatic.com/youtube/img/branding/favicon/favicon_144x144_v2.png (Download error or resource isn't a valid image) @ https://www.youtube.com/:0
[     681ms] [ERROR] Failed to load resource: net::ERR_BLOCKED_BY_CLIENT.Inspector @ https://fonts.gstatic.com/s/roboto/v51/KFO7CnqEu92Fr1ME7kSn66aGLdTylUAMaxKUBGEe.woff2:0
[     683ms] [ERROR] Failed to load resource: net::ERR_BLOCKED_BY_CLIENT.Inspector @ https://www.youtube.com/youtubei/v1/guide?prettyPrint=false:0
[     711ms] [ERROR] Failed to load resource: net::ERR_BLOCKED_BY_CLIENT.Inspector @ https://i.ytimg.com/vi/zrIDy7k5_HM/hq720.jpg?sqp=-oaymwEnCNAFEJQDSFryq4qpAxkIARUAAIhCGAHYAQHiAQoIGBACGAY4AUAB&rs=AOn4CLAP96HHTtC_lIPT94hySWMb_31pHw:0
[     712ms] [ERROR] Failed to load resource: net::ERR_BLOCKED_BY_CLIENT.Inspector @ https://i.ytimg.com/vi/0Rp9KJCEIvg/hq720_custom_2.jpg?sqp=CKCg5tQG-oaymwEnCNAFEJQDSFryq4qpAxkIARUAAIhCGAHYAQHiAQoIGBACGAY4AUAB&rs=AOn4CLB9LupKvR1EjNFLZHlhfQ4C7-96Hw:0
[     712ms] [ERROR] Failed to load resource: net::ERR_BLOCKED_BY_CLIENT.Inspector @ https://i.ytimg.com/vi/S8JvCR024ZA/oar1.jpg?sqp=-oaymwEoCJUDENAFSFqQAgHyq4qpAxcIARUAAIhC2AEB4gEKCBgQAhgGOAFAAQ==&rs=AOn4CLBzNCqxYwiNURx06fnqTDIM91e0IA&usqp=CCk:0
[     712ms] [ERROR] Failed to load resource: net::ERR_BLOCKED_BY_CLIENT.Inspector @ https://i.ytimg.com/vi/lpKjqV_W1-w/oar2.jpg?sqp=-oaymwEoCJEDENAFSFqQAgHyq4qpAxcIARUAAIhC2AEB4gEKCBgQAhgGOAFAAQ==&rs=AOn4CLALaeVcHNNkUEuAzHJUl_xsEUIeRQ&usqp=CCk:0
[     713ms] [ERROR] Failed to load resource: net::ERR_BLOCKED_BY_CLIENT @ https://www.youtube.com/youtubei/v1/log_event?alt=json:0
[     715ms] [ERROR] Failed to load resource: net::ERR_BLOCKED_BY_CLIENT.Inspector @ https://i.ytimg.com/vi/Cz7l9NJye3c/oardefault.jpg?sqp=-oaymwEoCJUDENAFSFqQAgHyq4qpAxcIARUAAIhC2AEB4gEKCBgQAhgGOAFAAQ==&rs=AOn4CLAr-ykXPTrPyNCnS6uS6Sgp73fEtw&usqp=CCk:0
[     717ms] [ERROR] Failed to load resource: net::ERR_BLOCKED_BY_CLIENT.Inspector @ https://i.ytimg.com/vi/MAZ7VUQYOKI/oar1.jpg?sqp=-oaymwEoCJUDENAFSFqQAgHyq4qpAxcIARUAAIhC2AEB4gEKCBgQAhgGOAFAAQ==&rs=AOn4CLAe5OrpbP3Dd6TvRBy11u6cx6-VdQ&usqp=CCk:0
[     717ms] [ERROR] Failed to load resource: net::ERR_BLOCKED_BY_CLIENT.Inspector @ https://i.ytimg.com/vi/gXcbkJlmFPs/oardefault.jpg?sqp=-oaymwEoCJUDENAFSFqQAgHyq4qpAxcIARUAAIhC2AEB4gEKCBgQAhgGOAFAAQ==&rs=AOn4CLA9fnNE1HLOIiGde1CPQJDIM4VGYg&usqp=CCk:0
[     741ms] [ERROR] Failed to load resource: net::ERR_BLOCKED_BY_CLIENT.Inspector @ https://www.youtube.com/s/search/audio/failure.mp3:0
[     741ms] [ERROR] Failed to load resource: net::ERR_BLOCKED_BY_CLIENT.Inspector @ https://www.youtube.com/s/search/audio/no_input.mp3:0
[     741ms] [ERROR] Failed to load resource: net::ERR_BLOCKED_BY_CLIENT.Inspector @ https://www.youtube.com/s/search/audio/open.mp3:0
[     741ms] [ERROR] Failed to load resource: net::ERR_BLOCKED_BY_CLIENT.Inspector @ https://www.youtube.com/s/search/audio/success.mp3:0
[     803ms] [ERROR] Failed to load resource: net::ERR_BLOCKED_BY_CLIENT.Inspector @ https://fonts.googleapis.com/css?family=Inter:400,400i,500,500i,600,600i,700,700i&display=swap:0
[     804ms] [ERROR] Failed to load resource: net::ERR_BLOCKED_BY_CLIENT.Inspector @ https://fonts.googleapis.com/css2?family=Google+Symbols:FILL,wght@0..1,300..700&display=block:0
[     851ms] [ERROR] Failed to load resource: net::ERR_BLOCKED_BY_CLIENT.Inspector @ https://accounts.google.com/gsi/client:0
[    1114ms] [ERROR] Failed to load resource: net::ERR_BLOCKED_BY_CLIENT.Inspector @ https://fonts.googleapis.com/css2?family=Roboto+Mono:ital,wght@0,100..700;1,100..700:0
[    1116ms] [ERROR] Failed to load resource: net::ERR_BLOCKED_BY_CLIENT.Inspector @ https://fonts.googleapis.com/css2?family=Google+Symbols:wght,FILL@300..700,0..1:0
[    1116ms] [ERROR] Failed to load resource: net::ERR_BLOCKED_BY_CLIENT.Inspector @ https://fonts.googleapis.com/css2?family=Google+Sans+Code:ital,wght,MONO@0,300..800,1;1,300..800,1&family=Google+Sans+Flex:opsz,wght@6..144,1..1000&display=swap:0
[    1140ms] [ERROR] Failed to load resource: net::ERR_BLOCKED_BY_CLIENT.Inspector @ https://use.typekit.net/tql2nih.css:0
[    1615ms] [ERROR] Failed to load resource: net::ERR_BLOCKED_BY_CLIENT @ https://www.googletagmanager.com/gtag/js?id=G-T7QHS60L4Q:0
[    1844ms] [LOG]  _                       _       
| |    Welcome to       | |      
| | __ ___   __ _  __ _ | | ___  
| |/ /|__ \ / _` |/ _` || |/ _ \ 
|   < / _  | (_| | (_| || |  __/ 
|_|\_\\__,_|\__, |\__, ||_|\___| 
             __/ | __/ |         
            |___/ |___/          
 @ https://www.kaggle.com/static/assets/app.js?v=8044b92b0d4a36e8:0
[    1844ms] [ERROR] Failed to load resource: net::ERR_BLOCKED_BY_CLIENT.Inspector @ https://apis.google.com/js/api.js:0
[    1894ms] [WARNING] No `HydrateFallback` element provided to render during initial hydration @ https://www.kaggle.com/static/assets/vendor.js?v=6fd563a9772abf67:255
[    2882ms] [ERROR] Failed to load resource: net::ERR_BLOCKED_BY_CLIENT.Inspector @ https://storage.googleapis.com/kaggle-avatars/thumbnails/default-thumb.png:0
[    2883ms] [ERROR] Failed to load resource: net::ERR_BLOCKED_BY_CLIENT.Inspector @ https://storage.googleapis.com/kaggle-avatars/thumbnails/16459904-kg.jpg?t=2026-02-21-10-27-50:0
[    2883ms] [ERROR] Failed to load resource: net::ERR_BLOCKED_BY_CLIENT.Inspector @ https://storage.googleapis.com/kaggle-avatars/thumbnails/50767-kg.jpg:0
[    2883ms] [ERROR] Failed to load resource: net::ERR_BLOCKED_BY_CLIENT.Inspector @ https://storage.googleapis.com/kaggle-avatars/thumbnails/263524-kg.jpg:0
[    2883ms] [ERROR] Failed to load resource: net::ERR_BLOCKED_BY_CLIENT.Inspector @ https://storage.googleapis.com/kaggle-avatars/thumbnails/1034065-gr.jpg:0
[    2883ms] [ERROR] Failed to load resource: net::ERR_BLOCKED_BY_CLIENT.Inspector @ https://storage.googleapis.com/kaggle-avatars/thumbnails/1455-fb.jpg:0
[    2883ms] [ERROR] Failed to load resource: net::ERR_BLOCKED_BY_CLIENT.Inspector @ https://storage.googleapis.com/kaggle-avatars/thumbnails/26782-kg.png:0
[    2883ms] [ERROR] Failed to load resource: net::ERR_BLOCKED_BY_CLIENT.Inspector @ https://storage.googleapis.com/kaggle-media/Images/Header_560x280_04-2.png:0
[    2883ms] [ERROR] Failed to load resource: net::ERR_BLOCKED_BY_CLIENT.Inspector @ https://storage.googleapis.com/kaggle-media/blog/research-grant.png:0
[    2884ms] [ERROR] Failed to load resource: net::ERR_BLOCKED_BY_CLIENT.Inspector @ https://storage.googleapis.com/kaggle-media/Images/Screenshot%202026-05-07%2010.45.18%20AM.png:0
[    2884ms] [ERROR] Failed to load resource: net::ERR_BLOCKED_BY_CLIENT.Inspector @ https://storage.googleapis.com/kaggle-media/Images/8zbkDTPPpNqJeaE.png:0
[    2884ms] [ERROR] Failed to load resource: net::ERR_BLOCKED_BY_CLIENT.Inspector @ https://storage.googleapis.com/kaggle-organizations/5164/thumbnail.png?t=2026-01-30-17-48-24:0
[    2884ms] [ERROR] Failed to load resource: net::ERR_BLOCKED_BY_CLIENT.Inspector @ https://storage.googleapis.com/kaggle-organizations/855/thumbnail.png:0
[    2885ms] [ERROR] Failed to load resource: net::ERR_BLOCKED_BY_CLIENT.Inspector @ https://storage.googleapis.com/kaggle-avatars/thumbnails/13838978-kg.jpg?t=2024-10-04-06-31-32:0
[    2885ms] [ERROR] Failed to load resource: net::ERR_BLOCKED_BY_CLIENT.Inspector @ https://storage.googleapis.com/kaggle-organizations/4/thumbnail.png:0
[    2885ms] [ERROR] Failed to load resource: net::ERR_BLOCKED_BY_CLIENT.Inspector @ https://storage.googleapis.com/kaggle-datasets-images/1346/2425/573bbb9b260839fc8208792d1e0ba7e5/dataset-thumbnail.jpg:0
[    2885ms] [ERROR] Failed to load resource: net::ERR_BLOCKED_BY_CLIENT.Inspector @ https://storage.googleapis.com/kaggle-datasets-images/5857/8713/df2a86f4b6ecfff7996be179a4e8ebdf/dataset-thumbnail.jpg?t=2017-12-02-08-49-27:0
[    2885ms] [ERROR] Failed to load resource: net::ERR_BLOCKED_BY_CLIENT.Inspector @ https://storage.googleapis.com/kaggle-datasets-images/4305/6656/174b3eae6099dbc6ef1149ce22eb3e5f/dataset-thumbnail.jpg?t=2017-11-10-00-33-18:0
[    2885ms] [ERROR] Failed to load resource: net::ERR_BLOCKED_BY_CLIENT.Inspector @ https://storage.googleapis.com/kaggle-datasets-images/612177/5023398/ed4470482e04000d11d3de82e2fb4389/dataset-thumbnail.png?t=2023-02-22-23-00-49:0
[    2885ms] [ERROR] Failed to load resource: net::ERR_BLOCKED_BY_CLIENT.Inspector @ https://storage.googleapis.com/kaggle-organizations/1202/thumbnail.png%3Fr=601:0
[    2885ms] [ERROR] Failed to load resource: net::ERR_BLOCKED_BY_CLIENT.Inspector @ https://storage.googleapis.com/kaggle-organizations/4582/thumbnail.png:0
[    2885ms] [ERROR] Failed to load resource: net::ERR_BLOCKED_BY_CLIENT.Inspector @ https://storage.googleapis.com/kaggle-organizations/3837/thumbnail-2.png:0
[    3374ms] [ERROR] Failed to load resource: net::ERR_BLOCKED_BY_CLIENT.Inspector @ https://github.com/Arturus/kaggle-web-traffic/blob/master/images/autocorr.png?raw=true:0
[    3375ms] [ERROR] Failed to load resource: net::ERR_BLOCKED_BY_CLIENT.Inspector @ https://github.com/Arturus/kaggle-web-traffic/blob/master/images/encoder-decoder.png?raw=true:0
[    3377ms] [ERROR] Failed to load resource: net::ERR_BLOCKED_BY_CLIENT.Inspector @ https://github.com/Arturus/kaggle-web-traffic/blob/master/images/from_past.png?raw=true:0
[    3378ms] [ERROR] Failed to load resource: net::ERR_BLOCKED_BY_CLIENT.Inspector @ https://github.com/Arturus/kaggle-web-traffic/blob/master/images/lagged_data.png?raw=true:0
[    3378ms] [ERROR] Failed to load resource: net::ERR_BLOCKED_BY_CLIENT.Inspector @ https://github.com/Arturus/kaggle-web-traffic/blob/master/images/split.png?raw=true:0
[    3379ms] [ERROR] Failed to load resource: net::ERR_BLOCKED_BY_CLIENT.Inspector @ https://github.com/Arturus/kaggle-web-traffic/blob/master/images/training.png?raw=true:0
[    3379ms] [ERROR] Failed to load resource: net::ERR_BLOCKED_BY_CLIENT.Inspector @ https://i.imgur.com/z62wCWj.png:0
[    4042ms] [ERROR] Failed to load resource: net::ERR_BLOCKED_BY_CLIENT.Inspector @ chrome-extension://ghmbeldphafepmbegfdlkpapadhbakde/styles/dropdown.css:0
[    4042ms] [ERROR] Failed to load resource: net::ERR_BLOCKED_BY_CLIENT.Inspector @ chrome-extension://ghmbeldphafepmbegfdlkpapadhbakde/polyfills.js:0
[    4042ms] [ERROR] Failed to load resource: net::ERR_BLOCKED_BY_CLIENT.Inspector @ chrome-extension://ghmbeldphafepmbegfdlkpapadhbakde/dropdown.js:0
[    9485ms] [ERROR] Failed to load resource: net::ERR_BLOCKED_BY_CLIENT @ https://analytics.kaggle.io/record-events:0
[   10265ms] [ERROR] Failed to load resource: net::ERR_BLOCKED_BY_CLIENT @ https://analytics.kaggle.io/record-events:0
[   11507ms] [ERROR] Failed to load resource: net::ERR_BLOCKED_BY_CLIENT.Inspector @ https://www.gstatic.com/_/mss/boq-identity/_/js/k=boq-identity.AccountsSignInUi.en.xSJp0gU59zU.es5.O/am=IQIAAAAOeCMBQP7_vwEABBBsB3xfC6AJEDIAAAAAAAAAAIAFAABoCCA/d=1/excm=_b,_tp,accountchooserview/ed=1/dg=0/wt=2/ujg=1/rs=AOaEmlFWd7OEwcmemtYPzyE9EohRZJUOOw/dti=1/m=_b,_tp:0
[   11507ms] [ERROR] Failed to load resource: net::ERR_BLOCKED_BY_CLIENT.Inspector @ https://www.gstatic.com/images/branding/googleg_gradient/svg/googleg_gradient_standard_24px.svg:0
[   11508ms] [ERROR] Failed to load resource: net::ERR_BLOCKED_BY_CLIENT.Inspector @ https://fonts.gstatic.com/s/googlesans/v62/4UaRrENHsxJlGDuGo1OIlJfC6l_24rlCK1Yo_Iq2vgCI.woff2:0
[   11546ms] [ERROR] Failed to load resource: net::ERR_BLOCKED_BY_CLIENT.Inspector @ https://lh3.googleusercontent.com/MQfeYWB9eWFM8LWrLR3pKrwTyStrAeJNW9xrG3WS4lswagHae8pK8h60gidheIUpZGB7:0
[   11548ms] [ERROR] Failed to load resource: net::ERR_BLOCKED_BY_CLIENT.Inspector @ https://lh3.googleusercontent.com/-l_KqsbsvbDQ/AAAAAAAAAAI/AAAAAAAAAAA/ALKGfkluuMIerPFSUkg_jhB7om47QXvpmw/s128-c/photo.jpg:0
[   11554ms] [ERROR] Failed to load resource: net::ERR_BLOCKED_BY_CLIENT.Inspector @ https://lh3.googleusercontent.com/-7zO3P2Om7WU/AAAAAAAAAAI/AAAAAAAAAAA/ALKGfkld2OuTQCSjsypfaob3ZmDf-KcFlw/s128-c/photo.jpg:0
[   11554ms] [ERROR] Failed to load resource: net::ERR_BLOCKED_BY_CLIENT.Inspector @ https://lh3.googleusercontent.com/-2TqRw5qViFs/AAAAAAAAAAI/AAAAAAAAAAA/ALKGfkmYrYjptD35dTYx1LCfuW71mB5UfQ/s128-c/photo.jpg:0
[   11554ms] [ERROR] Failed to load resource: net::ERR_BLOCKED_BY_CLIENT.Inspector @ https://lh3.googleusercontent.com/-F5Iku86AOBE/AAAAAAAAAAI/AAAAAAAAAAA/ALKGfkmI_qizMzo-nES-h55dVyPdRIqM8w/s128-c/photo.jpg:0
[   11554ms] [ERROR] Failed to load resource: net::ERR_BLOCKED_BY_CLIENT.Inspector @ https://lh3.googleusercontent.com/-n5Md1KVH8Hk/AAAAAAAAAAI/AAAAAAAAAAA/ALKGfknH7d8XmuOfs1mfdjQd-kBex2ftDA/s128-c/photo.jpg:0
[   11554ms] [ERROR] Failed to load resource: net::ERR_BLOCKED_BY_CLIENT.Inspector @ https://lh3.googleusercontent.com/-b0DJQx4DDZw/AAAAAAAAAAI/AAAAAAAAAAA/ALKGfklWU9PZ04f1ldIvg_APGlqt3jFTJg/s128-c/photo.jpg:0
[   11554ms] [ERROR] Failed to load resource: net::ERR_BLOCKED_BY_CLIENT.Inspector @ https://lh3.googleusercontent.com/-Vz6aKuVViYo/AAAAAAAAAAI/AAAAAAAAAAA/ALKGfkkv9HmBDQgxPsarFVWYETC6g8jehw/s128-c/photo.jpg:0
[   33564ms] [ERROR] Failed to load resource: net::ERR_BLOCKED_BY_CLIENT.Inspector @ https://accounts.google.com/gsi/client:0
[   33564ms] [ERROR] Failed to load resource: net::ERR_BLOCKED_BY_CLIENT.Inspector @ https://fonts.googleapis.com/css?family=Inter:400,400i,500,500i,600,600i,700,700i&display=swap:0
[   33564ms] [ERROR] Failed to load resource: net::ERR_BLOCKED_BY_CLIENT.Inspector @ https://fonts.googleapis.com/css2?family=Google+Symbols:FILL,wght@0..1,300..700&display=block:0
[   33624ms] [ERROR] Failed to load resource: net::ERR_BLOCKED_BY_CLIENT.Inspector @ https://fonts.googleapis.com/css2?family=Roboto+Mono:ital,wght@0,100..700;1,100..700:0
[   33625ms] [ERROR] Failed to load resource: net::ERR_BLOCKED_BY_CLIENT.Inspector @ https://fonts.googleapis.com/css2?family=Google+Symbols:wght,FILL@300..700,0..1:0
[   33626ms] [ERROR] Failed to load resource: net::ERR_BLOCKED_BY_CLIENT.Inspector @ https://fonts.googleapis.com/css2?family=Google+Sans+Code:ital,wght,MONO@0,300..800,1;1,300..800,1&family=Google+Sans+Flex:opsz,wght@6..144,1..1000&display=swap:0
[   33626ms] [ERROR] Failed to load resource: net::ERR_BLOCKED_BY_CLIENT.Inspector @ https://use.typekit.net/tql2nih.css:0
[   33828ms] [ERROR] Failed to load resource: net::ERR_BLOCKED_BY_CLIENT @ https://www.googletagmanager.com/gtag/js?id=G-T7QHS60L4Q:0
[   33834ms] [ERROR] Failed to load resource: net::ERR_BLOCKED_BY_CLIENT.Inspector @ https://apis.google.com/js/api.js:0
[   34055ms] [LOG]  _                       _       
| |    Welcome to       | |      
| | __ ___   __ _  __ _ | | ___  
| |/ /|__ \ / _` |/ _` || |/ _ \ 
|   < / _  | (_| | (_| || |  __/ 
|_|\_\\__,_|\__, |\__, ||_|\___| 
             __/ | __/ |         
            |___/ |___/          
 @ https://www.kaggle.com/static/assets/app.js?v=8044b92b0d4a36e8:0
[   36097ms] [ERROR] Failed to load resource: net::ERR_BLOCKED_BY_CLIENT.Inspector @ https://analytics.kaggle.io/record-events:0
[   36489ms] [ERROR] Failed to load resource: net::ERR_BLOCKED_BY_CLIENT.Inspector @ https://accounts.google.com/gsi/client:0
[   36489ms] [ERROR] Failed to load resource: net::ERR_BLOCKED_BY_CLIENT.Inspector @ https://fonts.googleapis.com/css?family=Inter:400,400i,500,500i,600,600i,700,700i&display=swap:0
[   36489ms] [ERROR] Failed to load resource: net::ERR_BLOCKED_BY_CLIENT.Inspector @ https://fonts.googleapis.com/css2?family=Google+Symbols:FILL,wght@0..1,300..700&display=block:0
[   36557ms] [ERROR] Failed to load resource: net::ERR_BLOCKED_BY_CLIENT.Inspector @ https://use.typekit.net/tql2nih.css:0
[   36557ms] [ERROR] Failed to load resource: net::ERR_BLOCKED_BY_CLIENT.Inspector @ https://fonts.googleapis.com/css2?family=Roboto+Mono:ital,wght@0,100..700;1,100..700:0
[   36557ms] [ERROR] Failed to load resource: net::ERR_BLOCKED_BY_CLIENT.Inspector @ https://fonts.googleapis.com/css2?family=Google+Symbols:wght,FILL@300..700,0..1:0
[   36558ms] [ERROR] Failed to load resource: net::ERR_BLOCKED_BY_CLIENT.Inspector @ https://fonts.googleapis.com/css2?family=Google+Sans+Code:ital,wght,MONO@0,300..800,1;1,300..800,1&family=Google+Sans+Flex:opsz,wght@6..144,1..1000&display=swap:0
[   36745ms] [ERROR] Failed to load resource: net::ERR_BLOCKED_BY_CLIENT.Inspector @ https://www.googletagmanager.com/gtag/js?id=G-T7QHS60L4Q:0
[   36749ms] [ERROR] Failed to load resource: net::ERR_BLOCKED_BY_CLIENT.Inspector @ https://apis.google.com/js/api.js:0
[   36968ms] [LOG]  _                       _       
| |    Welcome to       | |      
| | __ ___   __ _  __ _ | | ___  
| |/ /|__ \ / _` |/ _` || |/ _ \ 
|   < / _  | (_| | (_| || |  __/ 
|_|\_\\__,_|\__, |\__, ||_|\___| 
             __/ | __/ |         
            |___/ |___/          
 @ https://www.kaggle.com/static/assets/app.js?v=8044b92b0d4a36e8:0
[   37862ms] [ERROR] Failed to load resource: net::ERR_BLOCKED_BY_CLIENT.Inspector @ https://analytics.kaggle.io/record-events:0
[   38964ms] [ERROR] Failed to load resource: net::ERR_BLOCKED_BY_CLIENT.Inspector @ https://www.gstatic.com/_/mss/boq-identity/_/js/k=boq-identity.AccountsSignInUi.en.xSJp0gU59zU.es5.O/am=IQIAAAAOeCMBQP7_vwEABBBsB3xfC6AJEDIAAAAAAAAAAIAFAABoCCA/d=1/excm=_b,_tp,accountchooserview/ed=1/dg=0/wt=2/ujg=1/rs=AOaEmlFWd7OEwcmemtYPzyE9EohRZJUOOw/dti=1/m=_b,_tp:0
[   38967ms] [ERROR] Failed to load resource: net::ERR_BLOCKED_BY_CLIENT.Inspector @ https://www.gstatic.com/images/branding/googleg_gradient/svg/googleg_gradient_standard_24px.svg:0
[   38972ms] [ERROR] Failed to load resource: net::ERR_BLOCKED_BY_CLIENT.Inspector @ https://lh3.googleusercontent.com/MQfeYWB9eWFM8LWrLR3pKrwTyStrAeJNW9xrG3WS4lswagHae8pK8h60gidheIUpZGB7:0
[   38972ms] [ERROR] Failed to load resource: net::ERR_BLOCKED_BY_CLIENT.Inspector @ https://lh3.googleusercontent.com/-l_KqsbsvbDQ/AAAAAAAAAAI/AAAAAAAAAAA/ALKGfkluuMIerPFSUkg_jhB7om47QXvpmw/s128-c/photo.jpg:0
[   38972ms] [ERROR] Failed to load resource: net::ERR_BLOCKED_BY_CLIENT.Inspector @ https://lh3.googleusercontent.com/-7zO3P2Om7WU/AAAAAAAAAAI/AAAAAAAAAAA/ALKGfkld2OuTQCSjsypfaob3ZmDf-KcFlw/s128-c/photo.jpg:0
[   38972ms] [ERROR] Failed to load resource: net::ERR_BLOCKED_BY_CLIENT.Inspector @ https://lh3.googleusercontent.com/-2TqRw5qViFs/AAAAAAAAAAI/AAAAAAAAAAA/ALKGfkmYrYjptD35dTYx1LCfuW71mB5UfQ/s128-c/photo.jpg:0
[   38972ms] [ERROR] Failed to load resource: net::ERR_BLOCKED_BY_CLIENT.Inspector @ https://lh3.googleusercontent.com/-F5Iku86AOBE/AAAAAAAAAAI/AAAAAAAAAAA/ALKGfkmI_qizMzo-nES-h55dVyPdRIqM8w/s128-c/photo.jpg:0
[   38972ms] [ERROR] Failed to load resource: net::ERR_BLOCKED_BY_CLIENT.Inspector @ https://lh3.googleusercontent.com/-n5Md1KVH8Hk/AAAAAAAAAAI/AAAAAAAAAAA/ALKGfknH7d8XmuOfs1mfdjQd-kBex2ftDA/s128-c/photo.jpg:0
[   38972ms] [ERROR] Failed to load resource: net::ERR_BLOCKED_BY_CLIENT.Inspector @ https://lh3.googleusercontent.com/-b0DJQx4DDZw/AAAAAAAAAAI/AAAAAAAAAAA/ALKGfklWU9PZ04f1ldIvg_APGlqt3jFTJg/s128-c/photo.jpg:0
[   38972ms] [ERROR] Failed to load resource: net::ERR_BLOCKED_BY_CLIENT.Inspector @ https://lh3.googleusercontent.com/-Vz6aKuVViYo/AAAAAAAAAAI/AAAAAAAAAAA/ALKGfkkv9HmBDQgxPsarFVWYETC6g8jehw/s128-c/photo.jpg:0
[   38972ms] [ERROR] Failed to load resource: net::ERR_BLOCKED_BY_CLIENT.Inspector @ https://fonts.gstatic.com/s/googlesans/v62/4UaRrENHsxJlGDuGo1OIlJfC6l_24rlCK1Yo_Iq2vgCI.woff2:0
