[     503ms] [LOG]  _                       _       
| |    Welcome to       | |      
| | __ ___   __ _  __ _ | | ___  
| |/ /|__ \ / _` |/ _` || |/ _ \ 
|   < / _  | (_| | (_| || |  __/ 
|_|\_\\__,_|\__, |\__, ||_|\___| 
             __/ | __/ |         
            |___/ |___/          
 @ https://www.kaggle.com/static/assets/app.js?v=8044b92b0d4a36e8:0
[    1574ms] [ERROR] Failed to load resource: the server responded with a status of 403 () @ https://www.kaggle.com/api/i/user_secrets.UserSecretsService/GetGitHubAccessInfo:0
[    2133ms] [ERROR] Failed to load resource: the server responded with a status of 403 () @ https://www.kaggle.com/api/i/user_secrets.UserSecretsService/GetDriveAccessInfo:0
[    2135ms] [ERROR] Failed to load resource: the server responded with a status of 403 () @ https://www.kaggle.com/api/i/user_secrets.UserSecretsService/GetDriveAccessInfo:0
[    5117ms] [ERROR] Failed to load resource: the server responded with a status of 403 () @ https://www.kaggle.com/api/i/user_secrets.UserSecretsService/GetDriveAccessInfo:0
[    6735ms] [WARNING] Navigo router library will have soon a major upgrade to version 8.0.0. If you don't have time for such migration please stick with the latest 7.1.2 version. To avoid seeing this message set a strict 7.1.2 in your package.json file. @ https://kkb-production.jupyter-proxy.kaggle.net/static/assets/jupyterlabinjected.ff1d8bc85b5850c7.js?208f6b4441b61cce:6
[    7582ms] [ERROR] Yjs was already imported. This breaks constructor checks and will lead to issues! - https://github.com/yjs/yjs/issues/438 @ https://kkb-production.jupyter-proxy.kaggle.net/static/dist/jupyterlab/v-dd191da75eaf47ebd98e8d4b4aa37398/notebook/7957.bundle.js:0
[    9135ms] [WARNING] Language pack 'en_US' not installed! @ https://kkb-production.jupyter-proxy.kaggle.net/static/dist/jupyterlab/v-dd191da75eaf47ebd98e8d4b4aa37398/notebook/7819.bundle.js:0
[    9163ms] [WARNING] Deprecated shortcut selectors: ".jp-Notebook:focus" was replaced with ".jp-Notebook.jp-mod-commandMode:not(.jp-mod-readWrite) :focus" in JupyterLab 4.1 (present in ".jp-Notebook:focus")
".jp-Notebook:focus.jp-mod-commandMode" was replaced with ".jp-Notebook.jp-mod-commandMode:not(.jp-mod-readWrite) :focus" in JupyterLab 4.1 (present in ".jp-Notebook:focus.jp-mod-commandMode")

The selectors will be substituted transparently this time, but need to be updated at source before next major release. @ https://kkb-production.jupyter-proxy.kaggle.net/static/dist/jupyterlab/v-dd191da75eaf47ebd98e8d4b4aa37398/notebook/5649.bundle.js:0
[    9215ms] [WARNING] Deprecated shortcut selectors: "[data-jp-kernel-user]:focus" was replaced with "[data-jp-kernel-user]:not(.jp-mod-readWrite) :focus:not(:read-write)" in JupyterLab 4.1 (present in "[data-jp-kernel-user]:focus")

The selectors will be substituted transparently this time, but need to be updated at source before next major release. @ https://kkb-production.jupyter-proxy.kaggle.net/static/dist/jupyterlab/v-dd191da75eaf47ebd98e8d4b4aa37398/notebook/5649.bundle.js:0
[    9250ms] [WARNING] Completion provider with identifier CompletionProvider:context is already registered @ https://kkb-production.jupyter-proxy.kaggle.net/static/dist/jupyterlab/v-dd191da75eaf47ebd98e8d4b4aa37398/notebook/2944.bundle.js:0
[    9250ms] [WARNING] Completion provider with identifier CompletionProvider:kernel is already registered @ https://kkb-production.jupyter-proxy.kaggle.net/static/dist/jupyterlab/v-dd191da75eaf47ebd98e8d4b4aa37398/notebook/2944.bundle.js:0
[    9373ms] [WARNING] Could not retrieve current context null @ https://kkb-production.jupyter-proxy.kaggle.net/static/dist/jupyterlab/v-dd191da75eaf47ebd98e8d4b4aa37398/lab/extensions/@jupyter-lsp/jupyterlab-lsp/static/661.bd239b6ff6d2fd9fcb36.js?v=bd239b6ff6d2fd9fcb36:0
[    9376ms] [WARNING] Could not retrieve current context null @ https://kkb-production.jupyter-proxy.kaggle.net/static/dist/jupyterlab/v-dd191da75eaf47ebd98e8d4b4aa37398/lab/extensions/@jupyter-lsp/jupyterlab-lsp/static/661.bd239b6ff6d2fd9fcb36.js?v=bd239b6ff6d2fd9fcb36:0
[    9376ms] [WARNING] Could not get context @ https://kkb-production.jupyter-proxy.kaggle.net/static/dist/jupyterlab/v-dd191da75eaf47ebd98e8d4b4aa37398/lab/extensions/@jupyter-lsp/jupyterlab-lsp/static/661.bd239b6ff6d2fd9fcb36.js?v=bd239b6ff6d2fd9fcb36:0
[    9376ms] [WARNING] Could not retrieve current context null @ https://kkb-production.jupyter-proxy.kaggle.net/static/dist/jupyterlab/v-dd191da75eaf47ebd98e8d4b4aa37398/lab/extensions/@jupyter-lsp/jupyterlab-lsp/static/661.bd239b6ff6d2fd9fcb36.js?v=bd239b6ff6d2fd9fcb36:0
[    9377ms] [WARNING] Could not get context @ https://kkb-production.jupyter-proxy.kaggle.net/static/dist/jupyterlab/v-dd191da75eaf47ebd98e8d4b4aa37398/lab/extensions/@jupyter-lsp/jupyterlab-lsp/static/661.bd239b6ff6d2fd9fcb36.js?v=bd239b6ff6d2fd9fcb36:0
[    9377ms] [WARNING] Could not retrieve current context null @ https://kkb-production.jupyter-proxy.kaggle.net/static/dist/jupyterlab/v-dd191da75eaf47ebd98e8d4b4aa37398/lab/extensions/@jupyter-lsp/jupyterlab-lsp/static/661.bd239b6ff6d2fd9fcb36.js?v=bd239b6ff6d2fd9fcb36:0
[    9377ms] [WARNING] Could not get context @ https://kkb-production.jupyter-proxy.kaggle.net/static/dist/jupyterlab/v-dd191da75eaf47ebd98e8d4b4aa37398/lab/extensions/@jupyter-lsp/jupyterlab-lsp/static/661.bd239b6ff6d2fd9fcb36.js?v=bd239b6ff6d2fd9fcb36:0
[    9388ms] [WARNING] Could not retrieve current context null @ https://kkb-production.jupyter-proxy.kaggle.net/static/dist/jupyterlab/v-dd191da75eaf47ebd98e8d4b4aa37398/lab/extensions/@jupyter-lsp/jupyterlab-lsp/static/661.bd239b6ff6d2fd9fcb36.js?v=bd239b6ff6d2fd9fcb36:0
[    9389ms] [WARNING] Could not retrieve current context null @ https://kkb-production.jupyter-proxy.kaggle.net/static/dist/jupyterlab/v-dd191da75eaf47ebd98e8d4b4aa37398/lab/extensions/@jupyter-lsp/jupyterlab-lsp/static/661.bd239b6ff6d2fd9fcb36.js?v=bd239b6ff6d2fd9fcb36:0
[    9389ms] [WARNING] Could not get context @ https://kkb-production.jupyter-proxy.kaggle.net/static/dist/jupyterlab/v-dd191da75eaf47ebd98e8d4b4aa37398/lab/extensions/@jupyter-lsp/jupyterlab-lsp/static/661.bd239b6ff6d2fd9fcb36.js?v=bd239b6ff6d2fd9fcb36:0
[    9390ms] [WARNING] Could not retrieve current context null @ https://kkb-production.jupyter-proxy.kaggle.net/static/dist/jupyterlab/v-dd191da75eaf47ebd98e8d4b4aa37398/lab/extensions/@jupyter-lsp/jupyterlab-lsp/static/661.bd239b6ff6d2fd9fcb36.js?v=bd239b6ff6d2fd9fcb36:0
[    9390ms] [WARNING] Could not get context @ https://kkb-production.jupyter-proxy.kaggle.net/static/dist/jupyterlab/v-dd191da75eaf47ebd98e8d4b4aa37398/lab/extensions/@jupyter-lsp/jupyterlab-lsp/static/661.bd239b6ff6d2fd9fcb36.js?v=bd239b6ff6d2fd9fcb36:0
[    9390ms] [WARNING] Could not retrieve current context null @ https://kkb-production.jupyter-proxy.kaggle.net/static/dist/jupyterlab/v-dd191da75eaf47ebd98e8d4b4aa37398/lab/extensions/@jupyter-lsp/jupyterlab-lsp/static/661.bd239b6ff6d2fd9fcb36.js?v=bd239b6ff6d2fd9fcb36:0
[    9390ms] [WARNING] Could not get context @ https://kkb-production.jupyter-proxy.kaggle.net/static/dist/jupyterlab/v-dd191da75eaf47ebd98e8d4b4aa37398/lab/extensions/@jupyter-lsp/jupyterlab-lsp/static/661.bd239b6ff6d2fd9fcb36.js?v=bd239b6ff6d2fd9fcb36:0
[    9394ms] [WARNING] Could not retrieve current context null @ https://kkb-production.jupyter-proxy.kaggle.net/static/dist/jupyterlab/v-dd191da75eaf47ebd98e8d4b4aa37398/lab/extensions/@jupyter-lsp/jupyterlab-lsp/static/661.bd239b6ff6d2fd9fcb36.js?v=bd239b6ff6d2fd9fcb36:0
[    9395ms] [WARNING] Could not retrieve current context null @ https://kkb-production.jupyter-proxy.kaggle.net/static/dist/jupyterlab/v-dd191da75eaf47ebd98e8d4b4aa37398/lab/extensions/@jupyter-lsp/jupyterlab-lsp/static/661.bd239b6ff6d2fd9fcb36.js?v=bd239b6ff6d2fd9fcb36:0
[    9395ms] [WARNING] Could not get context @ https://kkb-production.jupyter-proxy.kaggle.net/static/dist/jupyterlab/v-dd191da75eaf47ebd98e8d4b4aa37398/lab/extensions/@jupyter-lsp/jupyterlab-lsp/static/661.bd239b6ff6d2fd9fcb36.js?v=bd239b6ff6d2fd9fcb36:0
[    9395ms] [WARNING] Could not retrieve current context null @ https://kkb-production.jupyter-proxy.kaggle.net/static/dist/jupyterlab/v-dd191da75eaf47ebd98e8d4b4aa37398/lab/extensions/@jupyter-lsp/jupyterlab-lsp/static/661.bd239b6ff6d2fd9fcb36.js?v=bd239b6ff6d2fd9fcb36:0
[    9395ms] [WARNING] Could not get context @ https://kkb-production.jupyter-proxy.kaggle.net/static/dist/jupyterlab/v-dd191da75eaf47ebd98e8d4b4aa37398/lab/extensions/@jupyter-lsp/jupyterlab-lsp/static/661.bd239b6ff6d2fd9fcb36.js?v=bd239b6ff6d2fd9fcb36:0
[    9396ms] [WARNING] Could not retrieve current context null @ https://kkb-production.jupyter-proxy.kaggle.net/static/dist/jupyterlab/v-dd191da75eaf47ebd98e8d4b4aa37398/lab/extensions/@jupyter-lsp/jupyterlab-lsp/static/661.bd239b6ff6d2fd9fcb36.js?v=bd239b6ff6d2fd9fcb36:0
[    9396ms] [WARNING] Could not get context @ https://kkb-production.jupyter-proxy.kaggle.net/static/dist/jupyterlab/v-dd191da75eaf47ebd98e8d4b4aa37398/lab/extensions/@jupyter-lsp/jupyterlab-lsp/static/661.bd239b6ff6d2fd9fcb36.js?v=bd239b6ff6d2fd9fcb36:0
[    9555ms] [WARNING] [Object] @ :0
[    9593ms] [WARNING] TypeError: Cannot convert undefined or null to object
    at Object.entries (<anonymous>)
    at Z.fetchSessions (https://kkb-production.jupyter-proxy.kaggle.net/static/dist/jupyterlab/v-dd191da75eaf47ebd98e8d4b4aa37398/notebook/3512.bundle.js:1:32855) @ https://kkb-production.jupyter-proxy.kaggle.net/static/dist/jupyterlab/v-dd191da75eaf47ebd98e8d4b4aa37398/notebook/3512.bundle.js:0
[    9598ms] [WARNING] Could not retrieve current context null @ https://kkb-production.jupyter-proxy.kaggle.net/static/dist/jupyterlab/v-dd191da75eaf47ebd98e8d4b4aa37398/lab/extensions/@jupyter-lsp/jupyterlab-lsp/static/661.bd239b6ff6d2fd9fcb36.js?v=bd239b6ff6d2fd9fcb36:0
[    9599ms] [WARNING] Could not retrieve current context null @ https://kkb-production.jupyter-proxy.kaggle.net/static/dist/jupyterlab/v-dd191da75eaf47ebd98e8d4b4aa37398/lab/extensions/@jupyter-lsp/jupyterlab-lsp/static/661.bd239b6ff6d2fd9fcb36.js?v=bd239b6ff6d2fd9fcb36:0
[    9599ms] [WARNING] Could not get context @ https://kkb-production.jupyter-proxy.kaggle.net/static/dist/jupyterlab/v-dd191da75eaf47ebd98e8d4b4aa37398/lab/extensions/@jupyter-lsp/jupyterlab-lsp/static/661.bd239b6ff6d2fd9fcb36.js?v=bd239b6ff6d2fd9fcb36:0
[    9599ms] [WARNING] Could not retrieve current context null @ https://kkb-production.jupyter-proxy.kaggle.net/static/dist/jupyterlab/v-dd191da75eaf47ebd98e8d4b4aa37398/lab/extensions/@jupyter-lsp/jupyterlab-lsp/static/661.bd239b6ff6d2fd9fcb36.js?v=bd239b6ff6d2fd9fcb36:0
[    9599ms] [WARNING] Could not get context @ https://kkb-production.jupyter-proxy.kaggle.net/static/dist/jupyterlab/v-dd191da75eaf47ebd98e8d4b4aa37398/lab/extensions/@jupyter-lsp/jupyterlab-lsp/static/661.bd239b6ff6d2fd9fcb36.js?v=bd239b6ff6d2fd9fcb36:0
[    9599ms] [WARNING] Could not retrieve current context null @ https://kkb-production.jupyter-proxy.kaggle.net/static/dist/jupyterlab/v-dd191da75eaf47ebd98e8d4b4aa37398/lab/extensions/@jupyter-lsp/jupyterlab-lsp/static/661.bd239b6ff6d2fd9fcb36.js?v=bd239b6ff6d2fd9fcb36:0
[    9599ms] [WARNING] Could not get context @ https://kkb-production.jupyter-proxy.kaggle.net/static/dist/jupyterlab/v-dd191da75eaf47ebd98e8d4b4aa37398/lab/extensions/@jupyter-lsp/jupyterlab-lsp/static/661.bd239b6ff6d2fd9fcb36.js?v=bd239b6ff6d2fd9fcb36:0
[    9603ms] [ERROR] WebSocket connection to 'wss://kkb-production.jupyter-proxy.kaggle.net/api/events/subscribe' failed: Error during WebSocket handshake: Unexpected response code: 404 @ https://kkb-production.jupyter-proxy.kaggle.net/static/dist/jupyterlab/v-dd191da75eaf47ebd98e8d4b4aa37398/notebook/3676.bundle.js:0
[    9604ms] [WARNING] Could not retrieve current context null @ https://kkb-production.jupyter-proxy.kaggle.net/static/dist/jupyterlab/v-dd191da75eaf47ebd98e8d4b4aa37398/lab/extensions/@jupyter-lsp/jupyterlab-lsp/static/661.bd239b6ff6d2fd9fcb36.js?v=bd239b6ff6d2fd9fcb36:0
[    9605ms] [WARNING] Could not retrieve current context null @ https://kkb-production.jupyter-proxy.kaggle.net/static/dist/jupyterlab/v-dd191da75eaf47ebd98e8d4b4aa37398/lab/extensions/@jupyter-lsp/jupyterlab-lsp/static/661.bd239b6ff6d2fd9fcb36.js?v=bd239b6ff6d2fd9fcb36:0
[    9605ms] [WARNING] Could not get context @ https://kkb-production.jupyter-proxy.kaggle.net/static/dist/jupyterlab/v-dd191da75eaf47ebd98e8d4b4aa37398/lab/extensions/@jupyter-lsp/jupyterlab-lsp/static/661.bd239b6ff6d2fd9fcb36.js?v=bd239b6ff6d2fd9fcb36:0
[    9605ms] [WARNING] Could not retrieve current context null @ https://kkb-production.jupyter-proxy.kaggle.net/static/dist/jupyterlab/v-dd191da75eaf47ebd98e8d4b4aa37398/lab/extensions/@jupyter-lsp/jupyterlab-lsp/static/661.bd239b6ff6d2fd9fcb36.js?v=bd239b6ff6d2fd9fcb36:0
[    9605ms] [WARNING] Could not get context @ https://kkb-production.jupyter-proxy.kaggle.net/static/dist/jupyterlab/v-dd191da75eaf47ebd98e8d4b4aa37398/lab/extensions/@jupyter-lsp/jupyterlab-lsp/static/661.bd239b6ff6d2fd9fcb36.js?v=bd239b6ff6d2fd9fcb36:0
[    9605ms] [WARNING] Could not retrieve current context null @ https://kkb-production.jupyter-proxy.kaggle.net/static/dist/jupyterlab/v-dd191da75eaf47ebd98e8d4b4aa37398/lab/extensions/@jupyter-lsp/jupyterlab-lsp/static/661.bd239b6ff6d2fd9fcb36.js?v=bd239b6ff6d2fd9fcb36:0
[    9605ms] [WARNING] Could not get context @ https://kkb-production.jupyter-proxy.kaggle.net/static/dist/jupyterlab/v-dd191da75eaf47ebd98e8d4b4aa37398/lab/extensions/@jupyter-lsp/jupyterlab-lsp/static/661.bd239b6ff6d2fd9fcb36.js?v=bd239b6ff6d2fd9fcb36:0
[    9610ms] Error: Handler not found for Jupyter API interception: GET - https://kkb-production.jupyter-proxy.kaggle.net/lab/api/settings/@jupyter-widgets/jupyterlab-manager:plugin?1788450577641
    at https://kkb-production.jupyter-proxy.kaggle.net/static/assets/jupyterlabinjected.ff1d8bc85b5850c7.js?208f6b4441b61cce:7:615419
[    9612ms] Error: Handler not found for Jupyter API interception: GET - https://kkb-production.jupyter-proxy.kaggle.net/lab/api/settings/@jupyterlab/completer-extension:inline-completer?1788450577643
    at https://kkb-production.jupyter-proxy.kaggle.net/static/assets/jupyterlabinjected.ff1d8bc85b5850c7.js?208f6b4441b61cce:7:615419
[    9646ms] [WARNING] Could not retrieve current context null @ https://kkb-production.jupyter-proxy.kaggle.net/static/dist/jupyterlab/v-dd191da75eaf47ebd98e8d4b4aa37398/lab/extensions/@jupyter-lsp/jupyterlab-lsp/static/661.bd239b6ff6d2fd9fcb36.js?v=bd239b6ff6d2fd9fcb36:0
[    9647ms] [WARNING] Could not retrieve current context null @ https://kkb-production.jupyter-proxy.kaggle.net/static/dist/jupyterlab/v-dd191da75eaf47ebd98e8d4b4aa37398/lab/extensions/@jupyter-lsp/jupyterlab-lsp/static/661.bd239b6ff6d2fd9fcb36.js?v=bd239b6ff6d2fd9fcb36:0
[    9647ms] [WARNING] Could not get context @ https://kkb-production.jupyter-proxy.kaggle.net/static/dist/jupyterlab/v-dd191da75eaf47ebd98e8d4b4aa37398/lab/extensions/@jupyter-lsp/jupyterlab-lsp/static/661.bd239b6ff6d2fd9fcb36.js?v=bd239b6ff6d2fd9fcb36:0
[    9647ms] [WARNING] Could not retrieve current context null @ https://kkb-production.jupyter-proxy.kaggle.net/static/dist/jupyterlab/v-dd191da75eaf47ebd98e8d4b4aa37398/lab/extensions/@jupyter-lsp/jupyterlab-lsp/static/661.bd239b6ff6d2fd9fcb36.js?v=bd239b6ff6d2fd9fcb36:0
[    9647ms] [WARNING] Could not get context @ https://kkb-production.jupyter-proxy.kaggle.net/static/dist/jupyterlab/v-dd191da75eaf47ebd98e8d4b4aa37398/lab/extensions/@jupyter-lsp/jupyterlab-lsp/static/661.bd239b6ff6d2fd9fcb36.js?v=bd239b6ff6d2fd9fcb36:0
[    9647ms] [WARNING] Could not retrieve current context null @ https://kkb-production.jupyter-proxy.kaggle.net/static/dist/jupyterlab/v-dd191da75eaf47ebd98e8d4b4aa37398/lab/extensions/@jupyter-lsp/jupyterlab-lsp/static/661.bd239b6ff6d2fd9fcb36.js?v=bd239b6ff6d2fd9fcb36:0
[    9647ms] [WARNING] Could not get context @ https://kkb-production.jupyter-proxy.kaggle.net/static/dist/jupyterlab/v-dd191da75eaf47ebd98e8d4b4aa37398/lab/extensions/@jupyter-lsp/jupyterlab-lsp/static/661.bd239b6ff6d2fd9fcb36.js?v=bd239b6ff6d2fd9fcb36:0
[    9671ms] [WARNING] Could not retrieve current context null @ https://kkb-production.jupyter-proxy.kaggle.net/static/dist/jupyterlab/v-dd191da75eaf47ebd98e8d4b4aa37398/lab/extensions/@jupyter-lsp/jupyterlab-lsp/static/661.bd239b6ff6d2fd9fcb36.js?v=bd239b6ff6d2fd9fcb36:0
[    9672ms] [WARNING] Could not retrieve current context null @ https://kkb-production.jupyter-proxy.kaggle.net/static/dist/jupyterlab/v-dd191da75eaf47ebd98e8d4b4aa37398/lab/extensions/@jupyter-lsp/jupyterlab-lsp/static/661.bd239b6ff6d2fd9fcb36.js?v=bd239b6ff6d2fd9fcb36:0
[    9672ms] [WARNING] Could not get context @ https://kkb-production.jupyter-proxy.kaggle.net/static/dist/jupyterlab/v-dd191da75eaf47ebd98e8d4b4aa37398/lab/extensions/@jupyter-lsp/jupyterlab-lsp/static/661.bd239b6ff6d2fd9fcb36.js?v=bd239b6ff6d2fd9fcb36:0
[    9672ms] [WARNING] Could not retrieve current context null @ https://kkb-production.jupyter-proxy.kaggle.net/static/dist/jupyterlab/v-dd191da75eaf47ebd98e8d4b4aa37398/lab/extensions/@jupyter-lsp/jupyterlab-lsp/static/661.bd239b6ff6d2fd9fcb36.js?v=bd239b6ff6d2fd9fcb36:0
[    9672ms] [WARNING] Could not get context @ https://kkb-production.jupyter-proxy.kaggle.net/static/dist/jupyterlab/v-dd191da75eaf47ebd98e8d4b4aa37398/lab/extensions/@jupyter-lsp/jupyterlab-lsp/static/661.bd239b6ff6d2fd9fcb36.js?v=bd239b6ff6d2fd9fcb36:0
[    9672ms] [WARNING] Could not retrieve current context null @ https://kkb-production.jupyter-proxy.kaggle.net/static/dist/jupyterlab/v-dd191da75eaf47ebd98e8d4b4aa37398/lab/extensions/@jupyter-lsp/jupyterlab-lsp/static/661.bd239b6ff6d2fd9fcb36.js?v=bd239b6ff6d2fd9fcb36:0
[    9672ms] [WARNING] Could not get context @ https://kkb-production.jupyter-proxy.kaggle.net/static/dist/jupyterlab/v-dd191da75eaf47ebd98e8d4b4aa37398/lab/extensions/@jupyter-lsp/jupyterlab-lsp/static/661.bd239b6ff6d2fd9fcb36.js?v=bd239b6ff6d2fd9fcb36:0
[    9687ms] [LOG] Editor not found in _editorToSourceLine map @ https://kkb-production.jupyter-proxy.kaggle.net/static/dist/jupyterlab/v-dd191da75eaf47ebd98e8d4b4aa37398/notebook/3512.bundle.js:0
[    9687ms] [WARNING] Could not retrieve current context P @ https://kkb-production.jupyter-proxy.kaggle.net/static/dist/jupyterlab/v-dd191da75eaf47ebd98e8d4b4aa37398/lab/extensions/@jupyter-lsp/jupyterlab-lsp/static/661.bd239b6ff6d2fd9fcb36.js?v=bd239b6ff6d2fd9fcb36:0
[    9688ms] [LOG] Editor not found in _editorToSourceLine map @ https://kkb-production.jupyter-proxy.kaggle.net/static/dist/jupyterlab/v-dd191da75eaf47ebd98e8d4b4aa37398/notebook/3512.bundle.js:0
[    9688ms] [WARNING] Could not retrieve current context P @ https://kkb-production.jupyter-proxy.kaggle.net/static/dist/jupyterlab/v-dd191da75eaf47ebd98e8d4b4aa37398/lab/extensions/@jupyter-lsp/jupyterlab-lsp/static/661.bd239b6ff6d2fd9fcb36.js?v=bd239b6ff6d2fd9fcb36:0
[    9689ms] [WARNING] Could not get context @ https://kkb-production.jupyter-proxy.kaggle.net/static/dist/jupyterlab/v-dd191da75eaf47ebd98e8d4b4aa37398/lab/extensions/@jupyter-lsp/jupyterlab-lsp/static/661.bd239b6ff6d2fd9fcb36.js?v=bd239b6ff6d2fd9fcb36:0
[    9689ms] [LOG] Editor not found in _editorToSourceLine map @ https://kkb-production.jupyter-proxy.kaggle.net/static/dist/jupyterlab/v-dd191da75eaf47ebd98e8d4b4aa37398/notebook/3512.bundle.js:0
[    9689ms] [WARNING] Could not retrieve current context P @ https://kkb-production.jupyter-proxy.kaggle.net/static/dist/jupyterlab/v-dd191da75eaf47ebd98e8d4b4aa37398/lab/extensions/@jupyter-lsp/jupyterlab-lsp/static/661.bd239b6ff6d2fd9fcb36.js?v=bd239b6ff6d2fd9fcb36:0
[    9689ms] [WARNING] Could not get context @ https://kkb-production.jupyter-proxy.kaggle.net/static/dist/jupyterlab/v-dd191da75eaf47ebd98e8d4b4aa37398/lab/extensions/@jupyter-lsp/jupyterlab-lsp/static/661.bd239b6ff6d2fd9fcb36.js?v=bd239b6ff6d2fd9fcb36:0
[    9689ms] [LOG] Editor not found in _editorToSourceLine map @ https://kkb-production.jupyter-proxy.kaggle.net/static/dist/jupyterlab/v-dd191da75eaf47ebd98e8d4b4aa37398/notebook/3512.bundle.js:0
[    9689ms] [WARNING] Could not retrieve current context P @ https://kkb-production.jupyter-proxy.kaggle.net/static/dist/jupyterlab/v-dd191da75eaf47ebd98e8d4b4aa37398/lab/extensions/@jupyter-lsp/jupyterlab-lsp/static/661.bd239b6ff6d2fd9fcb36.js?v=bd239b6ff6d2fd9fcb36:0
[    9689ms] [WARNING] Could not get context @ https://kkb-production.jupyter-proxy.kaggle.net/static/dist/jupyterlab/v-dd191da75eaf47ebd98e8d4b4aa37398/lab/extensions/@jupyter-lsp/jupyterlab-lsp/static/661.bd239b6ff6d2fd9fcb36.js?v=bd239b6ff6d2fd9fcb36:0
[    9693ms] [LOG] LSP Initialized @ https://kkb-production.jupyter-proxy.kaggle.net/static/assets/jupyterlabinjected.ff1d8bc85b5850c7.js?208f6b4441b61cce:9
[    9775ms] Error: Unexpected result from Jupyter API interception: PUT - https://kkb-production.jupyter-proxy.kaggle.net/lab/api/settings/@jupyterlab/docmanager-extension:plugin?1788450577771 {"status":500,"statusText":"","text":"'PUT' not implemented for this handler","headers":{"content-type":"text/plain;charset=UTF-8"}}
    at https://kkb-production.jupyter-proxy.kaggle.net/static/assets/jupyterlabinjected.ff1d8bc85b5850c7.js?208f6b4441b61cce:7:615559
[    9775ms] Error: Unexpected result from Jupyter API interception: PUT - https://kkb-production.jupyter-proxy.kaggle.net/lab/api/settings/@jupyterlab/docmanager-extension:plugin?1788450577772 {"status":500,"statusText":"","text":"'PUT' not implemented for this handler","headers":{"content-type":"text/plain;charset=UTF-8"}}
    at https://kkb-production.jupyter-proxy.kaggle.net/static/assets/jupyterlabinjected.ff1d8bc85b5850c7.js?208f6b4441b61cce:7:615559
[    9796ms] [LOG] Editor not found in _editorToSourceLine map @ https://kkb-production.jupyter-proxy.kaggle.net/static/dist/jupyterlab/v-dd191da75eaf47ebd98e8d4b4aa37398/notebook/3512.bundle.js:0
[    9796ms] [WARNING] Could not retrieve current context P @ https://kkb-production.jupyter-proxy.kaggle.net/static/dist/jupyterlab/v-dd191da75eaf47ebd98e8d4b4aa37398/lab/extensions/@jupyter-lsp/jupyterlab-lsp/static/661.bd239b6ff6d2fd9fcb36.js?v=bd239b6ff6d2fd9fcb36:0
[    9797ms] [LOG] Editor not found in _editorToSourceLine map @ https://kkb-production.jupyter-proxy.kaggle.net/static/dist/jupyterlab/v-dd191da75eaf47ebd98e8d4b4aa37398/notebook/3512.bundle.js:0
[    9798ms] [WARNING] Could not retrieve current context P @ https://kkb-production.jupyter-proxy.kaggle.net/static/dist/jupyterlab/v-dd191da75eaf47ebd98e8d4b4aa37398/lab/extensions/@jupyter-lsp/jupyterlab-lsp/static/661.bd239b6ff6d2fd9fcb36.js?v=bd239b6ff6d2fd9fcb36:0
[    9798ms] [WARNING] Could not get context @ https://kkb-production.jupyter-proxy.kaggle.net/static/dist/jupyterlab/v-dd191da75eaf47ebd98e8d4b4aa37398/lab/extensions/@jupyter-lsp/jupyterlab-lsp/static/661.bd239b6ff6d2fd9fcb36.js?v=bd239b6ff6d2fd9fcb36:0
[    9798ms] [LOG] Editor not found in _editorToSourceLine map @ https://kkb-production.jupyter-proxy.kaggle.net/static/dist/jupyterlab/v-dd191da75eaf47ebd98e8d4b4aa37398/notebook/3512.bundle.js:0
[    9798ms] [WARNING] Could not retrieve current context P @ https://kkb-production.jupyter-proxy.kaggle.net/static/dist/jupyterlab/v-dd191da75eaf47ebd98e8d4b4aa37398/lab/extensions/@jupyter-lsp/jupyterlab-lsp/static/661.bd239b6ff6d2fd9fcb36.js?v=bd239b6ff6d2fd9fcb36:0
[    9798ms] [WARNING] Could not get context @ https://kkb-production.jupyter-proxy.kaggle.net/static/dist/jupyterlab/v-dd191da75eaf47ebd98e8d4b4aa37398/lab/extensions/@jupyter-lsp/jupyterlab-lsp/static/661.bd239b6ff6d2fd9fcb36.js?v=bd239b6ff6d2fd9fcb36:0
[    9798ms] [LOG] Editor not found in _editorToSourceLine map @ https://kkb-production.jupyter-proxy.kaggle.net/static/dist/jupyterlab/v-dd191da75eaf47ebd98e8d4b4aa37398/notebook/3512.bundle.js:0
[    9798ms] [WARNING] Could not retrieve current context P @ https://kkb-production.jupyter-proxy.kaggle.net/static/dist/jupyterlab/v-dd191da75eaf47ebd98e8d4b4aa37398/lab/extensions/@jupyter-lsp/jupyterlab-lsp/static/661.bd239b6ff6d2fd9fcb36.js?v=bd239b6ff6d2fd9fcb36:0
[    9798ms] [WARNING] Could not get context @ https://kkb-production.jupyter-proxy.kaggle.net/static/dist/jupyterlab/v-dd191da75eaf47ebd98e8d4b4aa37398/lab/extensions/@jupyter-lsp/jupyterlab-lsp/static/661.bd239b6ff6d2fd9fcb36.js?v=bd239b6ff6d2fd9fcb36:0
[   10145ms] [LOG] Editor not found in _editorToSourceLine map @ https://kkb-production.jupyter-proxy.kaggle.net/static/dist/jupyterlab/v-dd191da75eaf47ebd98e8d4b4aa37398/notebook/3512.bundle.js:0
[   10145ms] [WARNING] Could not retrieve current context P @ https://kkb-production.jupyter-proxy.kaggle.net/static/dist/jupyterlab/v-dd191da75eaf47ebd98e8d4b4aa37398/lab/extensions/@jupyter-lsp/jupyterlab-lsp/static/661.bd239b6ff6d2fd9fcb36.js?v=bd239b6ff6d2fd9fcb36:0
[   10146ms] [LOG] Editor not found in _editorToSourceLine map @ https://kkb-production.jupyter-proxy.kaggle.net/static/dist/jupyterlab/v-dd191da75eaf47ebd98e8d4b4aa37398/notebook/3512.bundle.js:0
[   10146ms] [WARNING] Could not retrieve current context P @ https://kkb-production.jupyter-proxy.kaggle.net/static/dist/jupyterlab/v-dd191da75eaf47ebd98e8d4b4aa37398/lab/extensions/@jupyter-lsp/jupyterlab-lsp/static/661.bd239b6ff6d2fd9fcb36.js?v=bd239b6ff6d2fd9fcb36:0
[   10147ms] [WARNING] Could not get context @ https://kkb-production.jupyter-proxy.kaggle.net/static/dist/jupyterlab/v-dd191da75eaf47ebd98e8d4b4aa37398/lab/extensions/@jupyter-lsp/jupyterlab-lsp/static/661.bd239b6ff6d2fd9fcb36.js?v=bd239b6ff6d2fd9fcb36:0
[   10147ms] [LOG] Editor not found in _editorToSourceLine map @ https://kkb-production.jupyter-proxy.kaggle.net/static/dist/jupyterlab/v-dd191da75eaf47ebd98e8d4b4aa37398/notebook/3512.bundle.js:0
[   10147ms] [WARNING] Could not retrieve current context P @ https://kkb-production.jupyter-proxy.kaggle.net/static/dist/jupyterlab/v-dd191da75eaf47ebd98e8d4b4aa37398/lab/extensions/@jupyter-lsp/jupyterlab-lsp/static/661.bd239b6ff6d2fd9fcb36.js?v=bd239b6ff6d2fd9fcb36:0
[   10147ms] [WARNING] Could not get context @ https://kkb-production.jupyter-proxy.kaggle.net/static/dist/jupyterlab/v-dd191da75eaf47ebd98e8d4b4aa37398/lab/extensions/@jupyter-lsp/jupyterlab-lsp/static/661.bd239b6ff6d2fd9fcb36.js?v=bd239b6ff6d2fd9fcb36:0
[   10147ms] [LOG] Editor not found in _editorToSourceLine map @ https://kkb-production.jupyter-proxy.kaggle.net/static/dist/jupyterlab/v-dd191da75eaf47ebd98e8d4b4aa37398/notebook/3512.bundle.js:0
[   10147ms] [WARNING] Could not retrieve current context P @ https://kkb-production.jupyter-proxy.kaggle.net/static/dist/jupyterlab/v-dd191da75eaf47ebd98e8d4b4aa37398/lab/extensions/@jupyter-lsp/jupyterlab-lsp/static/661.bd239b6ff6d2fd9fcb36.js?v=bd239b6ff6d2fd9fcb36:0
[   10147ms] [WARNING] Could not get context @ https://kkb-production.jupyter-proxy.kaggle.net/static/dist/jupyterlab/v-dd191da75eaf47ebd98e8d4b4aa37398/lab/extensions/@jupyter-lsp/jupyterlab-lsp/static/661.bd239b6ff6d2fd9fcb36.js?v=bd239b6ff6d2fd9fcb36:0
[   10421ms] [ERROR] WebSocket connection to 'wss://kkb-production.jupyter-proxy.kaggle.net/api/events/subscribe' failed: Error during WebSocket handshake: Unexpected response code: 404 @ https://kkb-production.jupyter-proxy.kaggle.net/static/dist/jupyterlab/v-dd191da75eaf47ebd98e8d4b4aa37398/notebook/3676.bundle.js:0
[   10621ms] [LOG] Editor not found in _editorToSourceLine map @ https://kkb-production.jupyter-proxy.kaggle.net/static/dist/jupyterlab/v-dd191da75eaf47ebd98e8d4b4aa37398/notebook/3512.bundle.js:0
[   10622ms] [WARNING] Could not retrieve current context P @ https://kkb-production.jupyter-proxy.kaggle.net/static/dist/jupyterlab/v-dd191da75eaf47ebd98e8d4b4aa37398/lab/extensions/@jupyter-lsp/jupyterlab-lsp/static/661.bd239b6ff6d2fd9fcb36.js?v=bd239b6ff6d2fd9fcb36:0
[   10623ms] [LOG] Editor not found in _editorToSourceLine map @ https://kkb-production.jupyter-proxy.kaggle.net/static/dist/jupyterlab/v-dd191da75eaf47ebd98e8d4b4aa37398/notebook/3512.bundle.js:0
[   10623ms] [WARNING] Could not retrieve current context P @ https://kkb-production.jupyter-proxy.kaggle.net/static/dist/jupyterlab/v-dd191da75eaf47ebd98e8d4b4aa37398/lab/extensions/@jupyter-lsp/jupyterlab-lsp/static/661.bd239b6ff6d2fd9fcb36.js?v=bd239b6ff6d2fd9fcb36:0
[   10623ms] [WARNING] Could not get context @ https://kkb-production.jupyter-proxy.kaggle.net/static/dist/jupyterlab/v-dd191da75eaf47ebd98e8d4b4aa37398/lab/extensions/@jupyter-lsp/jupyterlab-lsp/static/661.bd239b6ff6d2fd9fcb36.js?v=bd239b6ff6d2fd9fcb36:0
[   10624ms] [LOG] Editor not found in _editorToSourceLine map @ https://kkb-production.jupyter-proxy.kaggle.net/static/dist/jupyterlab/v-dd191da75eaf47ebd98e8d4b4aa37398/notebook/3512.bundle.js:0
[   10624ms] [WARNING] Could not retrieve current context P @ https://kkb-production.jupyter-proxy.kaggle.net/static/dist/jupyterlab/v-dd191da75eaf47ebd98e8d4b4aa37398/lab/extensions/@jupyter-lsp/jupyterlab-lsp/static/661.bd239b6ff6d2fd9fcb36.js?v=bd239b6ff6d2fd9fcb36:0
[   10624ms] [WARNING] Could not get context @ https://kkb-production.jupyter-proxy.kaggle.net/static/dist/jupyterlab/v-dd191da75eaf47ebd98e8d4b4aa37398/lab/extensions/@jupyter-lsp/jupyterlab-lsp/static/661.bd239b6ff6d2fd9fcb36.js?v=bd239b6ff6d2fd9fcb36:0
[   10624ms] [LOG] Editor not found in _editorToSourceLine map @ https://kkb-production.jupyter-proxy.kaggle.net/static/dist/jupyterlab/v-dd191da75eaf47ebd98e8d4b4aa37398/notebook/3512.bundle.js:0
[   10624ms] [WARNING] Could not retrieve current context P @ https://kkb-production.jupyter-proxy.kaggle.net/static/dist/jupyterlab/v-dd191da75eaf47ebd98e8d4b4aa37398/lab/extensions/@jupyter-lsp/jupyterlab-lsp/static/661.bd239b6ff6d2fd9fcb36.js?v=bd239b6ff6d2fd9fcb36:0
[   10624ms] [WARNING] Could not get context @ https://kkb-production.jupyter-proxy.kaggle.net/static/dist/jupyterlab/v-dd191da75eaf47ebd98e8d4b4aa37398/lab/extensions/@jupyter-lsp/jupyterlab-lsp/static/661.bd239b6ff6d2fd9fcb36.js?v=bd239b6ff6d2fd9fcb36:0
[   10646ms] NotFoundError: Failed to execute 'removeChild' on 'Node': The node to be removed is not a child of this node.
    at https://kkb-production.jupyter-proxy.kaggle.net/static/dist/jupyterlab/v-dd191da75eaf47ebd98e8d4b4aa37398/notebook/8579.bundle.js:1:6402
[   10675ms] [LOG] Editor not found in _editorToSourceLine map @ https://kkb-production.jupyter-proxy.kaggle.net/static/dist/jupyterlab/v-dd191da75eaf47ebd98e8d4b4aa37398/notebook/3512.bundle.js:0
[   10676ms] [WARNING] Could not retrieve current context P @ https://kkb-production.jupyter-proxy.kaggle.net/static/dist/jupyterlab/v-dd191da75eaf47ebd98e8d4b4aa37398/lab/extensions/@jupyter-lsp/jupyterlab-lsp/static/661.bd239b6ff6d2fd9fcb36.js?v=bd239b6ff6d2fd9fcb36:0
[   10677ms] [LOG] Editor not found in _editorToSourceLine map @ https://kkb-production.jupyter-proxy.kaggle.net/static/dist/jupyterlab/v-dd191da75eaf47ebd98e8d4b4aa37398/notebook/3512.bundle.js:0
[   10677ms] [WARNING] Could not retrieve current context P @ https://kkb-production.jupyter-proxy.kaggle.net/static/dist/jupyterlab/v-dd191da75eaf47ebd98e8d4b4aa37398/lab/extensions/@jupyter-lsp/jupyterlab-lsp/static/661.bd239b6ff6d2fd9fcb36.js?v=bd239b6ff6d2fd9fcb36:0
[   10677ms] [WARNING] Could not get context @ https://kkb-production.jupyter-proxy.kaggle.net/static/dist/jupyterlab/v-dd191da75eaf47ebd98e8d4b4aa37398/lab/extensions/@jupyter-lsp/jupyterlab-lsp/static/661.bd239b6ff6d2fd9fcb36.js?v=bd239b6ff6d2fd9fcb36:0
[   10677ms] [LOG] Editor not found in _editorToSourceLine map @ https://kkb-production.jupyter-proxy.kaggle.net/static/dist/jupyterlab/v-dd191da75eaf47ebd98e8d4b4aa37398/notebook/3512.bundle.js:0
[   10677ms] [WARNING] Could not retrieve current context P @ https://kkb-production.jupyter-proxy.kaggle.net/static/dist/jupyterlab/v-dd191da75eaf47ebd98e8d4b4aa37398/lab/extensions/@jupyter-lsp/jupyterlab-lsp/static/661.bd239b6ff6d2fd9fcb36.js?v=bd239b6ff6d2fd9fcb36:0
[   10678ms] [WARNING] Could not get context @ https://kkb-production.jupyter-proxy.kaggle.net/static/dist/jupyterlab/v-dd191da75eaf47ebd98e8d4b4aa37398/lab/extensions/@jupyter-lsp/jupyterlab-lsp/static/661.bd239b6ff6d2fd9fcb36.js?v=bd239b6ff6d2fd9fcb36:0
[   10678ms] [LOG] Editor not found in _editorToSourceLine map @ https://kkb-production.jupyter-proxy.kaggle.net/static/dist/jupyterlab/v-dd191da75eaf47ebd98e8d4b4aa37398/notebook/3512.bundle.js:0
[   10678ms] [WARNING] Could not retrieve current context P @ https://kkb-production.jupyter-proxy.kaggle.net/static/dist/jupyterlab/v-dd191da75eaf47ebd98e8d4b4aa37398/lab/extensions/@jupyter-lsp/jupyterlab-lsp/static/661.bd239b6ff6d2fd9fcb36.js?v=bd239b6ff6d2fd9fcb36:0
[   10678ms] [WARNING] Could not get context @ https://kkb-production.jupyter-proxy.kaggle.net/static/dist/jupyterlab/v-dd191da75eaf47ebd98e8d4b4aa37398/lab/extensions/@jupyter-lsp/jupyterlab-lsp/static/661.bd239b6ff6d2fd9fcb36.js?v=bd239b6ff6d2fd9fcb36:0
[   10760ms] TypeError: Cannot read properties of null (reading 'onAfterShow')
    at _5 (https://kkb-production.jupyter-proxy.kaggle.net/static/assets/jupyterlabinjected.ff1d8bc85b5850c7.js?208f6b4441b61cce:10:359228)
    at https://kkb-production.jupyter-proxy.kaggle.net/static/assets/jupyterlabinjected.ff1d8bc85b5850c7.js?208f6b4441b61cce:10:361290
    at Array.forEach (<anonymous>)
    at https://kkb-production.jupyter-proxy.kaggle.net/static/assets/jupyterlabinjected.ff1d8bc85b5850c7.js?208f6b4441b61cce:10:361262
    at u (https://kkb-production.jupyter-proxy.kaggle.net/static/assets/jupyterlabinjected.ff1d8bc85b5850c7.js?208f6b4441b61cce:10:360733)
    at Object.<anonymous> (https://kkb-production.jupyter-proxy.kaggle.net/static/assets/jupyterlabinjected.ff1d8bc85b5850c7.js?208f6b4441b61cce:10:360020)
    at _6 (https://kkb-production.jupyter-proxy.kaggle.net/static/assets/jupyterlabinjected.ff1d8bc85b5850c7.js?208f6b4441b61cce:10:359340)
    at s (https://kkb-production.jupyter-proxy.kaggle.net/static/assets/jupyterlabinjected.ff1d8bc85b5850c7.js?208f6b4441b61cce:10:359538)
[   10873ms] [LOG] Editor not found in _editorToSourceLine map @ https://kkb-production.jupyter-proxy.kaggle.net/static/dist/jupyterlab/v-dd191da75eaf47ebd98e8d4b4aa37398/notebook/3512.bundle.js:0
[   10873ms] [WARNING] Could not retrieve current context P @ https://kkb-production.jupyter-proxy.kaggle.net/static/dist/jupyterlab/v-dd191da75eaf47ebd98e8d4b4aa37398/lab/extensions/@jupyter-lsp/jupyterlab-lsp/static/661.bd239b6ff6d2fd9fcb36.js?v=bd239b6ff6d2fd9fcb36:0
[   10874ms] [LOG] Editor not found in _editorToSourceLine map @ https://kkb-production.jupyter-proxy.kaggle.net/static/dist/jupyterlab/v-dd191da75eaf47ebd98e8d4b4aa37398/notebook/3512.bundle.js:0
[   10874ms] [WARNING] Could not retrieve current context P @ https://kkb-production.jupyter-proxy.kaggle.net/static/dist/jupyterlab/v-dd191da75eaf47ebd98e8d4b4aa37398/lab/extensions/@jupyter-lsp/jupyterlab-lsp/static/661.bd239b6ff6d2fd9fcb36.js?v=bd239b6ff6d2fd9fcb36:0
[   10875ms] [WARNING] Could not get context @ https://kkb-production.jupyter-proxy.kaggle.net/static/dist/jupyterlab/v-dd191da75eaf47ebd98e8d4b4aa37398/lab/extensions/@jupyter-lsp/jupyterlab-lsp/static/661.bd239b6ff6d2fd9fcb36.js?v=bd239b6ff6d2fd9fcb36:0
[   10875ms] [LOG] Editor not found in _editorToSourceLine map @ https://kkb-production.jupyter-proxy.kaggle.net/static/dist/jupyterlab/v-dd191da75eaf47ebd98e8d4b4aa37398/notebook/3512.bundle.js:0
[   10875ms] [WARNING] Could not retrieve current context P @ https://kkb-production.jupyter-proxy.kaggle.net/static/dist/jupyterlab/v-dd191da75eaf47ebd98e8d4b4aa37398/lab/extensions/@jupyter-lsp/jupyterlab-lsp/static/661.bd239b6ff6d2fd9fcb36.js?v=bd239b6ff6d2fd9fcb36:0
[   10875ms] [WARNING] Could not get context @ https://kkb-production.jupyter-proxy.kaggle.net/static/dist/jupyterlab/v-dd191da75eaf47ebd98e8d4b4aa37398/lab/extensions/@jupyter-lsp/jupyterlab-lsp/static/661.bd239b6ff6d2fd9fcb36.js?v=bd239b6ff6d2fd9fcb36:0
[   10875ms] [LOG] Editor not found in _editorToSourceLine map @ https://kkb-production.jupyter-proxy.kaggle.net/static/dist/jupyterlab/v-dd191da75eaf47ebd98e8d4b4aa37398/notebook/3512.bundle.js:0
[   10875ms] [WARNING] Could not retrieve current context P @ https://kkb-production.jupyter-proxy.kaggle.net/static/dist/jupyterlab/v-dd191da75eaf47ebd98e8d4b4aa37398/lab/extensions/@jupyter-lsp/jupyterlab-lsp/static/661.bd239b6ff6d2fd9fcb36.js?v=bd239b6ff6d2fd9fcb36:0
[   10875ms] [WARNING] Could not get context @ https://kkb-production.jupyter-proxy.kaggle.net/static/dist/jupyterlab/v-dd191da75eaf47ebd98e8d4b4aa37398/lab/extensions/@jupyter-lsp/jupyterlab-lsp/static/661.bd239b6ff6d2fd9fcb36.js?v=bd239b6ff6d2fd9fcb36:0
[   10887ms] [LOG] Editor not found in _editorToSourceLine map @ https://kkb-production.jupyter-proxy.kaggle.net/static/dist/jupyterlab/v-dd191da75eaf47ebd98e8d4b4aa37398/notebook/3512.bundle.js:0
[   10887ms] [WARNING] Could not retrieve current context P @ https://kkb-production.jupyter-proxy.kaggle.net/static/dist/jupyterlab/v-dd191da75eaf47ebd98e8d4b4aa37398/lab/extensions/@jupyter-lsp/jupyterlab-lsp/static/661.bd239b6ff6d2fd9fcb36.js?v=bd239b6ff6d2fd9fcb36:0
[   10888ms] [LOG] Editor not found in _editorToSourceLine map @ https://kkb-production.jupyter-proxy.kaggle.net/static/dist/jupyterlab/v-dd191da75eaf47ebd98e8d4b4aa37398/notebook/3512.bundle.js:0
[   10888ms] [WARNING] Could not retrieve current context P @ https://kkb-production.jupyter-proxy.kaggle.net/static/dist/jupyterlab/v-dd191da75eaf47ebd98e8d4b4aa37398/lab/extensions/@jupyter-lsp/jupyterlab-lsp/static/661.bd239b6ff6d2fd9fcb36.js?v=bd239b6ff6d2fd9fcb36:0
[   10888ms] [WARNING] Could not get context @ https://kkb-production.jupyter-proxy.kaggle.net/static/dist/jupyterlab/v-dd191da75eaf47ebd98e8d4b4aa37398/lab/extensions/@jupyter-lsp/jupyterlab-lsp/static/661.bd239b6ff6d2fd9fcb36.js?v=bd239b6ff6d2fd9fcb36:0
[   10888ms] [LOG] Editor not found in _editorToSourceLine map @ https://kkb-production.jupyter-proxy.kaggle.net/static/dist/jupyterlab/v-dd191da75eaf47ebd98e8d4b4aa37398/notebook/3512.bundle.js:0
[   10889ms] [WARNING] Could not retrieve current context P @ https://kkb-production.jupyter-proxy.kaggle.net/static/dist/jupyterlab/v-dd191da75eaf47ebd98e8d4b4aa37398/lab/extensions/@jupyter-lsp/jupyterlab-lsp/static/661.bd239b6ff6d2fd9fcb36.js?v=bd239b6ff6d2fd9fcb36:0
[   10889ms] [WARNING] Could not get context @ https://kkb-production.jupyter-proxy.kaggle.net/static/dist/jupyterlab/v-dd191da75eaf47ebd98e8d4b4aa37398/lab/extensions/@jupyter-lsp/jupyterlab-lsp/static/661.bd239b6ff6d2fd9fcb36.js?v=bd239b6ff6d2fd9fcb36:0
[   10889ms] [LOG] Editor not found in _editorToSourceLine map @ https://kkb-production.jupyter-proxy.kaggle.net/static/dist/jupyterlab/v-dd191da75eaf47ebd98e8d4b4aa37398/notebook/3512.bundle.js:0
[   10889ms] [WARNING] Could not retrieve current context P @ https://kkb-production.jupyter-proxy.kaggle.net/static/dist/jupyterlab/v-dd191da75eaf47ebd98e8d4b4aa37398/lab/extensions/@jupyter-lsp/jupyterlab-lsp/static/661.bd239b6ff6d2fd9fcb36.js?v=bd239b6ff6d2fd9fcb36:0
[   10889ms] [WARNING] Could not get context @ https://kkb-production.jupyter-proxy.kaggle.net/static/dist/jupyterlab/v-dd191da75eaf47ebd98e8d4b4aa37398/lab/extensions/@jupyter-lsp/jupyterlab-lsp/static/661.bd239b6ff6d2fd9fcb36.js?v=bd239b6ff6d2fd9fcb36:0
[   10973ms] TypeError: Cannot read properties of undefined (reading 'type')
    at be (https://kkb-production.jupyter-proxy.kaggle.net/static/dist/jupyterlab/v-dd191da75eaf47ebd98e8d4b4aa37398/notebook/374.bundle.js:1:120715)
    at https://kkb-production.jupyter-proxy.kaggle.net/static/dist/jupyterlab/v-dd191da75eaf47ebd98e8d4b4aa37398/notebook/374.bundle.js:1:119134
    at Array.forEach (<anonymous>)
    at l (https://kkb-production.jupyter-proxy.kaggle.net/static/dist/jupyterlab/v-dd191da75eaf47ebd98e8d4b4aa37398/notebook/374.bundle.js:1:119093)
    at c (https://kkb-production.jupyter-proxy.kaggle.net/static/dist/jupyterlab/v-dd191da75eaf47ebd98e8d4b4aa37398/notebook/374.bundle.js:1:120191)
    at a (https://kkb-production.jupyter-proxy.kaggle.net/static/dist/jupyterlab/v-dd191da75eaf47ebd98e8d4b4aa37398/notebook/409.bundle.js:1:2625)
    at e.emit (https://kkb-production.jupyter-proxy.kaggle.net/static/dist/jupyterlab/v-dd191da75eaf47ebd98e8d4b4aa37398/notebook/409.bundle.js:1:2354)
    at o.emit (https://kkb-production.jupyter-proxy.kaggle.net/static/dist/jupyterlab/v-dd191da75eaf47ebd98e8d4b4aa37398/notebook/409.bundle.js:1:334)
    at Ce._onCellInViewportChanged (https://kkb-production.jupyter-proxy.kaggle.net/static/dist/jupyterlab/v-dd191da75eaf47ebd98e8d4b4aa37398/notebook/374.bundle.js:1:74310)
    at a (https://kkb-production.jupyter-proxy.kaggle.net/static/dist/jupyterlab/v-dd191da75eaf47ebd98e8d4b4aa37398/notebook/409.bundle.js:1:2625)
[   11901ms] [ERROR] WebSocket connection to 'wss://kkb-production.jupyter-proxy.kaggle.net/api/events/subscribe' failed: Error during WebSocket handshake: Unexpected response code: 404 @ https://kkb-production.jupyter-proxy.kaggle.net/static/dist/jupyterlab/v-dd191da75eaf47ebd98e8d4b4aa37398/notebook/3676.bundle.js:0
[   14076ms] [ERROR] Failed to load resource: the server responded with a status of 409 () @ https://www.kaggle.com/api/i/kernels.KernelsService/UpdateKernelDraft:0
[   14976ms] [ERROR] WebSocket connection to 'wss://kkb-production.jupyter-proxy.kaggle.net/api/events/subscribe' failed: Error during WebSocket handshake: Unexpected response code: 404 @ https://kkb-production.jupyter-proxy.kaggle.net/static/dist/jupyterlab/v-dd191da75eaf47ebd98e8d4b4aa37398/notebook/3676.bundle.js:0
[   21638ms] [ERROR] WebSocket connection to 'wss://kkb-production.jupyter-proxy.kaggle.net/api/events/subscribe' failed: Error during WebSocket handshake: Unexpected response code: 404 @ https://kkb-production.jupyter-proxy.kaggle.net/static/dist/jupyterlab/v-dd191da75eaf47ebd98e8d4b4aa37398/notebook/3676.bundle.js:0
[   21710ms] [TABLE] [Object] @ https://kkb-production.jupyter-proxy.kaggle.net/static/assets/jupyterlabinjected.ff1d8bc85b5850c7.js?208f6b4441b61cce:9
[   21710ms] [TABLE] [o] @ https://kkb-production.jupyter-proxy.kaggle.net/static/assets/jupyterlabinjected.ff1d8bc85b5850c7.js?208f6b4441b61cce:9
[   36309ms] [ERROR] WebSocket connection to 'wss://kkb-production.jupyter-proxy.kaggle.net/api/events/subscribe' failed: Error during WebSocket handshake: Unexpected response code: 404 @ https://kkb-production.jupyter-proxy.kaggle.net/static/dist/jupyterlab/v-dd191da75eaf47ebd98e8d4b4aa37398/notebook/3676.bundle.js:0
[   43785ms] [ERROR] Failed to load resource: the server responded with a status of 400 () @ https://www.kaggle.com/api/i/kernels.KernelsService/UpdateKernelDraft:0
[   50251ms] [ERROR] WebSocket connection to 'wss://kkb-production.jupyter-proxy.kaggle.net/api/events/subscribe' failed: Error during WebSocket handshake: Unexpected response code: 404 @ https://kkb-production.jupyter-proxy.kaggle.net/static/dist/jupyterlab/v-dd191da75eaf47ebd98e8d4b4aa37398/notebook/3676.bundle.js:0
[  317415ms] [ERROR] WebSocket connection to 'wss://kkb-production.jupyter-proxy.kaggle.net/api/events/subscribe' failed: Error during WebSocket handshake: Unexpected response code: 404 @ https://kkb-production.jupyter-proxy.kaggle.net/static/dist/jupyterlab/v-dd191da75eaf47ebd98e8d4b4aa37398/notebook/3676.bundle.js:0
[  344107ms] [ERROR] WebSocket connection to 'wss://kkb-production.jupyter-proxy.kaggle.net/api/events/subscribe' failed: Error during WebSocket handshake: Unexpected response code: 404 @ https://kkb-production.jupyter-proxy.kaggle.net/static/dist/jupyterlab/v-dd191da75eaf47ebd98e8d4b4aa37398/notebook/3676.bundle.js:0
[  374707ms] [ERROR] WebSocket connection to 'wss://kkb-production.jupyter-proxy.kaggle.net/api/events/subscribe' failed: Error during WebSocket handshake: Unexpected response code: 404 @ https://kkb-production.jupyter-proxy.kaggle.net/static/dist/jupyterlab/v-dd191da75eaf47ebd98e8d4b4aa37398/notebook/3676.bundle.js:0
[  404979ms] [ERROR] WebSocket connection to 'wss://kkb-production.jupyter-proxy.kaggle.net/api/events/subscribe' failed: Error during WebSocket handshake: Unexpected response code: 404 @ https://kkb-production.jupyter-proxy.kaggle.net/static/dist/jupyterlab/v-dd191da75eaf47ebd98e8d4b4aa37398/notebook/3676.bundle.js:0
[  435188ms] [ERROR] WebSocket connection to 'wss://kkb-production.jupyter-proxy.kaggle.net/api/events/subscribe' failed: Error during WebSocket handshake: Unexpected response code: 404 @ https://kkb-production.jupyter-proxy.kaggle.net/static/dist/jupyterlab/v-dd191da75eaf47ebd98e8d4b4aa37398/notebook/3676.bundle.js:0
[  440584ms] [WARNING] TypeError: Cannot read properties of undefined (reading 'isReady')
    at Xt.getHover (https://kkb-production.jupyter-proxy.kaggle.net/static/dist/jupyterlab/v-dd191da75eaf47ebd98e8d4b4aa37398/lab/extensions/@jupyter-lsp/jupyterlab-lsp/static/661.bd239b6ff6d2fd9fcb36.js?v=bd239b6ff6d2fd9fcb36:1:121245)
    at r.factory [as _factory] (https://kkb-production.jupyter-proxy.kaggle.net/static/dist/jupyterlab/v-dd191da75eaf47ebd98e8d4b4aa37398/notebook/4271.bundle.js:1:4482)
    at r._execute (https://kkb-production.jupyter-proxy.kaggle.net/static/dist/jupyterlab/v-dd191da75eaf47ebd98e8d4b4aa37398/notebook/4271.bundle.js:1:3059)
    at https://kkb-production.jupyter-proxy.kaggle.net/static/dist/jupyterlab/v-dd191da75eaf47ebd98e8d4b4aa37398/notebook/4271.bundle.js:1:2510 @ :0
[  440585ms] [WARNING] TypeError: Cannot read properties of undefined (reading 'isReady')
    at Xt.getHover (https://kkb-production.jupyter-proxy.kaggle.net/static/dist/jupyterlab/v-dd191da75eaf47ebd98e8d4b4aa37398/lab/extensions/@jupyter-lsp/jupyterlab-lsp/static/661.bd239b6ff6d2fd9fcb36.js?v=bd239b6ff6d2fd9fcb36:1:121245)
    at r.factory [as _factory] (https://kkb-production.jupyter-proxy.kaggle.net/static/dist/jupyterlab/v-dd191da75eaf47ebd98e8d4b4aa37398/notebook/4271.bundle.js:1:4482)
    at r._execute (https://kkb-production.jupyter-proxy.kaggle.net/static/dist/jupyterlab/v-dd191da75eaf47ebd98e8d4b4aa37398/notebook/4271.bundle.js:1:3059)
    at https://kkb-production.jupyter-proxy.kaggle.net/static/dist/jupyterlab/v-dd191da75eaf47ebd98e8d4b4aa37398/notebook/4271.bundle.js:1:2510 @ :0
[  440585ms] [WARNING] TypeError: Cannot read properties of undefined (reading 'isReady')
    at Xt.getHover (https://kkb-production.jupyter-proxy.kaggle.net/static/dist/jupyterlab/v-dd191da75eaf47ebd98e8d4b4aa37398/lab/extensions/@jupyter-lsp/jupyterlab-lsp/static/661.bd239b6ff6d2fd9fcb36.js?v=bd239b6ff6d2fd9fcb36:1:121245)
    at r.factory [as _factory] (https://kkb-production.jupyter-proxy.kaggle.net/static/dist/jupyterlab/v-dd191da75eaf47ebd98e8d4b4aa37398/notebook/4271.bundle.js:1:4482)
    at r._execute (https://kkb-production.jupyter-proxy.kaggle.net/static/dist/jupyterlab/v-dd191da75eaf47ebd98e8d4b4aa37398/notebook/4271.bundle.js:1:3059)
    at https://kkb-production.jupyter-proxy.kaggle.net/static/dist/jupyterlab/v-dd191da75eaf47ebd98e8d4b4aa37398/notebook/4271.bundle.js:1:2510 @ :0
[  440585ms] [WARNING] TypeError: Cannot read properties of undefined (reading 'isReady')
    at Xt.getHover (https://kkb-production.jupyter-proxy.kaggle.net/static/dist/jupyterlab/v-dd191da75eaf47ebd98e8d4b4aa37398/lab/extensions/@jupyter-lsp/jupyterlab-lsp/static/661.bd239b6ff6d2fd9fcb36.js?v=bd239b6ff6d2fd9fcb36:1:121245)
    at r.factory [as _factory] (https://kkb-production.jupyter-proxy.kaggle.net/static/dist/jupyterlab/v-dd191da75eaf47ebd98e8d4b4aa37398/notebook/4271.bundle.js:1:4482)
    at r._execute (https://kkb-production.jupyter-proxy.kaggle.net/static/dist/jupyterlab/v-dd191da75eaf47ebd98e8d4b4aa37398/notebook/4271.bundle.js:1:3059)
    at https://kkb-production.jupyter-proxy.kaggle.net/static/dist/jupyterlab/v-dd191da75eaf47ebd98e8d4b4aa37398/notebook/4271.bundle.js:1:2510 @ :0
[  440585ms] [WARNING] TypeError: Cannot read properties of undefined (reading 'isReady')
    at Xt.getHover (https://kkb-production.jupyter-proxy.kaggle.net/static/dist/jupyterlab/v-dd191da75eaf47ebd98e8d4b4aa37398/lab/extensions/@jupyter-lsp/jupyterlab-lsp/static/661.bd239b6ff6d2fd9fcb36.js?v=bd239b6ff6d2fd9fcb36:1:121245)
    at r.factory [as _factory] (https://kkb-production.jupyter-proxy.kaggle.net/static/dist/jupyterlab/v-dd191da75eaf47ebd98e8d4b4aa37398/notebook/4271.bundle.js:1:4482)
    at r._execute (https://kkb-production.jupyter-proxy.kaggle.net/static/dist/jupyterlab/v-dd191da75eaf47ebd98e8d4b4aa37398/notebook/4271.bundle.js:1:3059)
    at https://kkb-production.jupyter-proxy.kaggle.net/static/dist/jupyterlab/v-dd191da75eaf47ebd98e8d4b4aa37398/notebook/4271.bundle.js:1:2510 @ :0
[  440585ms] [WARNING] TypeError: Cannot read properties of undefined (reading 'isReady')
    at Xt.getHover (https://kkb-production.jupyter-proxy.kaggle.net/static/dist/jupyterlab/v-dd191da75eaf47ebd98e8d4b4aa37398/lab/extensions/@jupyter-lsp/jupyterlab-lsp/static/661.bd239b6ff6d2fd9fcb36.js?v=bd239b6ff6d2fd9fcb36:1:121245)
    at r.factory [as _factory] (https://kkb-production.jupyter-proxy.kaggle.net/static/dist/jupyterlab/v-dd191da75eaf47ebd98e8d4b4aa37398/notebook/4271.bundle.js:1:4482)
    at r._execute (https://kkb-production.jupyter-proxy.kaggle.net/static/dist/jupyterlab/v-dd191da75eaf47ebd98e8d4b4aa37398/notebook/4271.bundle.js:1:3059)
    at https://kkb-production.jupyter-proxy.kaggle.net/static/dist/jupyterlab/v-dd191da75eaf47ebd98e8d4b4aa37398/notebook/4271.bundle.js:1:2510 @ :0
[  440585ms] [WARNING] TypeError: Cannot read properties of undefined (reading 'isReady')
    at Xt.getHover (https://kkb-production.jupyter-proxy.kaggle.net/static/dist/jupyterlab/v-dd191da75eaf47ebd98e8d4b4aa37398/lab/extensions/@jupyter-lsp/jupyterlab-lsp/static/661.bd239b6ff6d2fd9fcb36.js?v=bd239b6ff6d2fd9fcb36:1:121245)
    at r.factory [as _factory] (https://kkb-production.jupyter-proxy.kaggle.net/static/dist/jupyterlab/v-dd191da75eaf47ebd98e8d4b4aa37398/notebook/4271.bundle.js:1:4482)
    at r._execute (https://kkb-production.jupyter-proxy.kaggle.net/static/dist/jupyterlab/v-dd191da75eaf47ebd98e8d4b4aa37398/notebook/4271.bundle.js:1:3059)
    at https://kkb-production.jupyter-proxy.kaggle.net/static/dist/jupyterlab/v-dd191da75eaf47ebd98e8d4b4aa37398/notebook/4271.bundle.js:1:2510 @ :0
[  440585ms] [WARNING] TypeError: Cannot read properties of undefined (reading 'isReady')
    at Xt.getHover (https://kkb-production.jupyter-proxy.kaggle.net/static/dist/jupyterlab/v-dd191da75eaf47ebd98e8d4b4aa37398/lab/extensions/@jupyter-lsp/jupyterlab-lsp/static/661.bd239b6ff6d2fd9fcb36.js?v=bd239b6ff6d2fd9fcb36:1:121245)
    at r.factory [as _factory] (https://kkb-production.jupyter-proxy.kaggle.net/static/dist/jupyterlab/v-dd191da75eaf47ebd98e8d4b4aa37398/notebook/4271.bundle.js:1:4482)
    at r._execute (https://kkb-production.jupyter-proxy.kaggle.net/static/dist/jupyterlab/v-dd191da75eaf47ebd98e8d4b4aa37398/notebook/4271.bundle.js:1:3059)
    at https://kkb-production.jupyter-proxy.kaggle.net/static/dist/jupyterlab/v-dd191da75eaf47ebd98e8d4b4aa37398/notebook/4271.bundle.js:1:2510 @ :0
[  440585ms] [WARNING] TypeError: Cannot read properties of undefined (reading 'isReady')
    at Xt.getHover (https://kkb-production.jupyter-proxy.kaggle.net/static/dist/jupyterlab/v-dd191da75eaf47ebd98e8d4b4aa37398/lab/extensions/@jupyter-lsp/jupyterlab-lsp/static/661.bd239b6ff6d2fd9fcb36.js?v=bd239b6ff6d2fd9fcb36:1:121245)
    at r.factory [as _factory] (https://kkb-production.jupyter-proxy.kaggle.net/static/dist/jupyterlab/v-dd191da75eaf47ebd98e8d4b4aa37398/notebook/4271.bundle.js:1:4482)
    at r._execute (https://kkb-production.jupyter-proxy.kaggle.net/static/dist/jupyterlab/v-dd191da75eaf47ebd98e8d4b4aa37398/notebook/4271.bundle.js:1:3059)
    at https://kkb-production.jupyter-proxy.kaggle.net/static/dist/jupyterlab/v-dd191da75eaf47ebd98e8d4b4aa37398/notebook/4271.bundle.js:1:2510 @ :0
[  444943ms] [WARNING] TypeError: Cannot read properties of undefined (reading 'isReady')
    at Xt.getHover (https://kkb-production.jupyter-proxy.kaggle.net/static/dist/jupyterlab/v-dd191da75eaf47ebd98e8d4b4aa37398/lab/extensions/@jupyter-lsp/jupyterlab-lsp/static/661.bd239b6ff6d2fd9fcb36.js?v=bd239b6ff6d2fd9fcb36:1:121245)
    at r.factory [as _factory] (https://kkb-production.jupyter-proxy.kaggle.net/static/dist/jupyterlab/v-dd191da75eaf47ebd98e8d4b4aa37398/notebook/4271.bundle.js:1:4482)
    at r._execute (https://kkb-production.jupyter-proxy.kaggle.net/static/dist/jupyterlab/v-dd191da75eaf47ebd98e8d4b4aa37398/notebook/4271.bundle.js:1:3059)
    at https://kkb-production.jupyter-proxy.kaggle.net/static/dist/jupyterlab/v-dd191da75eaf47ebd98e8d4b4aa37398/notebook/4271.bundle.js:1:2510 @ :0
[  444949ms] [WARNING] TypeError: Cannot read properties of undefined (reading 'isReady')
    at Xt.getHover (https://kkb-production.jupyter-proxy.kaggle.net/static/dist/jupyterlab/v-dd191da75eaf47ebd98e8d4b4aa37398/lab/extensions/@jupyter-lsp/jupyterlab-lsp/static/661.bd239b6ff6d2fd9fcb36.js?v=bd239b6ff6d2fd9fcb36:1:121245)
    at r.factory [as _factory] (https://kkb-production.jupyter-proxy.kaggle.net/static/dist/jupyterlab/v-dd191da75eaf47ebd98e8d4b4aa37398/notebook/4271.bundle.js:1:4482)
    at r._execute (https://kkb-production.jupyter-proxy.kaggle.net/static/dist/jupyterlab/v-dd191da75eaf47ebd98e8d4b4aa37398/notebook/4271.bundle.js:1:3059)
    at https://kkb-production.jupyter-proxy.kaggle.net/static/dist/jupyterlab/v-dd191da75eaf47ebd98e8d4b4aa37398/notebook/4271.bundle.js:1:2510 @ :0
[  444955ms] [WARNING] TypeError: Cannot read properties of undefined (reading 'isReady')
    at Xt.getHover (https://kkb-production.jupyter-proxy.kaggle.net/static/dist/jupyterlab/v-dd191da75eaf47ebd98e8d4b4aa37398/lab/extensions/@jupyter-lsp/jupyterlab-lsp/static/661.bd239b6ff6d2fd9fcb36.js?v=bd239b6ff6d2fd9fcb36:1:121245)
    at r.factory [as _factory] (https://kkb-production.jupyter-proxy.kaggle.net/static/dist/jupyterlab/v-dd191da75eaf47ebd98e8d4b4aa37398/notebook/4271.bundle.js:1:4482)
    at r._execute (https://kkb-production.jupyter-proxy.kaggle.net/static/dist/jupyterlab/v-dd191da75eaf47ebd98e8d4b4aa37398/notebook/4271.bundle.js:1:3059)
    at https://kkb-production.jupyter-proxy.kaggle.net/static/dist/jupyterlab/v-dd191da75eaf47ebd98e8d4b4aa37398/notebook/4271.bundle.js:1:2510 @ :0
[  444962ms] [WARNING] TypeError: Cannot read properties of undefined (reading 'isReady')
    at Xt.getHover (https://kkb-production.jupyter-proxy.kaggle.net/static/dist/jupyterlab/v-dd191da75eaf47ebd98e8d4b4aa37398/lab/extensions/@jupyter-lsp/jupyterlab-lsp/static/661.bd239b6ff6d2fd9fcb36.js?v=bd239b6ff6d2fd9fcb36:1:121245)
    at r.factory [as _factory] (https://kkb-production.jupyter-proxy.kaggle.net/static/dist/jupyterlab/v-dd191da75eaf47ebd98e8d4b4aa37398/notebook/4271.bundle.js:1:4482)
    at r._execute (https://kkb-production.jupyter-proxy.kaggle.net/static/dist/jupyterlab/v-dd191da75eaf47ebd98e8d4b4aa37398/notebook/4271.bundle.js:1:3059)
    at https://kkb-production.jupyter-proxy.kaggle.net/static/dist/jupyterlab/v-dd191da75eaf47ebd98e8d4b4aa37398/notebook/4271.bundle.js:1:2510 @ :0
[  444967ms] [WARNING] TypeError: Cannot read properties of undefined (reading 'isReady')
    at Xt.getHover (https://kkb-production.jupyter-proxy.kaggle.net/static/dist/jupyterlab/v-dd191da75eaf47ebd98e8d4b4aa37398/lab/extensions/@jupyter-lsp/jupyterlab-lsp/static/661.bd239b6ff6d2fd9fcb36.js?v=bd239b6ff6d2fd9fcb36:1:121245)
    at r.factory [as _factory] (https://kkb-production.jupyter-proxy.kaggle.net/static/dist/jupyterlab/v-dd191da75eaf47ebd98e8d4b4aa37398/notebook/4271.bundle.js:1:4482)
    at r._execute (https://kkb-production.jupyter-proxy.kaggle.net/static/dist/jupyterlab/v-dd191da75eaf47ebd98e8d4b4aa37398/notebook/4271.bundle.js:1:3059)
    at https://kkb-production.jupyter-proxy.kaggle.net/static/dist/jupyterlab/v-dd191da75eaf47ebd98e8d4b4aa37398/notebook/4271.bundle.js:1:2510 @ :0
[  444974ms] [WARNING] TypeError: Cannot read properties of undefined (reading 'isReady')
    at Xt.getHover (https://kkb-production.jupyter-proxy.kaggle.net/static/dist/jupyterlab/v-dd191da75eaf47ebd98e8d4b4aa37398/lab/extensions/@jupyter-lsp/jupyterlab-lsp/static/661.bd239b6ff6d2fd9fcb36.js?v=bd239b6ff6d2fd9fcb36:1:121245)
    at r.factory [as _factory] (https://kkb-production.jupyter-proxy.kaggle.net/static/dist/jupyterlab/v-dd191da75eaf47ebd98e8d4b4aa37398/notebook/4271.bundle.js:1:4482)
    at r._execute (https://kkb-production.jupyter-proxy.kaggle.net/static/dist/jupyterlab/v-dd191da75eaf47ebd98e8d4b4aa37398/notebook/4271.bundle.js:1:3059)
    at https://kkb-production.jupyter-proxy.kaggle.net/static/dist/jupyterlab/v-dd191da75eaf47ebd98e8d4b4aa37398/notebook/4271.bundle.js:1:2510 @ :0
[  444980ms] [WARNING] TypeError: Cannot read properties of undefined (reading 'isReady')
    at Xt.getHover (https://kkb-production.jupyter-proxy.kaggle.net/static/dist/jupyterlab/v-dd191da75eaf47ebd98e8d4b4aa37398/lab/extensions/@jupyter-lsp/jupyterlab-lsp/static/661.bd239b6ff6d2fd9fcb36.js?v=bd239b6ff6d2fd9fcb36:1:121245)
    at r.factory [as _factory] (https://kkb-production.jupyter-proxy.kaggle.net/static/dist/jupyterlab/v-dd191da75eaf47ebd98e8d4b4aa37398/notebook/4271.bundle.js:1:4482)
    at r._execute (https://kkb-production.jupyter-proxy.kaggle.net/static/dist/jupyterlab/v-dd191da75eaf47ebd98e8d4b4aa37398/notebook/4271.bundle.js:1:3059)
    at https://kkb-production.jupyter-proxy.kaggle.net/static/dist/jupyterlab/v-dd191da75eaf47ebd98e8d4b4aa37398/notebook/4271.bundle.js:1:2510 @ :0
[  444986ms] [WARNING] TypeError: Cannot read properties of undefined (reading 'isReady')
    at Xt.getHover (https://kkb-production.jupyter-proxy.kaggle.net/static/dist/jupyterlab/v-dd191da75eaf47ebd98e8d4b4aa37398/lab/extensions/@jupyter-lsp/jupyterlab-lsp/static/661.bd239b6ff6d2fd9fcb36.js?v=bd239b6ff6d2fd9fcb36:1:121245)
    at r.factory [as _factory] (https://kkb-production.jupyter-proxy.kaggle.net/static/dist/jupyterlab/v-dd191da75eaf47ebd98e8d4b4aa37398/notebook/4271.bundle.js:1:4482)
    at r._execute (https://kkb-production.jupyter-proxy.kaggle.net/static/dist/jupyterlab/v-dd191da75eaf47ebd98e8d4b4aa37398/notebook/4271.bundle.js:1:3059)
    at https://kkb-production.jupyter-proxy.kaggle.net/static/dist/jupyterlab/v-dd191da75eaf47ebd98e8d4b4aa37398/notebook/4271.bundle.js:1:2510 @ :0
[  444992ms] [WARNING] TypeError: Cannot read properties of undefined (reading 'isReady')
    at Xt.getHover (https://kkb-production.jupyter-proxy.kaggle.net/static/dist/jupyterlab/v-dd191da75eaf47ebd98e8d4b4aa37398/lab/extensions/@jupyter-lsp/jupyterlab-lsp/static/661.bd239b6ff6d2fd9fcb36.js?v=bd239b6ff6d2fd9fcb36:1:121245)
    at r.factory [as _factory] (https://kkb-production.jupyter-proxy.kaggle.net/static/dist/jupyterlab/v-dd191da75eaf47ebd98e8d4b4aa37398/notebook/4271.bundle.js:1:4482)
    at r._execute (https://kkb-production.jupyter-proxy.kaggle.net/static/dist/jupyterlab/v-dd191da75eaf47ebd98e8d4b4aa37398/notebook/4271.bundle.js:1:3059)
    at https://kkb-production.jupyter-proxy.kaggle.net/static/dist/jupyterlab/v-dd191da75eaf47ebd98e8d4b4aa37398/notebook/4271.bundle.js:1:2510 @ :0
