[     536ms] [LOG]  _                       _       
| |    Welcome to       | |      
| | __ ___   __ _  __ _ | | ___  
| |/ /|__ \ / _` |/ _` || |/ _ \ 
|   < / _  | (_| | (_| || |  __/ 
|_|\_\\__,_|\__, |\__, ||_|\___| 
             __/ | __/ |         
            |___/ |___/          
 @ https://www.kaggle.com/static/assets/app.js?v=8044b92b0d4a36e8:0
[    1125ms] [ERROR] Failed to load resource: the server responded with a status of 403 () @ https://www.kaggle.com/api/i/user_secrets.UserSecretsService/GetGitHubAccessInfo:0
[    1532ms] [ERROR] Failed to load resource: the server responded with a status of 403 () @ https://www.kaggle.com/api/i/user_secrets.UserSecretsService/GetDriveAccessInfo:0
[    1544ms] [ERROR] Failed to load resource: the server responded with a status of 403 () @ https://www.kaggle.com/api/i/user_secrets.UserSecretsService/GetDriveAccessInfo:0
[    4556ms] [WARNING] Navigo router library will have soon a major upgrade to version 8.0.0. If you don't have time for such migration please stick with the latest 7.1.2 version. To avoid seeing this message set a strict 7.1.2 in your package.json file. @ https://kkb-production.jupyter-proxy.kaggle.net/static/assets/jupyterlabinjected.ff1d8bc85b5850c7.js?208f6b4441b61cce:6
[    4585ms] [ERROR] Yjs was already imported. This breaks constructor checks and will lead to issues! - https://github.com/yjs/yjs/issues/438 @ https://kkb-production.jupyter-proxy.kaggle.net/static/dist/jupyterlab/v-dd191da75eaf47ebd98e8d4b4aa37398/notebook/7957.bundle.js:0
[    4752ms] [ERROR] Failed to load resource: the server responded with a status of 403 () @ https://www.kaggle.com/api/i/user_secrets.UserSecretsService/GetDriveAccessInfo:0
[    4766ms] [WARNING] Language pack 'en_US' not installed! @ https://kkb-production.jupyter-proxy.kaggle.net/static/dist/jupyterlab/v-dd191da75eaf47ebd98e8d4b4aa37398/notebook/7819.bundle.js:0
[    4783ms] [WARNING] Deprecated shortcut selectors: ".jp-Notebook:focus" was replaced with ".jp-Notebook.jp-mod-commandMode:not(.jp-mod-readWrite) :focus" in JupyterLab 4.1 (present in ".jp-Notebook:focus")
".jp-Notebook:focus.jp-mod-commandMode" was replaced with ".jp-Notebook.jp-mod-commandMode:not(.jp-mod-readWrite) :focus" in JupyterLab 4.1 (present in ".jp-Notebook:focus.jp-mod-commandMode")

The selectors will be substituted transparently this time, but need to be updated at source before next major release. @ https://kkb-production.jupyter-proxy.kaggle.net/static/dist/jupyterlab/v-dd191da75eaf47ebd98e8d4b4aa37398/notebook/5649.bundle.js:0
[    4821ms] [WARNING] Deprecated shortcut selectors: "[data-jp-kernel-user]:focus" was replaced with "[data-jp-kernel-user]:not(.jp-mod-readWrite) :focus:not(:read-write)" in JupyterLab 4.1 (present in "[data-jp-kernel-user]:focus")

The selectors will be substituted transparently this time, but need to be updated at source before next major release. @ https://kkb-production.jupyter-proxy.kaggle.net/static/dist/jupyterlab/v-dd191da75eaf47ebd98e8d4b4aa37398/notebook/5649.bundle.js:0
[    4859ms] [WARNING] Completion provider with identifier CompletionProvider:context is already registered @ https://kkb-production.jupyter-proxy.kaggle.net/static/dist/jupyterlab/v-dd191da75eaf47ebd98e8d4b4aa37398/notebook/2944.bundle.js:0
[    4859ms] [WARNING] Completion provider with identifier CompletionProvider:kernel is already registered @ https://kkb-production.jupyter-proxy.kaggle.net/static/dist/jupyterlab/v-dd191da75eaf47ebd98e8d4b4aa37398/notebook/2944.bundle.js:0
[    4976ms] [WARNING] Could not retrieve current context null @ https://kkb-production.jupyter-proxy.kaggle.net/static/dist/jupyterlab/v-dd191da75eaf47ebd98e8d4b4aa37398/lab/extensions/@jupyter-lsp/jupyterlab-lsp/static/661.bd239b6ff6d2fd9fcb36.js?v=bd239b6ff6d2fd9fcb36:0
[    4980ms] [WARNING] Could not retrieve current context null @ https://kkb-production.jupyter-proxy.kaggle.net/static/dist/jupyterlab/v-dd191da75eaf47ebd98e8d4b4aa37398/lab/extensions/@jupyter-lsp/jupyterlab-lsp/static/661.bd239b6ff6d2fd9fcb36.js?v=bd239b6ff6d2fd9fcb36:0
[    4980ms] [WARNING] Could not get context @ https://kkb-production.jupyter-proxy.kaggle.net/static/dist/jupyterlab/v-dd191da75eaf47ebd98e8d4b4aa37398/lab/extensions/@jupyter-lsp/jupyterlab-lsp/static/661.bd239b6ff6d2fd9fcb36.js?v=bd239b6ff6d2fd9fcb36:0
[    4980ms] [WARNING] Could not retrieve current context null @ https://kkb-production.jupyter-proxy.kaggle.net/static/dist/jupyterlab/v-dd191da75eaf47ebd98e8d4b4aa37398/lab/extensions/@jupyter-lsp/jupyterlab-lsp/static/661.bd239b6ff6d2fd9fcb36.js?v=bd239b6ff6d2fd9fcb36:0
[    4980ms] [WARNING] Could not get context @ https://kkb-production.jupyter-proxy.kaggle.net/static/dist/jupyterlab/v-dd191da75eaf47ebd98e8d4b4aa37398/lab/extensions/@jupyter-lsp/jupyterlab-lsp/static/661.bd239b6ff6d2fd9fcb36.js?v=bd239b6ff6d2fd9fcb36:0
[    4980ms] [WARNING] Could not retrieve current context null @ https://kkb-production.jupyter-proxy.kaggle.net/static/dist/jupyterlab/v-dd191da75eaf47ebd98e8d4b4aa37398/lab/extensions/@jupyter-lsp/jupyterlab-lsp/static/661.bd239b6ff6d2fd9fcb36.js?v=bd239b6ff6d2fd9fcb36:0
[    4981ms] [WARNING] Could not get context @ https://kkb-production.jupyter-proxy.kaggle.net/static/dist/jupyterlab/v-dd191da75eaf47ebd98e8d4b4aa37398/lab/extensions/@jupyter-lsp/jupyterlab-lsp/static/661.bd239b6ff6d2fd9fcb36.js?v=bd239b6ff6d2fd9fcb36:0
[    4993ms] [WARNING] Could not retrieve current context null @ https://kkb-production.jupyter-proxy.kaggle.net/static/dist/jupyterlab/v-dd191da75eaf47ebd98e8d4b4aa37398/lab/extensions/@jupyter-lsp/jupyterlab-lsp/static/661.bd239b6ff6d2fd9fcb36.js?v=bd239b6ff6d2fd9fcb36:0
[    4996ms] [WARNING] Could not retrieve current context null @ https://kkb-production.jupyter-proxy.kaggle.net/static/dist/jupyterlab/v-dd191da75eaf47ebd98e8d4b4aa37398/lab/extensions/@jupyter-lsp/jupyterlab-lsp/static/661.bd239b6ff6d2fd9fcb36.js?v=bd239b6ff6d2fd9fcb36:0
[    4996ms] [WARNING] Could not get context @ https://kkb-production.jupyter-proxy.kaggle.net/static/dist/jupyterlab/v-dd191da75eaf47ebd98e8d4b4aa37398/lab/extensions/@jupyter-lsp/jupyterlab-lsp/static/661.bd239b6ff6d2fd9fcb36.js?v=bd239b6ff6d2fd9fcb36:0
[    4996ms] [WARNING] Could not retrieve current context null @ https://kkb-production.jupyter-proxy.kaggle.net/static/dist/jupyterlab/v-dd191da75eaf47ebd98e8d4b4aa37398/lab/extensions/@jupyter-lsp/jupyterlab-lsp/static/661.bd239b6ff6d2fd9fcb36.js?v=bd239b6ff6d2fd9fcb36:0
[    4996ms] [WARNING] Could not get context @ https://kkb-production.jupyter-proxy.kaggle.net/static/dist/jupyterlab/v-dd191da75eaf47ebd98e8d4b4aa37398/lab/extensions/@jupyter-lsp/jupyterlab-lsp/static/661.bd239b6ff6d2fd9fcb36.js?v=bd239b6ff6d2fd9fcb36:0
[    4996ms] [WARNING] Could not retrieve current context null @ https://kkb-production.jupyter-proxy.kaggle.net/static/dist/jupyterlab/v-dd191da75eaf47ebd98e8d4b4aa37398/lab/extensions/@jupyter-lsp/jupyterlab-lsp/static/661.bd239b6ff6d2fd9fcb36.js?v=bd239b6ff6d2fd9fcb36:0
[    4997ms] [WARNING] Could not get context @ https://kkb-production.jupyter-proxy.kaggle.net/static/dist/jupyterlab/v-dd191da75eaf47ebd98e8d4b4aa37398/lab/extensions/@jupyter-lsp/jupyterlab-lsp/static/661.bd239b6ff6d2fd9fcb36.js?v=bd239b6ff6d2fd9fcb36:0
[    5002ms] [WARNING] Could not retrieve current context null @ https://kkb-production.jupyter-proxy.kaggle.net/static/dist/jupyterlab/v-dd191da75eaf47ebd98e8d4b4aa37398/lab/extensions/@jupyter-lsp/jupyterlab-lsp/static/661.bd239b6ff6d2fd9fcb36.js?v=bd239b6ff6d2fd9fcb36:0
[    5005ms] [WARNING] Could not retrieve current context null @ https://kkb-production.jupyter-proxy.kaggle.net/static/dist/jupyterlab/v-dd191da75eaf47ebd98e8d4b4aa37398/lab/extensions/@jupyter-lsp/jupyterlab-lsp/static/661.bd239b6ff6d2fd9fcb36.js?v=bd239b6ff6d2fd9fcb36:0
[    5005ms] [WARNING] Could not get context @ https://kkb-production.jupyter-proxy.kaggle.net/static/dist/jupyterlab/v-dd191da75eaf47ebd98e8d4b4aa37398/lab/extensions/@jupyter-lsp/jupyterlab-lsp/static/661.bd239b6ff6d2fd9fcb36.js?v=bd239b6ff6d2fd9fcb36:0
[    5005ms] [WARNING] Could not retrieve current context null @ https://kkb-production.jupyter-proxy.kaggle.net/static/dist/jupyterlab/v-dd191da75eaf47ebd98e8d4b4aa37398/lab/extensions/@jupyter-lsp/jupyterlab-lsp/static/661.bd239b6ff6d2fd9fcb36.js?v=bd239b6ff6d2fd9fcb36:0
[    5005ms] [WARNING] Could not get context @ https://kkb-production.jupyter-proxy.kaggle.net/static/dist/jupyterlab/v-dd191da75eaf47ebd98e8d4b4aa37398/lab/extensions/@jupyter-lsp/jupyterlab-lsp/static/661.bd239b6ff6d2fd9fcb36.js?v=bd239b6ff6d2fd9fcb36:0
[    5005ms] [WARNING] Could not retrieve current context null @ https://kkb-production.jupyter-proxy.kaggle.net/static/dist/jupyterlab/v-dd191da75eaf47ebd98e8d4b4aa37398/lab/extensions/@jupyter-lsp/jupyterlab-lsp/static/661.bd239b6ff6d2fd9fcb36.js?v=bd239b6ff6d2fd9fcb36:0
[    5005ms] [WARNING] Could not get context @ https://kkb-production.jupyter-proxy.kaggle.net/static/dist/jupyterlab/v-dd191da75eaf47ebd98e8d4b4aa37398/lab/extensions/@jupyter-lsp/jupyterlab-lsp/static/661.bd239b6ff6d2fd9fcb36.js?v=bd239b6ff6d2fd9fcb36:0
[    5016ms] [WARNING] [Object] @ :0
[    5041ms] [WARNING] TypeError: Cannot convert undefined or null to object
    at Object.entries (<anonymous>)
    at Z.fetchSessions (https://kkb-production.jupyter-proxy.kaggle.net/static/dist/jupyterlab/v-dd191da75eaf47ebd98e8d4b4aa37398/notebook/3512.bundle.js:1:32855) @ https://kkb-production.jupyter-proxy.kaggle.net/static/dist/jupyterlab/v-dd191da75eaf47ebd98e8d4b4aa37398/notebook/3512.bundle.js:0
[    5048ms] [WARNING] Could not retrieve current context null @ https://kkb-production.jupyter-proxy.kaggle.net/static/dist/jupyterlab/v-dd191da75eaf47ebd98e8d4b4aa37398/lab/extensions/@jupyter-lsp/jupyterlab-lsp/static/661.bd239b6ff6d2fd9fcb36.js?v=bd239b6ff6d2fd9fcb36:0
[    5049ms] [WARNING] Could not retrieve current context null @ https://kkb-production.jupyter-proxy.kaggle.net/static/dist/jupyterlab/v-dd191da75eaf47ebd98e8d4b4aa37398/lab/extensions/@jupyter-lsp/jupyterlab-lsp/static/661.bd239b6ff6d2fd9fcb36.js?v=bd239b6ff6d2fd9fcb36:0
[    5050ms] [WARNING] Could not get context @ https://kkb-production.jupyter-proxy.kaggle.net/static/dist/jupyterlab/v-dd191da75eaf47ebd98e8d4b4aa37398/lab/extensions/@jupyter-lsp/jupyterlab-lsp/static/661.bd239b6ff6d2fd9fcb36.js?v=bd239b6ff6d2fd9fcb36:0
[    5050ms] [WARNING] Could not retrieve current context null @ https://kkb-production.jupyter-proxy.kaggle.net/static/dist/jupyterlab/v-dd191da75eaf47ebd98e8d4b4aa37398/lab/extensions/@jupyter-lsp/jupyterlab-lsp/static/661.bd239b6ff6d2fd9fcb36.js?v=bd239b6ff6d2fd9fcb36:0
[    5050ms] [WARNING] Could not get context @ https://kkb-production.jupyter-proxy.kaggle.net/static/dist/jupyterlab/v-dd191da75eaf47ebd98e8d4b4aa37398/lab/extensions/@jupyter-lsp/jupyterlab-lsp/static/661.bd239b6ff6d2fd9fcb36.js?v=bd239b6ff6d2fd9fcb36:0
[    5050ms] [WARNING] Could not retrieve current context null @ https://kkb-production.jupyter-proxy.kaggle.net/static/dist/jupyterlab/v-dd191da75eaf47ebd98e8d4b4aa37398/lab/extensions/@jupyter-lsp/jupyterlab-lsp/static/661.bd239b6ff6d2fd9fcb36.js?v=bd239b6ff6d2fd9fcb36:0
[    5050ms] [WARNING] Could not get context @ https://kkb-production.jupyter-proxy.kaggle.net/static/dist/jupyterlab/v-dd191da75eaf47ebd98e8d4b4aa37398/lab/extensions/@jupyter-lsp/jupyterlab-lsp/static/661.bd239b6ff6d2fd9fcb36.js?v=bd239b6ff6d2fd9fcb36:0
[    5055ms] [WARNING] Could not retrieve current context null @ https://kkb-production.jupyter-proxy.kaggle.net/static/dist/jupyterlab/v-dd191da75eaf47ebd98e8d4b4aa37398/lab/extensions/@jupyter-lsp/jupyterlab-lsp/static/661.bd239b6ff6d2fd9fcb36.js?v=bd239b6ff6d2fd9fcb36:0
[    5057ms] [WARNING] Could not retrieve current context null @ https://kkb-production.jupyter-proxy.kaggle.net/static/dist/jupyterlab/v-dd191da75eaf47ebd98e8d4b4aa37398/lab/extensions/@jupyter-lsp/jupyterlab-lsp/static/661.bd239b6ff6d2fd9fcb36.js?v=bd239b6ff6d2fd9fcb36:0
[    5057ms] [WARNING] Could not get context @ https://kkb-production.jupyter-proxy.kaggle.net/static/dist/jupyterlab/v-dd191da75eaf47ebd98e8d4b4aa37398/lab/extensions/@jupyter-lsp/jupyterlab-lsp/static/661.bd239b6ff6d2fd9fcb36.js?v=bd239b6ff6d2fd9fcb36:0
[    5057ms] [WARNING] Could not retrieve current context null @ https://kkb-production.jupyter-proxy.kaggle.net/static/dist/jupyterlab/v-dd191da75eaf47ebd98e8d4b4aa37398/lab/extensions/@jupyter-lsp/jupyterlab-lsp/static/661.bd239b6ff6d2fd9fcb36.js?v=bd239b6ff6d2fd9fcb36:0
[    5057ms] [WARNING] Could not get context @ https://kkb-production.jupyter-proxy.kaggle.net/static/dist/jupyterlab/v-dd191da75eaf47ebd98e8d4b4aa37398/lab/extensions/@jupyter-lsp/jupyterlab-lsp/static/661.bd239b6ff6d2fd9fcb36.js?v=bd239b6ff6d2fd9fcb36:0
[    5057ms] [WARNING] Could not retrieve current context null @ https://kkb-production.jupyter-proxy.kaggle.net/static/dist/jupyterlab/v-dd191da75eaf47ebd98e8d4b4aa37398/lab/extensions/@jupyter-lsp/jupyterlab-lsp/static/661.bd239b6ff6d2fd9fcb36.js?v=bd239b6ff6d2fd9fcb36:0
[    5058ms] [WARNING] Could not get context @ https://kkb-production.jupyter-proxy.kaggle.net/static/dist/jupyterlab/v-dd191da75eaf47ebd98e8d4b4aa37398/lab/extensions/@jupyter-lsp/jupyterlab-lsp/static/661.bd239b6ff6d2fd9fcb36.js?v=bd239b6ff6d2fd9fcb36:0
[    5063ms] Error: Handler not found for Jupyter API interception: GET - https://kkb-production.jupyter-proxy.kaggle.net/lab/api/settings/@jupyter-widgets/jupyterlab-manager:plugin?1788451270697
    at https://kkb-production.jupyter-proxy.kaggle.net/static/assets/jupyterlabinjected.ff1d8bc85b5850c7.js?208f6b4441b61cce:7:615419
[    5064ms] Error: Handler not found for Jupyter API interception: GET - https://kkb-production.jupyter-proxy.kaggle.net/lab/api/settings/@jupyterlab/completer-extension:inline-completer?1788451270700
    at https://kkb-production.jupyter-proxy.kaggle.net/static/assets/jupyterlabinjected.ff1d8bc85b5850c7.js?208f6b4441b61cce:7:615419
[    5078ms] [WARNING] Could not retrieve current context null @ https://kkb-production.jupyter-proxy.kaggle.net/static/dist/jupyterlab/v-dd191da75eaf47ebd98e8d4b4aa37398/lab/extensions/@jupyter-lsp/jupyterlab-lsp/static/661.bd239b6ff6d2fd9fcb36.js?v=bd239b6ff6d2fd9fcb36:0
[    5080ms] [WARNING] Could not retrieve current context null @ https://kkb-production.jupyter-proxy.kaggle.net/static/dist/jupyterlab/v-dd191da75eaf47ebd98e8d4b4aa37398/lab/extensions/@jupyter-lsp/jupyterlab-lsp/static/661.bd239b6ff6d2fd9fcb36.js?v=bd239b6ff6d2fd9fcb36:0
[    5080ms] [WARNING] Could not get context @ https://kkb-production.jupyter-proxy.kaggle.net/static/dist/jupyterlab/v-dd191da75eaf47ebd98e8d4b4aa37398/lab/extensions/@jupyter-lsp/jupyterlab-lsp/static/661.bd239b6ff6d2fd9fcb36.js?v=bd239b6ff6d2fd9fcb36:0
[    5080ms] [WARNING] Could not retrieve current context null @ https://kkb-production.jupyter-proxy.kaggle.net/static/dist/jupyterlab/v-dd191da75eaf47ebd98e8d4b4aa37398/lab/extensions/@jupyter-lsp/jupyterlab-lsp/static/661.bd239b6ff6d2fd9fcb36.js?v=bd239b6ff6d2fd9fcb36:0
[    5081ms] [WARNING] Could not get context @ https://kkb-production.jupyter-proxy.kaggle.net/static/dist/jupyterlab/v-dd191da75eaf47ebd98e8d4b4aa37398/lab/extensions/@jupyter-lsp/jupyterlab-lsp/static/661.bd239b6ff6d2fd9fcb36.js?v=bd239b6ff6d2fd9fcb36:0
[    5081ms] [WARNING] Could not retrieve current context null @ https://kkb-production.jupyter-proxy.kaggle.net/static/dist/jupyterlab/v-dd191da75eaf47ebd98e8d4b4aa37398/lab/extensions/@jupyter-lsp/jupyterlab-lsp/static/661.bd239b6ff6d2fd9fcb36.js?v=bd239b6ff6d2fd9fcb36:0
[    5081ms] [WARNING] Could not get context @ https://kkb-production.jupyter-proxy.kaggle.net/static/dist/jupyterlab/v-dd191da75eaf47ebd98e8d4b4aa37398/lab/extensions/@jupyter-lsp/jupyterlab-lsp/static/661.bd239b6ff6d2fd9fcb36.js?v=bd239b6ff6d2fd9fcb36:0
[    5096ms] [WARNING] Could not retrieve current context null @ https://kkb-production.jupyter-proxy.kaggle.net/static/dist/jupyterlab/v-dd191da75eaf47ebd98e8d4b4aa37398/lab/extensions/@jupyter-lsp/jupyterlab-lsp/static/661.bd239b6ff6d2fd9fcb36.js?v=bd239b6ff6d2fd9fcb36:0
[    5097ms] [WARNING] Could not retrieve current context null @ https://kkb-production.jupyter-proxy.kaggle.net/static/dist/jupyterlab/v-dd191da75eaf47ebd98e8d4b4aa37398/lab/extensions/@jupyter-lsp/jupyterlab-lsp/static/661.bd239b6ff6d2fd9fcb36.js?v=bd239b6ff6d2fd9fcb36:0
[    5098ms] [WARNING] Could not get context @ https://kkb-production.jupyter-proxy.kaggle.net/static/dist/jupyterlab/v-dd191da75eaf47ebd98e8d4b4aa37398/lab/extensions/@jupyter-lsp/jupyterlab-lsp/static/661.bd239b6ff6d2fd9fcb36.js?v=bd239b6ff6d2fd9fcb36:0
[    5098ms] [WARNING] Could not retrieve current context null @ https://kkb-production.jupyter-proxy.kaggle.net/static/dist/jupyterlab/v-dd191da75eaf47ebd98e8d4b4aa37398/lab/extensions/@jupyter-lsp/jupyterlab-lsp/static/661.bd239b6ff6d2fd9fcb36.js?v=bd239b6ff6d2fd9fcb36:0
[    5098ms] [WARNING] Could not get context @ https://kkb-production.jupyter-proxy.kaggle.net/static/dist/jupyterlab/v-dd191da75eaf47ebd98e8d4b4aa37398/lab/extensions/@jupyter-lsp/jupyterlab-lsp/static/661.bd239b6ff6d2fd9fcb36.js?v=bd239b6ff6d2fd9fcb36:0
[    5098ms] [WARNING] Could not retrieve current context null @ https://kkb-production.jupyter-proxy.kaggle.net/static/dist/jupyterlab/v-dd191da75eaf47ebd98e8d4b4aa37398/lab/extensions/@jupyter-lsp/jupyterlab-lsp/static/661.bd239b6ff6d2fd9fcb36.js?v=bd239b6ff6d2fd9fcb36:0
[    5098ms] [WARNING] Could not get context @ https://kkb-production.jupyter-proxy.kaggle.net/static/dist/jupyterlab/v-dd191da75eaf47ebd98e8d4b4aa37398/lab/extensions/@jupyter-lsp/jupyterlab-lsp/static/661.bd239b6ff6d2fd9fcb36.js?v=bd239b6ff6d2fd9fcb36:0
[    5111ms] [WARNING] Could not retrieve current context null @ https://kkb-production.jupyter-proxy.kaggle.net/static/dist/jupyterlab/v-dd191da75eaf47ebd98e8d4b4aa37398/lab/extensions/@jupyter-lsp/jupyterlab-lsp/static/661.bd239b6ff6d2fd9fcb36.js?v=bd239b6ff6d2fd9fcb36:0
[    5112ms] [WARNING] Could not retrieve current context null @ https://kkb-production.jupyter-proxy.kaggle.net/static/dist/jupyterlab/v-dd191da75eaf47ebd98e8d4b4aa37398/lab/extensions/@jupyter-lsp/jupyterlab-lsp/static/661.bd239b6ff6d2fd9fcb36.js?v=bd239b6ff6d2fd9fcb36:0
[    5112ms] [WARNING] Could not get context @ https://kkb-production.jupyter-proxy.kaggle.net/static/dist/jupyterlab/v-dd191da75eaf47ebd98e8d4b4aa37398/lab/extensions/@jupyter-lsp/jupyterlab-lsp/static/661.bd239b6ff6d2fd9fcb36.js?v=bd239b6ff6d2fd9fcb36:0
[    5113ms] [WARNING] Could not retrieve current context null @ https://kkb-production.jupyter-proxy.kaggle.net/static/dist/jupyterlab/v-dd191da75eaf47ebd98e8d4b4aa37398/lab/extensions/@jupyter-lsp/jupyterlab-lsp/static/661.bd239b6ff6d2fd9fcb36.js?v=bd239b6ff6d2fd9fcb36:0
[    5113ms] [WARNING] Could not get context @ https://kkb-production.jupyter-proxy.kaggle.net/static/dist/jupyterlab/v-dd191da75eaf47ebd98e8d4b4aa37398/lab/extensions/@jupyter-lsp/jupyterlab-lsp/static/661.bd239b6ff6d2fd9fcb36.js?v=bd239b6ff6d2fd9fcb36:0
[    5113ms] [WARNING] Could not retrieve current context null @ https://kkb-production.jupyter-proxy.kaggle.net/static/dist/jupyterlab/v-dd191da75eaf47ebd98e8d4b4aa37398/lab/extensions/@jupyter-lsp/jupyterlab-lsp/static/661.bd239b6ff6d2fd9fcb36.js?v=bd239b6ff6d2fd9fcb36:0
[    5113ms] [WARNING] Could not get context @ https://kkb-production.jupyter-proxy.kaggle.net/static/dist/jupyterlab/v-dd191da75eaf47ebd98e8d4b4aa37398/lab/extensions/@jupyter-lsp/jupyterlab-lsp/static/661.bd239b6ff6d2fd9fcb36.js?v=bd239b6ff6d2fd9fcb36:0
[    5117ms] [ERROR] WebSocket connection to 'wss://kkb-production.jupyter-proxy.kaggle.net/api/events/subscribe' failed: Error during WebSocket handshake: Unexpected response code: 404 @ https://kkb-production.jupyter-proxy.kaggle.net/static/dist/jupyterlab/v-dd191da75eaf47ebd98e8d4b4aa37398/notebook/3676.bundle.js:0
[    5622ms] [ERROR] WebSocket connection to 'wss://kkb-production.jupyter-proxy.kaggle.net/api/events/subscribe' failed: Error during WebSocket handshake: Unexpected response code: 404 @ https://kkb-production.jupyter-proxy.kaggle.net/static/dist/jupyterlab/v-dd191da75eaf47ebd98e8d4b4aa37398/notebook/3676.bundle.js:0
[    5675ms] [LOG] Editor not found in _editorToSourceLine map @ https://kkb-production.jupyter-proxy.kaggle.net/static/dist/jupyterlab/v-dd191da75eaf47ebd98e8d4b4aa37398/notebook/3512.bundle.js:0
[    5675ms] [WARNING] Could not retrieve current context P @ https://kkb-production.jupyter-proxy.kaggle.net/static/dist/jupyterlab/v-dd191da75eaf47ebd98e8d4b4aa37398/lab/extensions/@jupyter-lsp/jupyterlab-lsp/static/661.bd239b6ff6d2fd9fcb36.js?v=bd239b6ff6d2fd9fcb36:0
[    5677ms] [LOG] Editor not found in _editorToSourceLine map @ https://kkb-production.jupyter-proxy.kaggle.net/static/dist/jupyterlab/v-dd191da75eaf47ebd98e8d4b4aa37398/notebook/3512.bundle.js:0
[    5677ms] [WARNING] Could not retrieve current context P @ https://kkb-production.jupyter-proxy.kaggle.net/static/dist/jupyterlab/v-dd191da75eaf47ebd98e8d4b4aa37398/lab/extensions/@jupyter-lsp/jupyterlab-lsp/static/661.bd239b6ff6d2fd9fcb36.js?v=bd239b6ff6d2fd9fcb36:0
[    5677ms] [WARNING] Could not get context @ https://kkb-production.jupyter-proxy.kaggle.net/static/dist/jupyterlab/v-dd191da75eaf47ebd98e8d4b4aa37398/lab/extensions/@jupyter-lsp/jupyterlab-lsp/static/661.bd239b6ff6d2fd9fcb36.js?v=bd239b6ff6d2fd9fcb36:0
[    5678ms] [LOG] Editor not found in _editorToSourceLine map @ https://kkb-production.jupyter-proxy.kaggle.net/static/dist/jupyterlab/v-dd191da75eaf47ebd98e8d4b4aa37398/notebook/3512.bundle.js:0
[    5678ms] [WARNING] Could not retrieve current context P @ https://kkb-production.jupyter-proxy.kaggle.net/static/dist/jupyterlab/v-dd191da75eaf47ebd98e8d4b4aa37398/lab/extensions/@jupyter-lsp/jupyterlab-lsp/static/661.bd239b6ff6d2fd9fcb36.js?v=bd239b6ff6d2fd9fcb36:0
[    5678ms] [WARNING] Could not get context @ https://kkb-production.jupyter-proxy.kaggle.net/static/dist/jupyterlab/v-dd191da75eaf47ebd98e8d4b4aa37398/lab/extensions/@jupyter-lsp/jupyterlab-lsp/static/661.bd239b6ff6d2fd9fcb36.js?v=bd239b6ff6d2fd9fcb36:0
[    5678ms] [LOG] Editor not found in _editorToSourceLine map @ https://kkb-production.jupyter-proxy.kaggle.net/static/dist/jupyterlab/v-dd191da75eaf47ebd98e8d4b4aa37398/notebook/3512.bundle.js:0
[    5678ms] [WARNING] Could not retrieve current context P @ https://kkb-production.jupyter-proxy.kaggle.net/static/dist/jupyterlab/v-dd191da75eaf47ebd98e8d4b4aa37398/lab/extensions/@jupyter-lsp/jupyterlab-lsp/static/661.bd239b6ff6d2fd9fcb36.js?v=bd239b6ff6d2fd9fcb36:0
[    5678ms] [WARNING] Could not get context @ https://kkb-production.jupyter-proxy.kaggle.net/static/dist/jupyterlab/v-dd191da75eaf47ebd98e8d4b4aa37398/lab/extensions/@jupyter-lsp/jupyterlab-lsp/static/661.bd239b6ff6d2fd9fcb36.js?v=bd239b6ff6d2fd9fcb36:0
[    5702ms] [LOG] Editor not found in _editorToSourceLine map @ https://kkb-production.jupyter-proxy.kaggle.net/static/dist/jupyterlab/v-dd191da75eaf47ebd98e8d4b4aa37398/notebook/3512.bundle.js:0
[    5703ms] [WARNING] Could not retrieve current context P @ https://kkb-production.jupyter-proxy.kaggle.net/static/dist/jupyterlab/v-dd191da75eaf47ebd98e8d4b4aa37398/lab/extensions/@jupyter-lsp/jupyterlab-lsp/static/661.bd239b6ff6d2fd9fcb36.js?v=bd239b6ff6d2fd9fcb36:0
[    5705ms] [LOG] Editor not found in _editorToSourceLine map @ https://kkb-production.jupyter-proxy.kaggle.net/static/dist/jupyterlab/v-dd191da75eaf47ebd98e8d4b4aa37398/notebook/3512.bundle.js:0
[    5705ms] [WARNING] Could not retrieve current context P @ https://kkb-production.jupyter-proxy.kaggle.net/static/dist/jupyterlab/v-dd191da75eaf47ebd98e8d4b4aa37398/lab/extensions/@jupyter-lsp/jupyterlab-lsp/static/661.bd239b6ff6d2fd9fcb36.js?v=bd239b6ff6d2fd9fcb36:0
[    5705ms] [WARNING] Could not get context @ https://kkb-production.jupyter-proxy.kaggle.net/static/dist/jupyterlab/v-dd191da75eaf47ebd98e8d4b4aa37398/lab/extensions/@jupyter-lsp/jupyterlab-lsp/static/661.bd239b6ff6d2fd9fcb36.js?v=bd239b6ff6d2fd9fcb36:0
[    5705ms] [LOG] Editor not found in _editorToSourceLine map @ https://kkb-production.jupyter-proxy.kaggle.net/static/dist/jupyterlab/v-dd191da75eaf47ebd98e8d4b4aa37398/notebook/3512.bundle.js:0
[    5705ms] [WARNING] Could not retrieve current context P @ https://kkb-production.jupyter-proxy.kaggle.net/static/dist/jupyterlab/v-dd191da75eaf47ebd98e8d4b4aa37398/lab/extensions/@jupyter-lsp/jupyterlab-lsp/static/661.bd239b6ff6d2fd9fcb36.js?v=bd239b6ff6d2fd9fcb36:0
[    5706ms] [WARNING] Could not get context @ https://kkb-production.jupyter-proxy.kaggle.net/static/dist/jupyterlab/v-dd191da75eaf47ebd98e8d4b4aa37398/lab/extensions/@jupyter-lsp/jupyterlab-lsp/static/661.bd239b6ff6d2fd9fcb36.js?v=bd239b6ff6d2fd9fcb36:0
[    5706ms] [LOG] Editor not found in _editorToSourceLine map @ https://kkb-production.jupyter-proxy.kaggle.net/static/dist/jupyterlab/v-dd191da75eaf47ebd98e8d4b4aa37398/notebook/3512.bundle.js:0
[    5706ms] [WARNING] Could not retrieve current context P @ https://kkb-production.jupyter-proxy.kaggle.net/static/dist/jupyterlab/v-dd191da75eaf47ebd98e8d4b4aa37398/lab/extensions/@jupyter-lsp/jupyterlab-lsp/static/661.bd239b6ff6d2fd9fcb36.js?v=bd239b6ff6d2fd9fcb36:0
[    5706ms] [WARNING] Could not get context @ https://kkb-production.jupyter-proxy.kaggle.net/static/dist/jupyterlab/v-dd191da75eaf47ebd98e8d4b4aa37398/lab/extensions/@jupyter-lsp/jupyterlab-lsp/static/661.bd239b6ff6d2fd9fcb36.js?v=bd239b6ff6d2fd9fcb36:0
[    5736ms] [LOG] LSP Initialized @ https://kkb-production.jupyter-proxy.kaggle.net/static/assets/jupyterlabinjected.ff1d8bc85b5850c7.js?208f6b4441b61cce:9
[    5906ms] TypeError: Cannot read properties of null (reading 'onAfterShow')
    at _5 (https://kkb-production.jupyter-proxy.kaggle.net/static/assets/jupyterlabinjected.ff1d8bc85b5850c7.js?208f6b4441b61cce:10:359228)
    at https://kkb-production.jupyter-proxy.kaggle.net/static/assets/jupyterlabinjected.ff1d8bc85b5850c7.js?208f6b4441b61cce:10:361290
    at Array.forEach (<anonymous>)
    at https://kkb-production.jupyter-proxy.kaggle.net/static/assets/jupyterlabinjected.ff1d8bc85b5850c7.js?208f6b4441b61cce:10:361262
    at u (https://kkb-production.jupyter-proxy.kaggle.net/static/assets/jupyterlabinjected.ff1d8bc85b5850c7.js?208f6b4441b61cce:10:360733)
    at Object.<anonymous> (https://kkb-production.jupyter-proxy.kaggle.net/static/assets/jupyterlabinjected.ff1d8bc85b5850c7.js?208f6b4441b61cce:10:360020)
    at _6 (https://kkb-production.jupyter-proxy.kaggle.net/static/assets/jupyterlabinjected.ff1d8bc85b5850c7.js?208f6b4441b61cce:10:359340)
    at s (https://kkb-production.jupyter-proxy.kaggle.net/static/assets/jupyterlabinjected.ff1d8bc85b5850c7.js?208f6b4441b61cce:10:359538)
[    5967ms] [LOG] Editor not found in _editorToSourceLine map @ https://kkb-production.jupyter-proxy.kaggle.net/static/dist/jupyterlab/v-dd191da75eaf47ebd98e8d4b4aa37398/notebook/3512.bundle.js:0
[    5967ms] [WARNING] Could not retrieve current context P @ https://kkb-production.jupyter-proxy.kaggle.net/static/dist/jupyterlab/v-dd191da75eaf47ebd98e8d4b4aa37398/lab/extensions/@jupyter-lsp/jupyterlab-lsp/static/661.bd239b6ff6d2fd9fcb36.js?v=bd239b6ff6d2fd9fcb36:0
[    5968ms] [LOG] Editor not found in _editorToSourceLine map @ https://kkb-production.jupyter-proxy.kaggle.net/static/dist/jupyterlab/v-dd191da75eaf47ebd98e8d4b4aa37398/notebook/3512.bundle.js:0
[    5968ms] [WARNING] Could not retrieve current context P @ https://kkb-production.jupyter-proxy.kaggle.net/static/dist/jupyterlab/v-dd191da75eaf47ebd98e8d4b4aa37398/lab/extensions/@jupyter-lsp/jupyterlab-lsp/static/661.bd239b6ff6d2fd9fcb36.js?v=bd239b6ff6d2fd9fcb36:0
[    5969ms] [WARNING] Could not get context @ https://kkb-production.jupyter-proxy.kaggle.net/static/dist/jupyterlab/v-dd191da75eaf47ebd98e8d4b4aa37398/lab/extensions/@jupyter-lsp/jupyterlab-lsp/static/661.bd239b6ff6d2fd9fcb36.js?v=bd239b6ff6d2fd9fcb36:0
[    5969ms] [LOG] Editor not found in _editorToSourceLine map @ https://kkb-production.jupyter-proxy.kaggle.net/static/dist/jupyterlab/v-dd191da75eaf47ebd98e8d4b4aa37398/notebook/3512.bundle.js:0
[    5969ms] [WARNING] Could not retrieve current context P @ https://kkb-production.jupyter-proxy.kaggle.net/static/dist/jupyterlab/v-dd191da75eaf47ebd98e8d4b4aa37398/lab/extensions/@jupyter-lsp/jupyterlab-lsp/static/661.bd239b6ff6d2fd9fcb36.js?v=bd239b6ff6d2fd9fcb36:0
[    5969ms] [WARNING] Could not get context @ https://kkb-production.jupyter-proxy.kaggle.net/static/dist/jupyterlab/v-dd191da75eaf47ebd98e8d4b4aa37398/lab/extensions/@jupyter-lsp/jupyterlab-lsp/static/661.bd239b6ff6d2fd9fcb36.js?v=bd239b6ff6d2fd9fcb36:0
[    5969ms] [LOG] Editor not found in _editorToSourceLine map @ https://kkb-production.jupyter-proxy.kaggle.net/static/dist/jupyterlab/v-dd191da75eaf47ebd98e8d4b4aa37398/notebook/3512.bundle.js:0
[    5969ms] [WARNING] Could not retrieve current context P @ https://kkb-production.jupyter-proxy.kaggle.net/static/dist/jupyterlab/v-dd191da75eaf47ebd98e8d4b4aa37398/lab/extensions/@jupyter-lsp/jupyterlab-lsp/static/661.bd239b6ff6d2fd9fcb36.js?v=bd239b6ff6d2fd9fcb36:0
[    5969ms] [WARNING] Could not get context @ https://kkb-production.jupyter-proxy.kaggle.net/static/dist/jupyterlab/v-dd191da75eaf47ebd98e8d4b4aa37398/lab/extensions/@jupyter-lsp/jupyterlab-lsp/static/661.bd239b6ff6d2fd9fcb36.js?v=bd239b6ff6d2fd9fcb36:0
[    5993ms] [LOG] Editor not found in _editorToSourceLine map @ https://kkb-production.jupyter-proxy.kaggle.net/static/dist/jupyterlab/v-dd191da75eaf47ebd98e8d4b4aa37398/notebook/3512.bundle.js:0
[    5993ms] [WARNING] Could not retrieve current context P @ https://kkb-production.jupyter-proxy.kaggle.net/static/dist/jupyterlab/v-dd191da75eaf47ebd98e8d4b4aa37398/lab/extensions/@jupyter-lsp/jupyterlab-lsp/static/661.bd239b6ff6d2fd9fcb36.js?v=bd239b6ff6d2fd9fcb36:0
[    5994ms] [LOG] Editor not found in _editorToSourceLine map @ https://kkb-production.jupyter-proxy.kaggle.net/static/dist/jupyterlab/v-dd191da75eaf47ebd98e8d4b4aa37398/notebook/3512.bundle.js:0
[    5994ms] [WARNING] Could not retrieve current context P @ https://kkb-production.jupyter-proxy.kaggle.net/static/dist/jupyterlab/v-dd191da75eaf47ebd98e8d4b4aa37398/lab/extensions/@jupyter-lsp/jupyterlab-lsp/static/661.bd239b6ff6d2fd9fcb36.js?v=bd239b6ff6d2fd9fcb36:0
[    5994ms] [WARNING] Could not get context @ https://kkb-production.jupyter-proxy.kaggle.net/static/dist/jupyterlab/v-dd191da75eaf47ebd98e8d4b4aa37398/lab/extensions/@jupyter-lsp/jupyterlab-lsp/static/661.bd239b6ff6d2fd9fcb36.js?v=bd239b6ff6d2fd9fcb36:0
[    5995ms] [LOG] Editor not found in _editorToSourceLine map @ https://kkb-production.jupyter-proxy.kaggle.net/static/dist/jupyterlab/v-dd191da75eaf47ebd98e8d4b4aa37398/notebook/3512.bundle.js:0
[    5995ms] [WARNING] Could not retrieve current context P @ https://kkb-production.jupyter-proxy.kaggle.net/static/dist/jupyterlab/v-dd191da75eaf47ebd98e8d4b4aa37398/lab/extensions/@jupyter-lsp/jupyterlab-lsp/static/661.bd239b6ff6d2fd9fcb36.js?v=bd239b6ff6d2fd9fcb36:0
[    5995ms] [WARNING] Could not get context @ https://kkb-production.jupyter-proxy.kaggle.net/static/dist/jupyterlab/v-dd191da75eaf47ebd98e8d4b4aa37398/lab/extensions/@jupyter-lsp/jupyterlab-lsp/static/661.bd239b6ff6d2fd9fcb36.js?v=bd239b6ff6d2fd9fcb36:0
[    5995ms] [LOG] Editor not found in _editorToSourceLine map @ https://kkb-production.jupyter-proxy.kaggle.net/static/dist/jupyterlab/v-dd191da75eaf47ebd98e8d4b4aa37398/notebook/3512.bundle.js:0
[    5995ms] [WARNING] Could not retrieve current context P @ https://kkb-production.jupyter-proxy.kaggle.net/static/dist/jupyterlab/v-dd191da75eaf47ebd98e8d4b4aa37398/lab/extensions/@jupyter-lsp/jupyterlab-lsp/static/661.bd239b6ff6d2fd9fcb36.js?v=bd239b6ff6d2fd9fcb36:0
[    5995ms] [WARNING] Could not get context @ https://kkb-production.jupyter-proxy.kaggle.net/static/dist/jupyterlab/v-dd191da75eaf47ebd98e8d4b4aa37398/lab/extensions/@jupyter-lsp/jupyterlab-lsp/static/661.bd239b6ff6d2fd9fcb36.js?v=bd239b6ff6d2fd9fcb36:0
[    6189ms] TypeError: Cannot read properties of undefined (reading 'type')
    at be (https://kkb-production.jupyter-proxy.kaggle.net/static/dist/jupyterlab/v-dd191da75eaf47ebd98e8d4b4aa37398/notebook/374.bundle.js:1:120715)
    at https://kkb-production.jupyter-proxy.kaggle.net/static/dist/jupyterlab/v-dd191da75eaf47ebd98e8d4b4aa37398/notebook/374.bundle.js:1:119134
    at Array.forEach (<anonymous>)
    at l (https://kkb-production.jupyter-proxy.kaggle.net/static/dist/jupyterlab/v-dd191da75eaf47ebd98e8d4b4aa37398/notebook/374.bundle.js:1:119093)
    at c (https://kkb-production.jupyter-proxy.kaggle.net/static/dist/jupyterlab/v-dd191da75eaf47ebd98e8d4b4aa37398/notebook/374.bundle.js:1:120191)
    at a (https://kkb-production.jupyter-proxy.kaggle.net/static/dist/jupyterlab/v-dd191da75eaf47ebd98e8d4b4aa37398/notebook/409.bundle.js:1:2625)
    at e.emit (https://kkb-production.jupyter-proxy.kaggle.net/static/dist/jupyterlab/v-dd191da75eaf47ebd98e8d4b4aa37398/notebook/409.bundle.js:1:2354)
    at o.emit (https://kkb-production.jupyter-proxy.kaggle.net/static/dist/jupyterlab/v-dd191da75eaf47ebd98e8d4b4aa37398/notebook/409.bundle.js:1:334)
    at Ce._onCellInViewportChanged (https://kkb-production.jupyter-proxy.kaggle.net/static/dist/jupyterlab/v-dd191da75eaf47ebd98e8d4b4aa37398/notebook/374.bundle.js:1:74310)
    at a (https://kkb-production.jupyter-proxy.kaggle.net/static/dist/jupyterlab/v-dd191da75eaf47ebd98e8d4b4aa37398/notebook/409.bundle.js:1:2625)
[    6796ms] [ERROR] WebSocket connection to 'wss://kkb-production.jupyter-proxy.kaggle.net/api/events/subscribe' failed: Error during WebSocket handshake: Unexpected response code: 404 @ https://kkb-production.jupyter-proxy.kaggle.net/static/dist/jupyterlab/v-dd191da75eaf47ebd98e8d4b4aa37398/notebook/3676.bundle.js:0
[    9311ms] [ERROR] WebSocket connection to 'wss://kkb-production.jupyter-proxy.kaggle.net/api/events/subscribe' failed: Error during WebSocket handshake: Unexpected response code: 404 @ https://kkb-production.jupyter-proxy.kaggle.net/static/dist/jupyterlab/v-dd191da75eaf47ebd98e8d4b4aa37398/notebook/3676.bundle.js:0
[   15101ms] [ERROR] WebSocket connection to 'wss://kkb-production.jupyter-proxy.kaggle.net/api/events/subscribe' failed: Error during WebSocket handshake: Unexpected response code: 404 @ https://kkb-production.jupyter-proxy.kaggle.net/static/dist/jupyterlab/v-dd191da75eaf47ebd98e8d4b4aa37398/notebook/3676.bundle.js:0
[   19496ms] [TABLE] [Object] @ https://kkb-production.jupyter-proxy.kaggle.net/static/assets/jupyterlabinjected.ff1d8bc85b5850c7.js?208f6b4441b61cce:9
[   19496ms] [TABLE] [o] @ https://kkb-production.jupyter-proxy.kaggle.net/static/assets/jupyterlabinjected.ff1d8bc85b5850c7.js?208f6b4441b61cce:9
[   21729ms] [LOG] Firestore session KdfBM2TZrakUNa1gwmC0hWFUigaBbRHZtBPWAYucGVU-347043427-webtier status ALLOCATED @ https://www.kaggle.com/static/assets/KernelEditor.bc2650c15b8a0f7f.js:0
[   22727ms] [ERROR] WebSocket connection to 'wss://kkb-production.jupyter-proxy.kaggle.net/api/events/subscribe' failed: Error during WebSocket handshake: Unexpected response code: 404 @ https://kkb-production.jupyter-proxy.kaggle.net/static/dist/jupyterlab/v-dd191da75eaf47ebd98e8d4b4aa37398/notebook/3676.bundle.js:0
[   42919ms] [ERROR] WebSocket connection to 'wss://kkb-production.jupyter-proxy.kaggle.net/api/events/subscribe' failed: Error during WebSocket handshake: Unexpected response code: 404 @ https://kkb-production.jupyter-proxy.kaggle.net/static/dist/jupyterlab/v-dd191da75eaf47ebd98e8d4b4aa37398/notebook/3676.bundle.js:0
[   45032ms] [INFO] INSIDE connectKernel (JL) @ https://kkb-production.jupyter-proxy.kaggle.net/static/assets/jupyterlabinjected.ff1d8bc85b5850c7.js?208f6b4441b61cce:9
[   45032ms] [LOG] Connecting python3 kernel through https://kkb-production.jupyter-proxy.kaggle.net/k/347043427/eyJhbGciOiJkaXIiLCJlbmMiOiJBMTI4Q0JDLUhTMjU2IiwidHlwIjoiSldUIn0..g6ByujYA_5ruzl_ba8IRvQ.pKgqVsK6ZMoLLoHdDcWz9p-j9hlIt0OuAyMF5ysMQWuu-Zp5UfLHmFXOihmHs2LJZ6Y2AB24X855SaRVFOcfxZHuufMBahb6DGQVkDP8gdSzRa1q7M2i1kPLDWaUUMppAsU9rtF3lB0FQdmIaXRLZiDrN2LTRhyhMK0e6lI11tON1UJ-1JZYBCK9EigBnZSBcWPOK7tBCIjxhHrScFwvFzEmXMoML6lfeYniyvA_1zWvnm5jnp0bOPwLnuHZvETH.HLWhpAb3jGEphyKUU5zYXw/proxy. @ https://kkb-production.jupyter-proxy.kaggle.net/static/assets/jupyterlabinjected.ff1d8bc85b5850c7.js?208f6b4441b61cce:9
[   45033ms] [LOG] setWSURL: Refreshing running... @ https://kkb-production.jupyter-proxy.kaggle.net/static/assets/jupyterlabinjected.ff1d8bc85b5850c7.js?208f6b4441b61cce:9
[   45297ms] [LOG] Firestore session KdfBM2TZrakUNa1gwmC0hWFUigaBbRHZtBPWAYucGVU-347043427-webtier status EXECUTING @ https://www.kaggle.com/static/assets/KernelEditor.bc2650c15b8a0f7f.js:0
[   45651ms] [LOG] setWSURL: model connection... @ https://kkb-production.jupyter-proxy.kaggle.net/static/assets/jupyterlabinjected.ff1d8bc85b5850c7.js?208f6b4441b61cce:9
[   45654ms] [LOG] setWSURL: model connected! @ https://kkb-production.jupyter-proxy.kaggle.net/static/assets/jupyterlabinjected.ff1d8bc85b5850c7.js?208f6b4441b61cce:9
[   45656ms] [WARNING] Specification not available for server pylsp @ https://kkb-production.jupyter-proxy.kaggle.net/static/dist/jupyterlab/v-dd191da75eaf47ebd98e8d4b4aa37398/notebook/3512.bundle.js:0
[   47270ms] [LOG] Editor not found in _editorToSourceLine map @ https://kkb-production.jupyter-proxy.kaggle.net/static/dist/jupyterlab/v-dd191da75eaf47ebd98e8d4b4aa37398/notebook/3512.bundle.js:0
[   47271ms] [WARNING] Could not retrieve current context P @ https://kkb-production.jupyter-proxy.kaggle.net/static/dist/jupyterlab/v-dd191da75eaf47ebd98e8d4b4aa37398/lab/extensions/@jupyter-lsp/jupyterlab-lsp/static/661.bd239b6ff6d2fd9fcb36.js?v=bd239b6ff6d2fd9fcb36:0
[   47274ms] [LOG] Editor not found in _editorToSourceLine map @ https://kkb-production.jupyter-proxy.kaggle.net/static/dist/jupyterlab/v-dd191da75eaf47ebd98e8d4b4aa37398/notebook/3512.bundle.js:0
[   47274ms] [WARNING] Could not retrieve current context P @ https://kkb-production.jupyter-proxy.kaggle.net/static/dist/jupyterlab/v-dd191da75eaf47ebd98e8d4b4aa37398/lab/extensions/@jupyter-lsp/jupyterlab-lsp/static/661.bd239b6ff6d2fd9fcb36.js?v=bd239b6ff6d2fd9fcb36:0
[   47274ms] [WARNING] Could not get context @ https://kkb-production.jupyter-proxy.kaggle.net/static/dist/jupyterlab/v-dd191da75eaf47ebd98e8d4b4aa37398/lab/extensions/@jupyter-lsp/jupyterlab-lsp/static/661.bd239b6ff6d2fd9fcb36.js?v=bd239b6ff6d2fd9fcb36:0
[   47274ms] [LOG] Editor not found in _editorToSourceLine map @ https://kkb-production.jupyter-proxy.kaggle.net/static/dist/jupyterlab/v-dd191da75eaf47ebd98e8d4b4aa37398/notebook/3512.bundle.js:0
[   47274ms] [WARNING] Could not retrieve current context P @ https://kkb-production.jupyter-proxy.kaggle.net/static/dist/jupyterlab/v-dd191da75eaf47ebd98e8d4b4aa37398/lab/extensions/@jupyter-lsp/jupyterlab-lsp/static/661.bd239b6ff6d2fd9fcb36.js?v=bd239b6ff6d2fd9fcb36:0
[   47274ms] [WARNING] Could not get context @ https://kkb-production.jupyter-proxy.kaggle.net/static/dist/jupyterlab/v-dd191da75eaf47ebd98e8d4b4aa37398/lab/extensions/@jupyter-lsp/jupyterlab-lsp/static/661.bd239b6ff6d2fd9fcb36.js?v=bd239b6ff6d2fd9fcb36:0
[   47275ms] [LOG] Editor not found in _editorToSourceLine map @ https://kkb-production.jupyter-proxy.kaggle.net/static/dist/jupyterlab/v-dd191da75eaf47ebd98e8d4b4aa37398/notebook/3512.bundle.js:0
[   47275ms] [WARNING] Could not retrieve current context P @ https://kkb-production.jupyter-proxy.kaggle.net/static/dist/jupyterlab/v-dd191da75eaf47ebd98e8d4b4aa37398/lab/extensions/@jupyter-lsp/jupyterlab-lsp/static/661.bd239b6ff6d2fd9fcb36.js?v=bd239b6ff6d2fd9fcb36:0
[   47275ms] [WARNING] Could not get context @ https://kkb-production.jupyter-proxy.kaggle.net/static/dist/jupyterlab/v-dd191da75eaf47ebd98e8d4b4aa37398/lab/extensions/@jupyter-lsp/jupyterlab-lsp/static/661.bd239b6ff6d2fd9fcb36.js?v=bd239b6ff6d2fd9fcb36:0
[   47936ms] [WARNING] Specification not available for server pylsp @ https://kkb-production.jupyter-proxy.kaggle.net/static/dist/jupyterlab/v-dd191da75eaf47ebd98e8d4b4aa37398/notebook/3512.bundle.js:0
[   47937ms] [WARNING] Editor accessor not found from node, falling back to activeEditor @ https://kkb-production.jupyter-proxy.kaggle.net/static/dist/jupyterlab/v-dd191da75eaf47ebd98e8d4b4aa37398/lab/extensions/@jupyter-lsp/jupyterlab-lsp/static/661.bd239b6ff6d2fd9fcb36.js?v=bd239b6ff6d2fd9fcb36:0
[   47937ms] [WARNING] Editor accessor not found from node, falling back to activeEditor @ https://kkb-production.jupyter-proxy.kaggle.net/static/dist/jupyterlab/v-dd191da75eaf47ebd98e8d4b4aa37398/lab/extensions/@jupyter-lsp/jupyterlab-lsp/static/661.bd239b6ff6d2fd9fcb36.js?v=bd239b6ff6d2fd9fcb36:0
[   47937ms] [WARNING] Editor accessor not found from node, falling back to activeEditor @ https://kkb-production.jupyter-proxy.kaggle.net/static/dist/jupyterlab/v-dd191da75eaf47ebd98e8d4b4aa37398/lab/extensions/@jupyter-lsp/jupyterlab-lsp/static/661.bd239b6ff6d2fd9fcb36.js?v=bd239b6ff6d2fd9fcb36:0
[   47937ms] [WARNING] Editor accessor not found from node, falling back to activeEditor @ https://kkb-production.jupyter-proxy.kaggle.net/static/dist/jupyterlab/v-dd191da75eaf47ebd98e8d4b4aa37398/lab/extensions/@jupyter-lsp/jupyterlab-lsp/static/661.bd239b6ff6d2fd9fcb36.js?v=bd239b6ff6d2fd9fcb36:0
[   47937ms] [WARNING] Editor accessor not found from node, falling back to activeEditor @ https://kkb-production.jupyter-proxy.kaggle.net/static/dist/jupyterlab/v-dd191da75eaf47ebd98e8d4b4aa37398/lab/extensions/@jupyter-lsp/jupyterlab-lsp/static/661.bd239b6ff6d2fd9fcb36.js?v=bd239b6ff6d2fd9fcb36:0
[   47937ms] [WARNING] Editor accessor not found from node, falling back to activeEditor @ https://kkb-production.jupyter-proxy.kaggle.net/static/dist/jupyterlab/v-dd191da75eaf47ebd98e8d4b4aa37398/lab/extensions/@jupyter-lsp/jupyterlab-lsp/static/661.bd239b6ff6d2fd9fcb36.js?v=bd239b6ff6d2fd9fcb36:0
[   47937ms] [WARNING] Editor accessor not found from node, falling back to activeEditor @ https://kkb-production.jupyter-proxy.kaggle.net/static/dist/jupyterlab/v-dd191da75eaf47ebd98e8d4b4aa37398/lab/extensions/@jupyter-lsp/jupyterlab-lsp/static/661.bd239b6ff6d2fd9fcb36.js?v=bd239b6ff6d2fd9fcb36:0
[   47937ms] [WARNING] Editor accessor not found from node, falling back to activeEditor @ https://kkb-production.jupyter-proxy.kaggle.net/static/dist/jupyterlab/v-dd191da75eaf47ebd98e8d4b4aa37398/lab/extensions/@jupyter-lsp/jupyterlab-lsp/static/661.bd239b6ff6d2fd9fcb36.js?v=bd239b6ff6d2fd9fcb36:0
[   47937ms] [WARNING] Editor accessor not found from node, falling back to activeEditor @ https://kkb-production.jupyter-proxy.kaggle.net/static/dist/jupyterlab/v-dd191da75eaf47ebd98e8d4b4aa37398/lab/extensions/@jupyter-lsp/jupyterlab-lsp/static/661.bd239b6ff6d2fd9fcb36.js?v=bd239b6ff6d2fd9fcb36:0
[   47937ms] [WARNING] Editor accessor not found from node, falling back to activeEditor @ https://kkb-production.jupyter-proxy.kaggle.net/static/dist/jupyterlab/v-dd191da75eaf47ebd98e8d4b4aa37398/lab/extensions/@jupyter-lsp/jupyterlab-lsp/static/661.bd239b6ff6d2fd9fcb36.js?v=bd239b6ff6d2fd9fcb36:0
[   48284ms] [WARNING] Failed to fetch ipywidgets through the "jupyter.widget.control" comm channel, fallback to fetching individual model state. Reason: Control comm was closed too early @ https://kkb-production.jupyter-proxy.kaggle.net/static/dist/jupyterlab/v-dd191da75eaf47ebd98e8d4b4aa37398/lab/extensions/@jupyter-widgets/jupyterlab-manager/static/327.68dbf8491690b3aff1e7.js?v=68dbf8491690b3aff1e7:0
[   58519ms] [ERROR] TypeError: Cannot read properties of null (reading 'join')
    at get value (https://kkb-production.jupyter-proxy.kaggle.net/static/dist/jupyterlab/v-dd191da75eaf47ebd98e8d4b4aa37398/notebook/3512.bundle.js:1:36047)
    at z.documentChanged (https://kkb-production.jupyter-proxy.kaggle.net/static/dist/jupyterlab/v-dd191da75eaf47ebd98e8d4b4aa37398/notebook/3512.bundle.js:1:4566)
    at z.onConnected (https://kkb-production.jupyter-proxy.kaggle.net/static/dist/jupyterlab/v-dd191da75eaf47ebd98e8d4b4aa37398/notebook/3512.bundle.js:1:5265)
    at async z._connect (https://kkb-production.jupyter-proxy.kaggle.net/static/dist/jupyterlab/v-dd191da75eaf47ebd98e8d4b4aa37398/notebook/3512.bundle.js:1:7579)
    at async z.connectDocument (https://kkb-production.jupyter-proxy.kaggle.net/static/dist/jupyterlab/v-dd191da75eaf47ebd98e8d4b4aa37398/notebook/3512.bundle.js:1:6151) @ :0
[   58519ms] [LOG] LSP is connected @ https://kkb-production.jupyter-proxy.kaggle.net/static/assets/jupyterlabinjected.ff1d8bc85b5850c7.js?208f6b4441b61cce:9
[   58526ms] [WARNING] Specification not available for server pylsp @ https://kkb-production.jupyter-proxy.kaggle.net/static/dist/jupyterlab/v-dd191da75eaf47ebd98e8d4b4aa37398/notebook/3512.bundle.js:0
[   58526ms] [WARNING] Specification not available for server pylsp @ https://kkb-production.jupyter-proxy.kaggle.net/static/dist/jupyterlab/v-dd191da75eaf47ebd98e8d4b4aa37398/notebook/3512.bundle.js:0
[   58527ms] [WARNING] Specification not available for server pylsp @ https://kkb-production.jupyter-proxy.kaggle.net/static/dist/jupyterlab/v-dd191da75eaf47ebd98e8d4b4aa37398/notebook/3512.bundle.js:0
[   58532ms] [WARNING] Specification not available for server pylsp @ https://kkb-production.jupyter-proxy.kaggle.net/static/dist/jupyterlab/v-dd191da75eaf47ebd98e8d4b4aa37398/notebook/3512.bundle.js:0
[   58536ms] [WARNING] Specification not available for server pylsp @ https://kkb-production.jupyter-proxy.kaggle.net/static/dist/jupyterlab/v-dd191da75eaf47ebd98e8d4b4aa37398/notebook/3512.bundle.js:0
[   58536ms] [WARNING] Specification not available for server pylsp @ https://kkb-production.jupyter-proxy.kaggle.net/static/dist/jupyterlab/v-dd191da75eaf47ebd98e8d4b4aa37398/notebook/3512.bundle.js:0
[   58540ms] [WARNING] Specification not available for server pylsp @ https://kkb-production.jupyter-proxy.kaggle.net/static/dist/jupyterlab/v-dd191da75eaf47ebd98e8d4b4aa37398/notebook/3512.bundle.js:0
[   60772ms] [WARNING] Specification not available for server pylsp @ https://kkb-production.jupyter-proxy.kaggle.net/static/dist/jupyterlab/v-dd191da75eaf47ebd98e8d4b4aa37398/notebook/3512.bundle.js:0
[   62815ms] [WARNING] Specification not available for server pylsp @ https://kkb-production.jupyter-proxy.kaggle.net/static/dist/jupyterlab/v-dd191da75eaf47ebd98e8d4b4aa37398/notebook/3512.bundle.js:0
[   63050ms] [WARNING] Specification not available for server pylsp @ https://kkb-production.jupyter-proxy.kaggle.net/static/dist/jupyterlab/v-dd191da75eaf47ebd98e8d4b4aa37398/notebook/3512.bundle.js:0
[   63634ms] [LOG] skipping highlights response: cursor moved since it was requested @ https://kkb-production.jupyter-proxy.kaggle.net/static/dist/jupyterlab/v-dd191da75eaf47ebd98e8d4b4aa37398/lab/extensions/@jupyter-lsp/jupyterlab-lsp/static/661.bd239b6ff6d2fd9fcb36.js?v=bd239b6ff6d2fd9fcb36:0
[   63635ms] [LOG] skipping highlights response: cursor moved since it was requested @ https://kkb-production.jupyter-proxy.kaggle.net/static/dist/jupyterlab/v-dd191da75eaf47ebd98e8d4b4aa37398/lab/extensions/@jupyter-lsp/jupyterlab-lsp/static/661.bd239b6ff6d2fd9fcb36.js?v=bd239b6ff6d2fd9fcb36:0
[   69064ms] [LOG] not requesting highlights (token did not change) {value: '{"train.csv": "id,number,category,target\\r\\n000…t\\r\\n103,0.0\\r\\n101,0.0\\r\\n102,0.0\\r\\n"}', offset: 236, type: String} @ https://kkb-production.jupyter-proxy.kaggle.net/static/dist/jupyterlab/v-dd191da75eaf47ebd98e8d4b4aa37398/lab/extensions/@jupyter-lsp/jupyterlab-lsp/static/661.bd239b6ff6d2fd9fcb36.js?v=bd239b6ff6d2fd9fcb36:0
[  126000ms] [WARNING] Specification not available for server pylsp @ https://kkb-production.jupyter-proxy.kaggle.net/static/dist/jupyterlab/v-dd191da75eaf47ebd98e8d4b4aa37398/notebook/3512.bundle.js:0
[  128605ms] [WARNING] Specification not available for server pylsp @ https://kkb-production.jupyter-proxy.kaggle.net/static/dist/jupyterlab/v-dd191da75eaf47ebd98e8d4b4aa37398/notebook/3512.bundle.js:0
[  163139ms] [ERROR] Failed to load resource: the server responded with a status of 404 () @ https://www.kaggle.com/static/assets/vendor.css?v=dne:0
[  270318ms] [LOG] Editor not found in _editorToSourceLine map @ https://kkb-production.jupyter-proxy.kaggle.net/static/dist/jupyterlab/v-dd191da75eaf47ebd98e8d4b4aa37398/notebook/3512.bundle.js:0
[  270318ms] [WARNING] Could not retrieve current context P @ https://kkb-production.jupyter-proxy.kaggle.net/static/dist/jupyterlab/v-dd191da75eaf47ebd98e8d4b4aa37398/lab/extensions/@jupyter-lsp/jupyterlab-lsp/static/661.bd239b6ff6d2fd9fcb36.js?v=bd239b6ff6d2fd9fcb36:0
[  270320ms] [LOG] Editor not found in _editorToSourceLine map @ https://kkb-production.jupyter-proxy.kaggle.net/static/dist/jupyterlab/v-dd191da75eaf47ebd98e8d4b4aa37398/notebook/3512.bundle.js:0
[  270320ms] [WARNING] Could not retrieve current context P @ https://kkb-production.jupyter-proxy.kaggle.net/static/dist/jupyterlab/v-dd191da75eaf47ebd98e8d4b4aa37398/lab/extensions/@jupyter-lsp/jupyterlab-lsp/static/661.bd239b6ff6d2fd9fcb36.js?v=bd239b6ff6d2fd9fcb36:0
[  270320ms] [WARNING] Could not get context @ https://kkb-production.jupyter-proxy.kaggle.net/static/dist/jupyterlab/v-dd191da75eaf47ebd98e8d4b4aa37398/lab/extensions/@jupyter-lsp/jupyterlab-lsp/static/661.bd239b6ff6d2fd9fcb36.js?v=bd239b6ff6d2fd9fcb36:0
[  270320ms] [LOG] Editor not found in _editorToSourceLine map @ https://kkb-production.jupyter-proxy.kaggle.net/static/dist/jupyterlab/v-dd191da75eaf47ebd98e8d4b4aa37398/notebook/3512.bundle.js:0
[  270320ms] [WARNING] Could not retrieve current context P @ https://kkb-production.jupyter-proxy.kaggle.net/static/dist/jupyterlab/v-dd191da75eaf47ebd98e8d4b4aa37398/lab/extensions/@jupyter-lsp/jupyterlab-lsp/static/661.bd239b6ff6d2fd9fcb36.js?v=bd239b6ff6d2fd9fcb36:0
[  270320ms] [WARNING] Could not get context @ https://kkb-production.jupyter-proxy.kaggle.net/static/dist/jupyterlab/v-dd191da75eaf47ebd98e8d4b4aa37398/lab/extensions/@jupyter-lsp/jupyterlab-lsp/static/661.bd239b6ff6d2fd9fcb36.js?v=bd239b6ff6d2fd9fcb36:0
[  270320ms] [LOG] Editor not found in _editorToSourceLine map @ https://kkb-production.jupyter-proxy.kaggle.net/static/dist/jupyterlab/v-dd191da75eaf47ebd98e8d4b4aa37398/notebook/3512.bundle.js:0
[  270321ms] [WARNING] Could not retrieve current context P @ https://kkb-production.jupyter-proxy.kaggle.net/static/dist/jupyterlab/v-dd191da75eaf47ebd98e8d4b4aa37398/lab/extensions/@jupyter-lsp/jupyterlab-lsp/static/661.bd239b6ff6d2fd9fcb36.js?v=bd239b6ff6d2fd9fcb36:0
[  270321ms] [WARNING] Could not get context @ https://kkb-production.jupyter-proxy.kaggle.net/static/dist/jupyterlab/v-dd191da75eaf47ebd98e8d4b4aa37398/lab/extensions/@jupyter-lsp/jupyterlab-lsp/static/661.bd239b6ff6d2fd9fcb36.js?v=bd239b6ff6d2fd9fcb36:0
[  270337ms] [WARNING] Specification not available for server pylsp @ https://kkb-production.jupyter-proxy.kaggle.net/static/dist/jupyterlab/v-dd191da75eaf47ebd98e8d4b4aa37398/notebook/3512.bundle.js:0
[  270338ms] [WARNING] Specification not available for server pylsp @ https://kkb-production.jupyter-proxy.kaggle.net/static/dist/jupyterlab/v-dd191da75eaf47ebd98e8d4b4aa37398/notebook/3512.bundle.js:0
[  270338ms] [WARNING] Specification not available for server pylsp @ https://kkb-production.jupyter-proxy.kaggle.net/static/dist/jupyterlab/v-dd191da75eaf47ebd98e8d4b4aa37398/notebook/3512.bundle.js:0
[  272717ms] [WARNING] Specification not available for server pylsp @ https://kkb-production.jupyter-proxy.kaggle.net/static/dist/jupyterlab/v-dd191da75eaf47ebd98e8d4b4aa37398/notebook/3512.bundle.js:0
[  286023ms] [WARNING] Specification not available for server pylsp @ https://kkb-production.jupyter-proxy.kaggle.net/static/dist/jupyterlab/v-dd191da75eaf47ebd98e8d4b4aa37398/notebook/3512.bundle.js:0
[  286023ms] [WARNING] Specification not available for server pylsp @ https://kkb-production.jupyter-proxy.kaggle.net/static/dist/jupyterlab/v-dd191da75eaf47ebd98e8d4b4aa37398/notebook/3512.bundle.js:0
[  286023ms] [WARNING] Specification not available for server pylsp @ https://kkb-production.jupyter-proxy.kaggle.net/static/dist/jupyterlab/v-dd191da75eaf47ebd98e8d4b4aa37398/notebook/3512.bundle.js:0
[  286162ms] [WARNING] Could not get highlights: TypeError: Cannot read properties of undefined (reading 'isReady')
    at Wt.requestHighlights (https://kkb-production.jupyter-proxy.kaggle.net/static/dist/jupyterlab/v-dd191da75eaf47ebd98e8d4b4aa37398/lab/extensions/@jupyter-lsp/jupyterlab-lsp/static/661.bd239b6ff6d2fd9fcb36.js?v=bd239b6ff6d2fd9fcb36:1:112615)
    at r.factory [as _factory] (https://kkb-production.jupyter-proxy.kaggle.net/static/dist/jupyterlab/v-dd191da75eaf47ebd98e8d4b4aa37398/notebook/4271.bundle.js:1:4482)
    at r._execute (https://kkb-production.jupyter-proxy.kaggle.net/static/dist/jupyterlab/v-dd191da75eaf47ebd98e8d4b4aa37398/notebook/4271.bundle.js:1:3059)
    at https://kkb-production.jupyter-proxy.kaggle.net/static/dist/jupyterlab/v-dd191da75eaf47ebd98e8d4b4aa37398/notebook/4271.bundle.js:1:2510 @ https://kkb-production.jupyter-proxy.kaggle.net/static/dist/jupyterlab/v-dd191da75eaf47ebd98e8d4b4aa37398/lab/extensions/@jupyter-lsp/jupyterlab-lsp/static/661.bd239b6ff6d2fd9fcb36.js?v=bd239b6ff6d2fd9fcb36:0
[  286162ms] [WARNING] Could not get highlights: TypeError: Cannot read properties of undefined (reading 'isReady')
    at Wt.requestHighlights (https://kkb-production.jupyter-proxy.kaggle.net/static/dist/jupyterlab/v-dd191da75eaf47ebd98e8d4b4aa37398/lab/extensions/@jupyter-lsp/jupyterlab-lsp/static/661.bd239b6ff6d2fd9fcb36.js?v=bd239b6ff6d2fd9fcb36:1:112615)
    at r.factory [as _factory] (https://kkb-production.jupyter-proxy.kaggle.net/static/dist/jupyterlab/v-dd191da75eaf47ebd98e8d4b4aa37398/notebook/4271.bundle.js:1:4482)
    at r._execute (https://kkb-production.jupyter-proxy.kaggle.net/static/dist/jupyterlab/v-dd191da75eaf47ebd98e8d4b4aa37398/notebook/4271.bundle.js:1:3059)
    at https://kkb-production.jupyter-proxy.kaggle.net/static/dist/jupyterlab/v-dd191da75eaf47ebd98e8d4b4aa37398/notebook/4271.bundle.js:1:2510 @ https://kkb-production.jupyter-proxy.kaggle.net/static/dist/jupyterlab/v-dd191da75eaf47ebd98e8d4b4aa37398/lab/extensions/@jupyter-lsp/jupyterlab-lsp/static/661.bd239b6ff6d2fd9fcb36.js?v=bd239b6ff6d2fd9fcb36:0
[  286162ms] [WARNING] Could not get highlights: TypeError: Cannot read properties of undefined (reading 'isReady')
    at Wt.requestHighlights (https://kkb-production.jupyter-proxy.kaggle.net/static/dist/jupyterlab/v-dd191da75eaf47ebd98e8d4b4aa37398/lab/extensions/@jupyter-lsp/jupyterlab-lsp/static/661.bd239b6ff6d2fd9fcb36.js?v=bd239b6ff6d2fd9fcb36:1:112615)
    at r.factory [as _factory] (https://kkb-production.jupyter-proxy.kaggle.net/static/dist/jupyterlab/v-dd191da75eaf47ebd98e8d4b4aa37398/notebook/4271.bundle.js:1:4482)
    at r._execute (https://kkb-production.jupyter-proxy.kaggle.net/static/dist/jupyterlab/v-dd191da75eaf47ebd98e8d4b4aa37398/notebook/4271.bundle.js:1:3059)
    at https://kkb-production.jupyter-proxy.kaggle.net/static/dist/jupyterlab/v-dd191da75eaf47ebd98e8d4b4aa37398/notebook/4271.bundle.js:1:2510 @ https://kkb-production.jupyter-proxy.kaggle.net/static/dist/jupyterlab/v-dd191da75eaf47ebd98e8d4b4aa37398/lab/extensions/@jupyter-lsp/jupyterlab-lsp/static/661.bd239b6ff6d2fd9fcb36.js?v=bd239b6ff6d2fd9fcb36:0
[  288156ms] [WARNING] Specification not available for server pylsp @ https://kkb-production.jupyter-proxy.kaggle.net/static/dist/jupyterlab/v-dd191da75eaf47ebd98e8d4b4aa37398/notebook/3512.bundle.js:0
[  291906ms] [WARNING] Specification not available for server pylsp @ https://kkb-production.jupyter-proxy.kaggle.net/static/dist/jupyterlab/v-dd191da75eaf47ebd98e8d4b4aa37398/notebook/3512.bundle.js:0
[  314409ms] [WARNING] Specification not available for server pylsp @ https://kkb-production.jupyter-proxy.kaggle.net/static/dist/jupyterlab/v-dd191da75eaf47ebd98e8d4b4aa37398/notebook/3512.bundle.js:0
[  314409ms] [WARNING] Specification not available for server pylsp @ https://kkb-production.jupyter-proxy.kaggle.net/static/dist/jupyterlab/v-dd191da75eaf47ebd98e8d4b4aa37398/notebook/3512.bundle.js:0
[  314409ms] [WARNING] Specification not available for server pylsp @ https://kkb-production.jupyter-proxy.kaggle.net/static/dist/jupyterlab/v-dd191da75eaf47ebd98e8d4b4aa37398/notebook/3512.bundle.js:0
[  316612ms] [WARNING] Specification not available for server pylsp @ https://kkb-production.jupyter-proxy.kaggle.net/static/dist/jupyterlab/v-dd191da75eaf47ebd98e8d4b4aa37398/notebook/3512.bundle.js:0
[  319639ms] [TABLE] [Object] @ https://kkb-production.jupyter-proxy.kaggle.net/static/assets/jupyterlabinjected.ff1d8bc85b5850c7.js?208f6b4441b61cce:9
[  319640ms] [TABLE] [o, o] @ https://kkb-production.jupyter-proxy.kaggle.net/static/assets/jupyterlabinjected.ff1d8bc85b5850c7.js?208f6b4441b61cce:9
[  366027ms] [WARNING] Specification not available for server pylsp @ https://kkb-production.jupyter-proxy.kaggle.net/static/dist/jupyterlab/v-dd191da75eaf47ebd98e8d4b4aa37398/notebook/3512.bundle.js:0
[  367777ms] [WARNING] Specification not available for server pylsp @ https://kkb-production.jupyter-proxy.kaggle.net/static/dist/jupyterlab/v-dd191da75eaf47ebd98e8d4b4aa37398/notebook/3512.bundle.js:0
[  446074ms] [WARNING] Specification not available for server pylsp @ https://kkb-production.jupyter-proxy.kaggle.net/static/dist/jupyterlab/v-dd191da75eaf47ebd98e8d4b4aa37398/notebook/3512.bundle.js:0
[  447063ms] [WARNING] Specification not available for server pylsp @ https://kkb-production.jupyter-proxy.kaggle.net/static/dist/jupyterlab/v-dd191da75eaf47ebd98e8d4b4aa37398/notebook/3512.bundle.js:0
[  448423ms] [WARNING] Specification not available for server pylsp @ https://kkb-production.jupyter-proxy.kaggle.net/static/dist/jupyterlab/v-dd191da75eaf47ebd98e8d4b4aa37398/notebook/3512.bundle.js:0
[  449127ms] [WARNING] Specification not available for server pylsp @ https://kkb-production.jupyter-proxy.kaggle.net/static/dist/jupyterlab/v-dd191da75eaf47ebd98e8d4b4aa37398/notebook/3512.bundle.js:0
[  449641ms] [WARNING] Specification not available for server pylsp @ https://kkb-production.jupyter-proxy.kaggle.net/static/dist/jupyterlab/v-dd191da75eaf47ebd98e8d4b4aa37398/notebook/3512.bundle.js:0
