[     470ms] [ERROR] Failed to load resource: net::ERR_BLOCKED_BY_CLIENT.Inspector @ https://accounts.google.com/gsi/client:0
[     474ms] [ERROR] Failed to load resource: net::ERR_BLOCKED_BY_CLIENT.Inspector @ https://fonts.googleapis.com/css?family=Inter:400,400i,500,500i,600,600i,700,700i&display=swap:0
[     476ms] [ERROR] Failed to load resource: net::ERR_BLOCKED_BY_CLIENT.Inspector @ https://fonts.googleapis.com/css2?family=Google+Symbols:FILL,wght@0..1,300..700&display=block:0
[     535ms] [ERROR] Failed to load resource: net::ERR_BLOCKED_BY_CLIENT.Inspector @ https://fonts.googleapis.com/css2?family=Roboto+Mono:ital,wght@0,100..700;1,100..700:0
[     538ms] [ERROR] Failed to load resource: net::ERR_BLOCKED_BY_CLIENT.Inspector @ https://fonts.googleapis.com/css2?family=Google+Symbols:wght,FILL@300..700,0..1:0
[     538ms] [ERROR] Failed to load resource: net::ERR_BLOCKED_BY_CLIENT.Inspector @ https://fonts.googleapis.com/css2?family=Google+Sans+Code:ital,wght,MONO@0,300..800,1;1,300..800,1&family=Google+Sans+Flex:opsz,wght@6..144,1..1000&display=swap:0
[     538ms] [ERROR] Failed to load resource: net::ERR_BLOCKED_BY_CLIENT.Inspector @ https://use.typekit.net/tql2nih.css:0
[     759ms] [ERROR] Failed to load resource: net::ERR_BLOCKED_BY_CLIENT.Inspector @ https://www.googletagmanager.com/gtag/js?id=G-T7QHS60L4Q:0
[     761ms] [ERROR] Failed to load resource: net::ERR_BLOCKED_BY_CLIENT.Inspector @ https://apis.google.com/js/api.js:0
[     985ms] [LOG]  _                       _       
| |    Welcome to       | |      
| | __ ___   __ _  __ _ | | ___  
| |/ /|__ \ / _` |/ _` || |/ _ \ 
|   < / _  | (_| | (_| || |  __/ 
|_|\_\\__,_|\__, |\__, ||_|\___| 
             __/ | __/ |         
            |___/ |___/          
 @ https://www.kaggle.com/static/assets/app.js?v=8044b92b0d4a36e8:0
[    1501ms] [ERROR] Failed to load resource: net::ERR_BLOCKED_BY_CLIENT.Inspector @ https://www.google.com/favicon.ico?1788450497436=:0
[    1502ms] [ERROR] Failed to load resource: net::ERR_BLOCKED_BY_CLIENT.Inspector @ https://storage.googleapis.com/kaggle-avatars/thumbnails/default-thumb.png:0
[    1889ms] [ERROR] Failed to load resource: the server responded with a status of 403 () @ https://www.kaggle.com/api/i/user_secrets.UserSecretsService/GetGitHubAccessInfo:0
[    2042ms] [ERROR] Failed to load resource: net::ERR_BLOCKED_BY_CLIENT.Inspector @ https://identitytoolkit.googleapis.com/v1/accounts:signInWithCustomToken?key=AIzaSyD260rHHEeMVDGVqyWq0yszmLJ-5Cgkqrk:0
[    2041ms] FirebaseError: Firebase: Error (auth/internal-error).
    at g (https://www.kaggle.com/static/assets/6803.64af35880ecb1baf.js:1:24993)
    at f (https://www.kaggle.com/static/assets/6803.64af35880ecb1baf.js:1:24825)
    at N (https://www.kaggle.com/static/assets/6803.64af35880ecb1baf.js:1:29965)
    at async D (https://www.kaggle.com/static/assets/6803.64af35880ecb1baf.js:1:30045)
    at async eG (https://www.kaggle.com/static/assets/6803.64af35880ecb1baf.js:1:63136)
[    2230ms] [ERROR] Failed to load resource: the server responded with a status of 403 () @ https://www.kaggle.com/api/i/user_secrets.UserSecretsService/GetDriveAccessInfo:0
[    2245ms] [ERROR] Failed to load resource: the server responded with a status of 403 () @ https://www.kaggle.com/api/i/user_secrets.UserSecretsService/GetDriveAccessInfo:0
[    3269ms] [ERROR] Failed to load resource: net::ERR_BLOCKED_BY_CLIENT.Inspector @ https://storage.googleapis.com/kaggle-kernel-blobs/1402815659?GoogleAccessId=web-data@kaggle-161607.iam.gserviceaccount.com&Expires=1788453829&Signature=IMqcI2wYbBz2HCEZAqFHxnewVW4sA77XGlgPc4k5NG7VF9FLBaA5UR0ESTIR0WBrSvwHWZzOhQYGeQSNQKt3jlr36k0WN%2BHB4hJNhUymu7jnm2D0XUrIN4By8L6VimNSWGinN929Ivry8rebIUD5t8Xffxz7NDH9dTqEHWfZYFYjAoYlZEqo4Zfg85IwOm%2FiGFY1JuWCxqQfIhyvJkz86wo8E2jMWKPCBN7%2FCpsCVHzMr8TWo10kNYCjhaqvDER%2FVAsBBmmqXYxDepY1%2FnuupfjApJdtJs7gxX6PJfwAK6QrOXlcWZcdWwh116yS8OWmgejK8FKrgUedpzDgUxBDbw%3D%3D:0
[    5625ms] [ERROR] Failed to load resource: net::ERR_BLOCKED_BY_CLIENT.Inspector @ https://kkb-production.jupyter-proxy.kaggle.net/download/storage/kaggle-kernel-blobs/1402815659?GoogleAccessId=web-data@kaggle-161607.iam.gserviceaccount.com&Expires=1788453829&Signature=IMqcI2wYbBz2HCEZAqFHxnewVW4sA77XGlgPc4k5NG7VF9FLBaA5UR0ESTIR0WBrSvwHWZzOhQYGeQSNQKt3jlr36k0WN%2BHB4hJNhUymu7jnm2D0XUrIN4By8L6VimNSWGinN929Ivry8rebIUD5t8Xffxz7NDH9dTqEHWfZYFYjAoYlZEqo4Zfg85IwOm%2FiGFY1JuWCxqQfIhyvJkz86wo8E2jMWKPCBN7%2FCpsCVHzMr8TWo10kNYCjhaqvDER%2FVAsBBmmqXYxDepY1%2FnuupfjApJdtJs7gxX6PJfwAK6QrOXlcWZcdWwh116yS8OWmgejK8FKrgUedpzDgUxBDbw%3D%3D:0
[    9634ms] [ERROR] Failed to load resource: net::ERR_BLOCKED_BY_CLIENT.Inspector @ https://kkb-production.jupyter-proxy.kaggle.net/download/storage/kaggle-kernel-blobs/1402815659?GoogleAccessId=web-data@kaggle-161607.iam.gserviceaccount.com&Expires=1788453829&Signature=IMqcI2wYbBz2HCEZAqFHxnewVW4sA77XGlgPc4k5NG7VF9FLBaA5UR0ESTIR0WBrSvwHWZzOhQYGeQSNQKt3jlr36k0WN%2BHB4hJNhUymu7jnm2D0XUrIN4By8L6VimNSWGinN929Ivry8rebIUD5t8Xffxz7NDH9dTqEHWfZYFYjAoYlZEqo4Zfg85IwOm%2FiGFY1JuWCxqQfIhyvJkz86wo8E2jMWKPCBN7%2FCpsCVHzMr8TWo10kNYCjhaqvDER%2FVAsBBmmqXYxDepY1%2FnuupfjApJdtJs7gxX6PJfwAK6QrOXlcWZcdWwh116yS8OWmgejK8FKrgUedpzDgUxBDbw%3D%3D:0
[   16208ms] [ERROR] Failed to load resource: net::ERR_BLOCKED_BY_CLIENT.Inspector @ https://analytics.kaggle.io/record-events:0
[   16208ms] [WARNING] An issue occurred flushing the events queue. TypeError: Failed to fetch
    at https://www.kaggle.com/static/assets/app.js?v=8044b92b0d4a36e8:1:1786561
    at Object.<anonymous> (https://www.kaggle.com/static/assets/app.js?v=8044b92b0d4a36e8:1:1785643)
    at _ (https://www.kaggle.com/static/assets/app.js?v=8044b92b0d4a36e8:1:1780076)
    at i (https://www.kaggle.com/static/assets/app.js?v=8044b92b0d4a36e8:1:1786840)
    at https://www.kaggle.com/static/assets/app.js?v=8044b92b0d4a36e8:1:1786899
    at new Promise (<anonymous>)
    at https://www.kaggle.com/static/assets/app.js?v=8044b92b0d4a36e8:1:1786781
    at r (https://www.kaggle.com/static/assets/app.js?v=8044b92b0d4a36e8:1:1786912)
    at https://www.kaggle.com/static/assets/app.js?v=8044b92b0d4a36e8:1:1787919
    at Object.<anonymous> (https://www.kaggle.com/static/assets/app.js?v=8044b92b0d4a36e8:1:1782203) @ https://www.kaggle.com/static/assets/app.js?v=8044b92b0d4a36e8:0
[   17637ms] [ERROR] Failed to load resource: net::ERR_BLOCKED_BY_CLIENT.Inspector @ https://kkb-production.jupyter-proxy.kaggle.net/download/storage/kaggle-kernel-blobs/1402815659?GoogleAccessId=web-data@kaggle-161607.iam.gserviceaccount.com&Expires=1788453829&Signature=IMqcI2wYbBz2HCEZAqFHxnewVW4sA77XGlgPc4k5NG7VF9FLBaA5UR0ESTIR0WBrSvwHWZzOhQYGeQSNQKt3jlr36k0WN%2BHB4hJNhUymu7jnm2D0XUrIN4By8L6VimNSWGinN929Ivry8rebIUD5t8Xffxz7NDH9dTqEHWfZYFYjAoYlZEqo4Zfg85IwOm%2FiGFY1JuWCxqQfIhyvJkz86wo8E2jMWKPCBN7%2FCpsCVHzMr8TWo10kNYCjhaqvDER%2FVAsBBmmqXYxDepY1%2FnuupfjApJdtJs7gxX6PJfwAK6QrOXlcWZcdWwh116yS8OWmgejK8FKrgUedpzDgUxBDbw%3D%3D:0
[   33644ms] [ERROR] Failed to load resource: net::ERR_BLOCKED_BY_CLIENT.Inspector @ https://kkb-production.jupyter-proxy.kaggle.net/download/storage/kaggle-kernel-blobs/1402815659?GoogleAccessId=web-data@kaggle-161607.iam.gserviceaccount.com&Expires=1788453829&Signature=IMqcI2wYbBz2HCEZAqFHxnewVW4sA77XGlgPc4k5NG7VF9FLBaA5UR0ESTIR0WBrSvwHWZzOhQYGeQSNQKt3jlr36k0WN%2BHB4hJNhUymu7jnm2D0XUrIN4By8L6VimNSWGinN929Ivry8rebIUD5t8Xffxz7NDH9dTqEHWfZYFYjAoYlZEqo4Zfg85IwOm%2FiGFY1JuWCxqQfIhyvJkz86wo8E2jMWKPCBN7%2FCpsCVHzMr8TWo10kNYCjhaqvDER%2FVAsBBmmqXYxDepY1%2FnuupfjApJdtJs7gxX6PJfwAK6QrOXlcWZcdWwh116yS8OWmgejK8FKrgUedpzDgUxBDbw%3D%3D:0
