[     589ms] [ERROR] Failed to load resource: net::ERR_BLOCKED_BY_CLIENT.Inspector @ https://accounts.google.com/gsi/client:0
[     590ms] [ERROR] Failed to load resource: net::ERR_BLOCKED_BY_CLIENT.Inspector @ https://fonts.googleapis.com/css?family=Inter:400,400i,500,500i,600,600i,700,700i&display=swap:0
[     590ms] [ERROR] Failed to load resource: net::ERR_BLOCKED_BY_CLIENT.Inspector @ https://fonts.googleapis.com/css2?family=Google+Symbols:FILL,wght@0..1,300..700&display=block:0
[     652ms] [ERROR] Failed to load resource: net::ERR_BLOCKED_BY_CLIENT.Inspector @ https://fonts.googleapis.com/css2?family=Roboto+Mono:ital,wght@0,100..700;1,100..700:0
[     655ms] [ERROR] Failed to load resource: net::ERR_BLOCKED_BY_CLIENT.Inspector @ https://fonts.googleapis.com/css2?family=Google+Symbols:wght,FILL@300..700,0..1:0
[     655ms] [ERROR] Failed to load resource: net::ERR_BLOCKED_BY_CLIENT.Inspector @ https://fonts.googleapis.com/css2?family=Google+Sans+Code:ital,wght,MONO@0,300..800,1;1,300..800,1&family=Google+Sans+Flex:opsz,wght@6..144,1..1000&display=swap:0
[     655ms] [ERROR] Failed to load resource: net::ERR_BLOCKED_BY_CLIENT.Inspector @ https://use.typekit.net/tql2nih.css:0
[     801ms] [ERROR] Failed to load resource: net::ERR_BLOCKED_BY_CLIENT.Inspector @ https://www.googletagmanager.com/gtag/js?id=G-T7QHS60L4Q:0
[     803ms] [ERROR] Failed to load resource: net::ERR_BLOCKED_BY_CLIENT.Inspector @ https://apis.google.com/js/api.js:0
[    1054ms] [LOG]  _                       _       
| |    Welcome to       | |      
| | __ ___   __ _  __ _ | | ___  
| |/ /|__ \ / _` |/ _` || |/ _ \ 
|   < / _  | (_| | (_| || |  __/ 
|_|\_\\__,_|\__, |\__, ||_|\___| 
             __/ | __/ |         
            |___/ |___/          
 @ https://www.kaggle.com/static/assets/app.js?v=8044b92b0d4a36e8:0
[    1093ms] [WARNING] No `HydrateFallback` element provided to render during initial hydration @ https://www.kaggle.com/static/assets/vendor.js?v=6fd563a9772abf67:255
[    2129ms] [ERROR] Failed to load resource: net::ERR_BLOCKED_BY_CLIENT.Inspector @ https://storage.googleapis.com/kaggle-avatars/thumbnails/default-thumb.png:0
[    2614ms] [ERROR] Failed to load resource: net::ERR_BLOCKED_BY_CLIENT.Inspector @ https://identitytoolkit.googleapis.com/v1/accounts:signInWithCustomToken?key=AIzaSyD260rHHEeMVDGVqyWq0yszmLJ-5Cgkqrk:0
[    2614ms] FirebaseError: Firebase: Error (auth/internal-error).
    at g (https://www.kaggle.com/static/assets/6803.64af35880ecb1baf.js:1:24993)
    at f (https://www.kaggle.com/static/assets/6803.64af35880ecb1baf.js:1:24825)
    at N (https://www.kaggle.com/static/assets/6803.64af35880ecb1baf.js:1:29965)
    at async D (https://www.kaggle.com/static/assets/6803.64af35880ecb1baf.js:1:30045)
    at async eG (https://www.kaggle.com/static/assets/6803.64af35880ecb1baf.js:1:63136)
