[    1538ms] [LOG]  _                       _       
| |    Welcome to       | |      
| | __ ___   __ _  __ _ | | ___  
| |/ /|__ \ / _` |/ _` || |/ _ \ 
|   < / _  | (_| | (_| || |  __/ 
|_|\_\\__,_|\__, |\__, ||_|\___| 
             __/ | __/ |         
            |___/ |___/          
 @ https://www.kaggle.com/static/assets/app.js?v=8044b92b0d4a36e8:0
[    2090ms] [ERROR] Failed to load resource: the server responded with a status of 403 () @ https://www.kaggle.com/api/i/user_secrets.UserSecretsService/GetGitHubAccessInfo:0
[    2480ms] [ERROR] Failed to load resource: the server responded with a status of 403 () @ https://www.kaggle.com/api/i/user_secrets.UserSecretsService/GetDriveAccessInfo:0
[    2486ms] [ERROR] Failed to load resource: the server responded with a status of 403 () @ https://www.kaggle.com/api/i/user_secrets.UserSecretsService/GetDriveAccessInfo:0
[    5007ms] [WARNING] Navigo router library will have soon a major upgrade to version 8.0.0. If you don't have time for such migration please stick with the latest 7.1.2 version. To avoid seeing this message set a strict 7.1.2 in your package.json file. @ https://kkb-production.jupyter-proxy.kaggle.net/static/assets/jupyterlabinjected.ff1d8bc85b5850c7.js?208f6b4441b61cce:6
[    5192ms] [ERROR] Failed to load resource: the server responded with a status of 403 () @ https://www.kaggle.com/api/i/user_secrets.UserSecretsService/GetDriveAccessInfo:0
[    5226ms] [ERROR] Yjs was already imported. This breaks constructor checks and will lead to issues! - https://github.com/yjs/yjs/issues/438 @ https://kkb-production.jupyter-proxy.kaggle.net/static/dist/jupyterlab/v-dd191da75eaf47ebd98e8d4b4aa37398/notebook/7957.bundle.js:0
[    5652ms] [WARNING] Language pack 'en_US' not installed! @ https://kkb-production.jupyter-proxy.kaggle.net/static/dist/jupyterlab/v-dd191da75eaf47ebd98e8d4b4aa37398/notebook/7819.bundle.js:0
[    5689ms] [WARNING] Deprecated shortcut selectors: ".jp-Notebook:focus" was replaced with ".jp-Notebook.jp-mod-commandMode:not(.jp-mod-readWrite) :focus" in JupyterLab 4.1 (present in ".jp-Notebook:focus")
".jp-Notebook:focus.jp-mod-commandMode" was replaced with ".jp-Notebook.jp-mod-commandMode:not(.jp-mod-readWrite) :focus" in JupyterLab 4.1 (present in ".jp-Notebook:focus.jp-mod-commandMode")

The selectors will be substituted transparently this time, but need to be updated at source before next major release. @ https://kkb-production.jupyter-proxy.kaggle.net/static/dist/jupyterlab/v-dd191da75eaf47ebd98e8d4b4aa37398/notebook/5649.bundle.js:0
[    5745ms] [WARNING] Deprecated shortcut selectors: "[data-jp-kernel-user]:focus" was replaced with "[data-jp-kernel-user]:not(.jp-mod-readWrite) :focus:not(:read-write)" in JupyterLab 4.1 (present in "[data-jp-kernel-user]:focus")

The selectors will be substituted transparently this time, but need to be updated at source before next major release. @ https://kkb-production.jupyter-proxy.kaggle.net/static/dist/jupyterlab/v-dd191da75eaf47ebd98e8d4b4aa37398/notebook/5649.bundle.js:0
[    5793ms] [WARNING] Completion provider with identifier CompletionProvider:context is already registered @ https://kkb-production.jupyter-proxy.kaggle.net/static/dist/jupyterlab/v-dd191da75eaf47ebd98e8d4b4aa37398/notebook/2944.bundle.js:0
[    5793ms] [WARNING] Completion provider with identifier CompletionProvider:kernel is already registered @ https://kkb-production.jupyter-proxy.kaggle.net/static/dist/jupyterlab/v-dd191da75eaf47ebd98e8d4b4aa37398/notebook/2944.bundle.js:0
[    5979ms] [WARNING] Could not retrieve current context null @ https://kkb-production.jupyter-proxy.kaggle.net/static/dist/jupyterlab/v-dd191da75eaf47ebd98e8d4b4aa37398/lab/extensions/@jupyter-lsp/jupyterlab-lsp/static/661.bd239b6ff6d2fd9fcb36.js?v=bd239b6ff6d2fd9fcb36:0
[    5984ms] [WARNING] Could not retrieve current context null @ https://kkb-production.jupyter-proxy.kaggle.net/static/dist/jupyterlab/v-dd191da75eaf47ebd98e8d4b4aa37398/lab/extensions/@jupyter-lsp/jupyterlab-lsp/static/661.bd239b6ff6d2fd9fcb36.js?v=bd239b6ff6d2fd9fcb36:0
[    5984ms] [WARNING] Could not get context @ https://kkb-production.jupyter-proxy.kaggle.net/static/dist/jupyterlab/v-dd191da75eaf47ebd98e8d4b4aa37398/lab/extensions/@jupyter-lsp/jupyterlab-lsp/static/661.bd239b6ff6d2fd9fcb36.js?v=bd239b6ff6d2fd9fcb36:0
[    5984ms] [WARNING] Could not retrieve current context null @ https://kkb-production.jupyter-proxy.kaggle.net/static/dist/jupyterlab/v-dd191da75eaf47ebd98e8d4b4aa37398/lab/extensions/@jupyter-lsp/jupyterlab-lsp/static/661.bd239b6ff6d2fd9fcb36.js?v=bd239b6ff6d2fd9fcb36:0
[    5984ms] [WARNING] Could not get context @ https://kkb-production.jupyter-proxy.kaggle.net/static/dist/jupyterlab/v-dd191da75eaf47ebd98e8d4b4aa37398/lab/extensions/@jupyter-lsp/jupyterlab-lsp/static/661.bd239b6ff6d2fd9fcb36.js?v=bd239b6ff6d2fd9fcb36:0
[    5985ms] [WARNING] Could not retrieve current context null @ https://kkb-production.jupyter-proxy.kaggle.net/static/dist/jupyterlab/v-dd191da75eaf47ebd98e8d4b4aa37398/lab/extensions/@jupyter-lsp/jupyterlab-lsp/static/661.bd239b6ff6d2fd9fcb36.js?v=bd239b6ff6d2fd9fcb36:0
[    5985ms] [WARNING] Could not get context @ https://kkb-production.jupyter-proxy.kaggle.net/static/dist/jupyterlab/v-dd191da75eaf47ebd98e8d4b4aa37398/lab/extensions/@jupyter-lsp/jupyterlab-lsp/static/661.bd239b6ff6d2fd9fcb36.js?v=bd239b6ff6d2fd9fcb36:0
[    5999ms] [WARNING] Could not retrieve current context null @ https://kkb-production.jupyter-proxy.kaggle.net/static/dist/jupyterlab/v-dd191da75eaf47ebd98e8d4b4aa37398/lab/extensions/@jupyter-lsp/jupyterlab-lsp/static/661.bd239b6ff6d2fd9fcb36.js?v=bd239b6ff6d2fd9fcb36:0
[    6001ms] [WARNING] Could not retrieve current context null @ https://kkb-production.jupyter-proxy.kaggle.net/static/dist/jupyterlab/v-dd191da75eaf47ebd98e8d4b4aa37398/lab/extensions/@jupyter-lsp/jupyterlab-lsp/static/661.bd239b6ff6d2fd9fcb36.js?v=bd239b6ff6d2fd9fcb36:0
[    6001ms] [WARNING] Could not get context @ https://kkb-production.jupyter-proxy.kaggle.net/static/dist/jupyterlab/v-dd191da75eaf47ebd98e8d4b4aa37398/lab/extensions/@jupyter-lsp/jupyterlab-lsp/static/661.bd239b6ff6d2fd9fcb36.js?v=bd239b6ff6d2fd9fcb36:0
[    6001ms] [WARNING] Could not retrieve current context null @ https://kkb-production.jupyter-proxy.kaggle.net/static/dist/jupyterlab/v-dd191da75eaf47ebd98e8d4b4aa37398/lab/extensions/@jupyter-lsp/jupyterlab-lsp/static/661.bd239b6ff6d2fd9fcb36.js?v=bd239b6ff6d2fd9fcb36:0
[    6001ms] [WARNING] Could not get context @ https://kkb-production.jupyter-proxy.kaggle.net/static/dist/jupyterlab/v-dd191da75eaf47ebd98e8d4b4aa37398/lab/extensions/@jupyter-lsp/jupyterlab-lsp/static/661.bd239b6ff6d2fd9fcb36.js?v=bd239b6ff6d2fd9fcb36:0
[    6001ms] [WARNING] Could not retrieve current context null @ https://kkb-production.jupyter-proxy.kaggle.net/static/dist/jupyterlab/v-dd191da75eaf47ebd98e8d4b4aa37398/lab/extensions/@jupyter-lsp/jupyterlab-lsp/static/661.bd239b6ff6d2fd9fcb36.js?v=bd239b6ff6d2fd9fcb36:0
[    6001ms] [WARNING] Could not get context @ https://kkb-production.jupyter-proxy.kaggle.net/static/dist/jupyterlab/v-dd191da75eaf47ebd98e8d4b4aa37398/lab/extensions/@jupyter-lsp/jupyterlab-lsp/static/661.bd239b6ff6d2fd9fcb36.js?v=bd239b6ff6d2fd9fcb36:0
[    6007ms] [WARNING] Could not retrieve current context null @ https://kkb-production.jupyter-proxy.kaggle.net/static/dist/jupyterlab/v-dd191da75eaf47ebd98e8d4b4aa37398/lab/extensions/@jupyter-lsp/jupyterlab-lsp/static/661.bd239b6ff6d2fd9fcb36.js?v=bd239b6ff6d2fd9fcb36:0
[    6009ms] [WARNING] Could not retrieve current context null @ https://kkb-production.jupyter-proxy.kaggle.net/static/dist/jupyterlab/v-dd191da75eaf47ebd98e8d4b4aa37398/lab/extensions/@jupyter-lsp/jupyterlab-lsp/static/661.bd239b6ff6d2fd9fcb36.js?v=bd239b6ff6d2fd9fcb36:0
[    6009ms] [WARNING] Could not get context @ https://kkb-production.jupyter-proxy.kaggle.net/static/dist/jupyterlab/v-dd191da75eaf47ebd98e8d4b4aa37398/lab/extensions/@jupyter-lsp/jupyterlab-lsp/static/661.bd239b6ff6d2fd9fcb36.js?v=bd239b6ff6d2fd9fcb36:0
[    6010ms] [WARNING] Could not retrieve current context null @ https://kkb-production.jupyter-proxy.kaggle.net/static/dist/jupyterlab/v-dd191da75eaf47ebd98e8d4b4aa37398/lab/extensions/@jupyter-lsp/jupyterlab-lsp/static/661.bd239b6ff6d2fd9fcb36.js?v=bd239b6ff6d2fd9fcb36:0
[    6010ms] [WARNING] Could not get context @ https://kkb-production.jupyter-proxy.kaggle.net/static/dist/jupyterlab/v-dd191da75eaf47ebd98e8d4b4aa37398/lab/extensions/@jupyter-lsp/jupyterlab-lsp/static/661.bd239b6ff6d2fd9fcb36.js?v=bd239b6ff6d2fd9fcb36:0
[    6010ms] [WARNING] Could not retrieve current context null @ https://kkb-production.jupyter-proxy.kaggle.net/static/dist/jupyterlab/v-dd191da75eaf47ebd98e8d4b4aa37398/lab/extensions/@jupyter-lsp/jupyterlab-lsp/static/661.bd239b6ff6d2fd9fcb36.js?v=bd239b6ff6d2fd9fcb36:0
[    6010ms] [WARNING] Could not get context @ https://kkb-production.jupyter-proxy.kaggle.net/static/dist/jupyterlab/v-dd191da75eaf47ebd98e8d4b4aa37398/lab/extensions/@jupyter-lsp/jupyterlab-lsp/static/661.bd239b6ff6d2fd9fcb36.js?v=bd239b6ff6d2fd9fcb36:0
[    6021ms] [WARNING] [Object] @ :0
[    6053ms] [WARNING] TypeError: Cannot convert undefined or null to object
    at Object.entries (<anonymous>)
    at Z.fetchSessions (https://kkb-production.jupyter-proxy.kaggle.net/static/dist/jupyterlab/v-dd191da75eaf47ebd98e8d4b4aa37398/notebook/3512.bundle.js:1:32855) @ https://kkb-production.jupyter-proxy.kaggle.net/static/dist/jupyterlab/v-dd191da75eaf47ebd98e8d4b4aa37398/notebook/3512.bundle.js:0
[    6064ms] [WARNING] Could not retrieve current context null @ https://kkb-production.jupyter-proxy.kaggle.net/static/dist/jupyterlab/v-dd191da75eaf47ebd98e8d4b4aa37398/lab/extensions/@jupyter-lsp/jupyterlab-lsp/static/661.bd239b6ff6d2fd9fcb36.js?v=bd239b6ff6d2fd9fcb36:0
[    6067ms] [WARNING] Could not retrieve current context null @ https://kkb-production.jupyter-proxy.kaggle.net/static/dist/jupyterlab/v-dd191da75eaf47ebd98e8d4b4aa37398/lab/extensions/@jupyter-lsp/jupyterlab-lsp/static/661.bd239b6ff6d2fd9fcb36.js?v=bd239b6ff6d2fd9fcb36:0
[    6067ms] [WARNING] Could not get context @ https://kkb-production.jupyter-proxy.kaggle.net/static/dist/jupyterlab/v-dd191da75eaf47ebd98e8d4b4aa37398/lab/extensions/@jupyter-lsp/jupyterlab-lsp/static/661.bd239b6ff6d2fd9fcb36.js?v=bd239b6ff6d2fd9fcb36:0
[    6067ms] [WARNING] Could not retrieve current context null @ https://kkb-production.jupyter-proxy.kaggle.net/static/dist/jupyterlab/v-dd191da75eaf47ebd98e8d4b4aa37398/lab/extensions/@jupyter-lsp/jupyterlab-lsp/static/661.bd239b6ff6d2fd9fcb36.js?v=bd239b6ff6d2fd9fcb36:0
[    6067ms] [WARNING] Could not get context @ https://kkb-production.jupyter-proxy.kaggle.net/static/dist/jupyterlab/v-dd191da75eaf47ebd98e8d4b4aa37398/lab/extensions/@jupyter-lsp/jupyterlab-lsp/static/661.bd239b6ff6d2fd9fcb36.js?v=bd239b6ff6d2fd9fcb36:0
[    6067ms] [WARNING] Could not retrieve current context null @ https://kkb-production.jupyter-proxy.kaggle.net/static/dist/jupyterlab/v-dd191da75eaf47ebd98e8d4b4aa37398/lab/extensions/@jupyter-lsp/jupyterlab-lsp/static/661.bd239b6ff6d2fd9fcb36.js?v=bd239b6ff6d2fd9fcb36:0
[    6067ms] [WARNING] Could not get context @ https://kkb-production.jupyter-proxy.kaggle.net/static/dist/jupyterlab/v-dd191da75eaf47ebd98e8d4b4aa37398/lab/extensions/@jupyter-lsp/jupyterlab-lsp/static/661.bd239b6ff6d2fd9fcb36.js?v=bd239b6ff6d2fd9fcb36:0
[    6074ms] [WARNING] Could not retrieve current context null @ https://kkb-production.jupyter-proxy.kaggle.net/static/dist/jupyterlab/v-dd191da75eaf47ebd98e8d4b4aa37398/lab/extensions/@jupyter-lsp/jupyterlab-lsp/static/661.bd239b6ff6d2fd9fcb36.js?v=bd239b6ff6d2fd9fcb36:0
[    6076ms] [WARNING] Could not retrieve current context null @ https://kkb-production.jupyter-proxy.kaggle.net/static/dist/jupyterlab/v-dd191da75eaf47ebd98e8d4b4aa37398/lab/extensions/@jupyter-lsp/jupyterlab-lsp/static/661.bd239b6ff6d2fd9fcb36.js?v=bd239b6ff6d2fd9fcb36:0
[    6076ms] [WARNING] Could not get context @ https://kkb-production.jupyter-proxy.kaggle.net/static/dist/jupyterlab/v-dd191da75eaf47ebd98e8d4b4aa37398/lab/extensions/@jupyter-lsp/jupyterlab-lsp/static/661.bd239b6ff6d2fd9fcb36.js?v=bd239b6ff6d2fd9fcb36:0
[    6076ms] [WARNING] Could not retrieve current context null @ https://kkb-production.jupyter-proxy.kaggle.net/static/dist/jupyterlab/v-dd191da75eaf47ebd98e8d4b4aa37398/lab/extensions/@jupyter-lsp/jupyterlab-lsp/static/661.bd239b6ff6d2fd9fcb36.js?v=bd239b6ff6d2fd9fcb36:0
[    6076ms] [WARNING] Could not get context @ https://kkb-production.jupyter-proxy.kaggle.net/static/dist/jupyterlab/v-dd191da75eaf47ebd98e8d4b4aa37398/lab/extensions/@jupyter-lsp/jupyterlab-lsp/static/661.bd239b6ff6d2fd9fcb36.js?v=bd239b6ff6d2fd9fcb36:0
[    6077ms] [WARNING] Could not retrieve current context null @ https://kkb-production.jupyter-proxy.kaggle.net/static/dist/jupyterlab/v-dd191da75eaf47ebd98e8d4b4aa37398/lab/extensions/@jupyter-lsp/jupyterlab-lsp/static/661.bd239b6ff6d2fd9fcb36.js?v=bd239b6ff6d2fd9fcb36:0
[    6077ms] [WARNING] Could not get context @ https://kkb-production.jupyter-proxy.kaggle.net/static/dist/jupyterlab/v-dd191da75eaf47ebd98e8d4b4aa37398/lab/extensions/@jupyter-lsp/jupyterlab-lsp/static/661.bd239b6ff6d2fd9fcb36.js?v=bd239b6ff6d2fd9fcb36:0
[    6083ms] Error: Handler not found for Jupyter API interception: GET - https://kkb-production.jupyter-proxy.kaggle.net/lab/api/settings/@jupyter-widgets/jupyterlab-manager:plugin?1788452260407
    at https://kkb-production.jupyter-proxy.kaggle.net/static/assets/jupyterlabinjected.ff1d8bc85b5850c7.js?208f6b4441b61cce:7:615419
[    6083ms] Error: Handler not found for Jupyter API interception: GET - https://kkb-production.jupyter-proxy.kaggle.net/lab/api/settings/@jupyterlab/completer-extension:inline-completer?1788452260410
    at https://kkb-production.jupyter-proxy.kaggle.net/static/assets/jupyterlabinjected.ff1d8bc85b5850c7.js?208f6b4441b61cce:7:615419
[    6105ms] [WARNING] Could not retrieve current context null @ https://kkb-production.jupyter-proxy.kaggle.net/static/dist/jupyterlab/v-dd191da75eaf47ebd98e8d4b4aa37398/lab/extensions/@jupyter-lsp/jupyterlab-lsp/static/661.bd239b6ff6d2fd9fcb36.js?v=bd239b6ff6d2fd9fcb36:0
[    6107ms] [WARNING] Could not retrieve current context null @ https://kkb-production.jupyter-proxy.kaggle.net/static/dist/jupyterlab/v-dd191da75eaf47ebd98e8d4b4aa37398/lab/extensions/@jupyter-lsp/jupyterlab-lsp/static/661.bd239b6ff6d2fd9fcb36.js?v=bd239b6ff6d2fd9fcb36:0
[    6107ms] [WARNING] Could not get context @ https://kkb-production.jupyter-proxy.kaggle.net/static/dist/jupyterlab/v-dd191da75eaf47ebd98e8d4b4aa37398/lab/extensions/@jupyter-lsp/jupyterlab-lsp/static/661.bd239b6ff6d2fd9fcb36.js?v=bd239b6ff6d2fd9fcb36:0
[    6107ms] [WARNING] Could not retrieve current context null @ https://kkb-production.jupyter-proxy.kaggle.net/static/dist/jupyterlab/v-dd191da75eaf47ebd98e8d4b4aa37398/lab/extensions/@jupyter-lsp/jupyterlab-lsp/static/661.bd239b6ff6d2fd9fcb36.js?v=bd239b6ff6d2fd9fcb36:0
[    6107ms] [WARNING] Could not get context @ https://kkb-production.jupyter-proxy.kaggle.net/static/dist/jupyterlab/v-dd191da75eaf47ebd98e8d4b4aa37398/lab/extensions/@jupyter-lsp/jupyterlab-lsp/static/661.bd239b6ff6d2fd9fcb36.js?v=bd239b6ff6d2fd9fcb36:0
[    6107ms] [WARNING] Could not retrieve current context null @ https://kkb-production.jupyter-proxy.kaggle.net/static/dist/jupyterlab/v-dd191da75eaf47ebd98e8d4b4aa37398/lab/extensions/@jupyter-lsp/jupyterlab-lsp/static/661.bd239b6ff6d2fd9fcb36.js?v=bd239b6ff6d2fd9fcb36:0
[    6107ms] [WARNING] Could not get context @ https://kkb-production.jupyter-proxy.kaggle.net/static/dist/jupyterlab/v-dd191da75eaf47ebd98e8d4b4aa37398/lab/extensions/@jupyter-lsp/jupyterlab-lsp/static/661.bd239b6ff6d2fd9fcb36.js?v=bd239b6ff6d2fd9fcb36:0
[    6129ms] [ERROR] WebSocket connection to 'wss://kkb-production.jupyter-proxy.kaggle.net/api/events/subscribe' failed: Error during WebSocket handshake: Unexpected response code: 404 @ https://kkb-production.jupyter-proxy.kaggle.net/static/dist/jupyterlab/v-dd191da75eaf47ebd98e8d4b4aa37398/notebook/3676.bundle.js:0
[    6134ms] [WARNING] Could not retrieve current context null @ https://kkb-production.jupyter-proxy.kaggle.net/static/dist/jupyterlab/v-dd191da75eaf47ebd98e8d4b4aa37398/lab/extensions/@jupyter-lsp/jupyterlab-lsp/static/661.bd239b6ff6d2fd9fcb36.js?v=bd239b6ff6d2fd9fcb36:0
[    6135ms] [WARNING] Could not retrieve current context null @ https://kkb-production.jupyter-proxy.kaggle.net/static/dist/jupyterlab/v-dd191da75eaf47ebd98e8d4b4aa37398/lab/extensions/@jupyter-lsp/jupyterlab-lsp/static/661.bd239b6ff6d2fd9fcb36.js?v=bd239b6ff6d2fd9fcb36:0
[    6136ms] [WARNING] Could not get context @ https://kkb-production.jupyter-proxy.kaggle.net/static/dist/jupyterlab/v-dd191da75eaf47ebd98e8d4b4aa37398/lab/extensions/@jupyter-lsp/jupyterlab-lsp/static/661.bd239b6ff6d2fd9fcb36.js?v=bd239b6ff6d2fd9fcb36:0
[    6136ms] [WARNING] Could not retrieve current context null @ https://kkb-production.jupyter-proxy.kaggle.net/static/dist/jupyterlab/v-dd191da75eaf47ebd98e8d4b4aa37398/lab/extensions/@jupyter-lsp/jupyterlab-lsp/static/661.bd239b6ff6d2fd9fcb36.js?v=bd239b6ff6d2fd9fcb36:0
[    6136ms] [WARNING] Could not get context @ https://kkb-production.jupyter-proxy.kaggle.net/static/dist/jupyterlab/v-dd191da75eaf47ebd98e8d4b4aa37398/lab/extensions/@jupyter-lsp/jupyterlab-lsp/static/661.bd239b6ff6d2fd9fcb36.js?v=bd239b6ff6d2fd9fcb36:0
[    6136ms] [WARNING] Could not retrieve current context null @ https://kkb-production.jupyter-proxy.kaggle.net/static/dist/jupyterlab/v-dd191da75eaf47ebd98e8d4b4aa37398/lab/extensions/@jupyter-lsp/jupyterlab-lsp/static/661.bd239b6ff6d2fd9fcb36.js?v=bd239b6ff6d2fd9fcb36:0
[    6136ms] [WARNING] Could not get context @ https://kkb-production.jupyter-proxy.kaggle.net/static/dist/jupyterlab/v-dd191da75eaf47ebd98e8d4b4aa37398/lab/extensions/@jupyter-lsp/jupyterlab-lsp/static/661.bd239b6ff6d2fd9fcb36.js?v=bd239b6ff6d2fd9fcb36:0
[    6154ms] [WARNING] Could not retrieve current context null @ https://kkb-production.jupyter-proxy.kaggle.net/static/dist/jupyterlab/v-dd191da75eaf47ebd98e8d4b4aa37398/lab/extensions/@jupyter-lsp/jupyterlab-lsp/static/661.bd239b6ff6d2fd9fcb36.js?v=bd239b6ff6d2fd9fcb36:0
[    6155ms] [WARNING] Could not retrieve current context null @ https://kkb-production.jupyter-proxy.kaggle.net/static/dist/jupyterlab/v-dd191da75eaf47ebd98e8d4b4aa37398/lab/extensions/@jupyter-lsp/jupyterlab-lsp/static/661.bd239b6ff6d2fd9fcb36.js?v=bd239b6ff6d2fd9fcb36:0
[    6155ms] [WARNING] Could not get context @ https://kkb-production.jupyter-proxy.kaggle.net/static/dist/jupyterlab/v-dd191da75eaf47ebd98e8d4b4aa37398/lab/extensions/@jupyter-lsp/jupyterlab-lsp/static/661.bd239b6ff6d2fd9fcb36.js?v=bd239b6ff6d2fd9fcb36:0
[    6156ms] [WARNING] Could not retrieve current context null @ https://kkb-production.jupyter-proxy.kaggle.net/static/dist/jupyterlab/v-dd191da75eaf47ebd98e8d4b4aa37398/lab/extensions/@jupyter-lsp/jupyterlab-lsp/static/661.bd239b6ff6d2fd9fcb36.js?v=bd239b6ff6d2fd9fcb36:0
[    6156ms] [WARNING] Could not get context @ https://kkb-production.jupyter-proxy.kaggle.net/static/dist/jupyterlab/v-dd191da75eaf47ebd98e8d4b4aa37398/lab/extensions/@jupyter-lsp/jupyterlab-lsp/static/661.bd239b6ff6d2fd9fcb36.js?v=bd239b6ff6d2fd9fcb36:0
[    6156ms] [WARNING] Could not retrieve current context null @ https://kkb-production.jupyter-proxy.kaggle.net/static/dist/jupyterlab/v-dd191da75eaf47ebd98e8d4b4aa37398/lab/extensions/@jupyter-lsp/jupyterlab-lsp/static/661.bd239b6ff6d2fd9fcb36.js?v=bd239b6ff6d2fd9fcb36:0
[    6156ms] [WARNING] Could not get context @ https://kkb-production.jupyter-proxy.kaggle.net/static/dist/jupyterlab/v-dd191da75eaf47ebd98e8d4b4aa37398/lab/extensions/@jupyter-lsp/jupyterlab-lsp/static/661.bd239b6ff6d2fd9fcb36.js?v=bd239b6ff6d2fd9fcb36:0
[    6499ms] [LOG] Editor not found in _editorToSourceLine map @ https://kkb-production.jupyter-proxy.kaggle.net/static/dist/jupyterlab/v-dd191da75eaf47ebd98e8d4b4aa37398/notebook/3512.bundle.js:0
[    6499ms] [WARNING] Could not retrieve current context P @ https://kkb-production.jupyter-proxy.kaggle.net/static/dist/jupyterlab/v-dd191da75eaf47ebd98e8d4b4aa37398/lab/extensions/@jupyter-lsp/jupyterlab-lsp/static/661.bd239b6ff6d2fd9fcb36.js?v=bd239b6ff6d2fd9fcb36:0
[    6501ms] [LOG] Editor not found in _editorToSourceLine map @ https://kkb-production.jupyter-proxy.kaggle.net/static/dist/jupyterlab/v-dd191da75eaf47ebd98e8d4b4aa37398/notebook/3512.bundle.js:0
[    6501ms] [WARNING] Could not retrieve current context P @ https://kkb-production.jupyter-proxy.kaggle.net/static/dist/jupyterlab/v-dd191da75eaf47ebd98e8d4b4aa37398/lab/extensions/@jupyter-lsp/jupyterlab-lsp/static/661.bd239b6ff6d2fd9fcb36.js?v=bd239b6ff6d2fd9fcb36:0
[    6502ms] [WARNING] Could not get context @ https://kkb-production.jupyter-proxy.kaggle.net/static/dist/jupyterlab/v-dd191da75eaf47ebd98e8d4b4aa37398/lab/extensions/@jupyter-lsp/jupyterlab-lsp/static/661.bd239b6ff6d2fd9fcb36.js?v=bd239b6ff6d2fd9fcb36:0
[    6502ms] [LOG] Editor not found in _editorToSourceLine map @ https://kkb-production.jupyter-proxy.kaggle.net/static/dist/jupyterlab/v-dd191da75eaf47ebd98e8d4b4aa37398/notebook/3512.bundle.js:0
[    6502ms] [WARNING] Could not retrieve current context P @ https://kkb-production.jupyter-proxy.kaggle.net/static/dist/jupyterlab/v-dd191da75eaf47ebd98e8d4b4aa37398/lab/extensions/@jupyter-lsp/jupyterlab-lsp/static/661.bd239b6ff6d2fd9fcb36.js?v=bd239b6ff6d2fd9fcb36:0
[    6502ms] [WARNING] Could not get context @ https://kkb-production.jupyter-proxy.kaggle.net/static/dist/jupyterlab/v-dd191da75eaf47ebd98e8d4b4aa37398/lab/extensions/@jupyter-lsp/jupyterlab-lsp/static/661.bd239b6ff6d2fd9fcb36.js?v=bd239b6ff6d2fd9fcb36:0
[    6502ms] [LOG] Editor not found in _editorToSourceLine map @ https://kkb-production.jupyter-proxy.kaggle.net/static/dist/jupyterlab/v-dd191da75eaf47ebd98e8d4b4aa37398/notebook/3512.bundle.js:0
[    6503ms] [WARNING] Could not retrieve current context P @ https://kkb-production.jupyter-proxy.kaggle.net/static/dist/jupyterlab/v-dd191da75eaf47ebd98e8d4b4aa37398/lab/extensions/@jupyter-lsp/jupyterlab-lsp/static/661.bd239b6ff6d2fd9fcb36.js?v=bd239b6ff6d2fd9fcb36:0
[    6503ms] [WARNING] Could not get context @ https://kkb-production.jupyter-proxy.kaggle.net/static/dist/jupyterlab/v-dd191da75eaf47ebd98e8d4b4aa37398/lab/extensions/@jupyter-lsp/jupyterlab-lsp/static/661.bd239b6ff6d2fd9fcb36.js?v=bd239b6ff6d2fd9fcb36:0
[    6523ms] [LOG] Editor not found in _editorToSourceLine map @ https://kkb-production.jupyter-proxy.kaggle.net/static/dist/jupyterlab/v-dd191da75eaf47ebd98e8d4b4aa37398/notebook/3512.bundle.js:0
[    6524ms] [WARNING] Could not retrieve current context P @ https://kkb-production.jupyter-proxy.kaggle.net/static/dist/jupyterlab/v-dd191da75eaf47ebd98e8d4b4aa37398/lab/extensions/@jupyter-lsp/jupyterlab-lsp/static/661.bd239b6ff6d2fd9fcb36.js?v=bd239b6ff6d2fd9fcb36:0
[    6526ms] [LOG] Editor not found in _editorToSourceLine map @ https://kkb-production.jupyter-proxy.kaggle.net/static/dist/jupyterlab/v-dd191da75eaf47ebd98e8d4b4aa37398/notebook/3512.bundle.js:0
[    6526ms] [WARNING] Could not retrieve current context P @ https://kkb-production.jupyter-proxy.kaggle.net/static/dist/jupyterlab/v-dd191da75eaf47ebd98e8d4b4aa37398/lab/extensions/@jupyter-lsp/jupyterlab-lsp/static/661.bd239b6ff6d2fd9fcb36.js?v=bd239b6ff6d2fd9fcb36:0
[    6526ms] [WARNING] Could not get context @ https://kkb-production.jupyter-proxy.kaggle.net/static/dist/jupyterlab/v-dd191da75eaf47ebd98e8d4b4aa37398/lab/extensions/@jupyter-lsp/jupyterlab-lsp/static/661.bd239b6ff6d2fd9fcb36.js?v=bd239b6ff6d2fd9fcb36:0
[    6526ms] [LOG] Editor not found in _editorToSourceLine map @ https://kkb-production.jupyter-proxy.kaggle.net/static/dist/jupyterlab/v-dd191da75eaf47ebd98e8d4b4aa37398/notebook/3512.bundle.js:0
[    6526ms] [WARNING] Could not retrieve current context P @ https://kkb-production.jupyter-proxy.kaggle.net/static/dist/jupyterlab/v-dd191da75eaf47ebd98e8d4b4aa37398/lab/extensions/@jupyter-lsp/jupyterlab-lsp/static/661.bd239b6ff6d2fd9fcb36.js?v=bd239b6ff6d2fd9fcb36:0
[    6526ms] [WARNING] Could not get context @ https://kkb-production.jupyter-proxy.kaggle.net/static/dist/jupyterlab/v-dd191da75eaf47ebd98e8d4b4aa37398/lab/extensions/@jupyter-lsp/jupyterlab-lsp/static/661.bd239b6ff6d2fd9fcb36.js?v=bd239b6ff6d2fd9fcb36:0
[    6526ms] [LOG] Editor not found in _editorToSourceLine map @ https://kkb-production.jupyter-proxy.kaggle.net/static/dist/jupyterlab/v-dd191da75eaf47ebd98e8d4b4aa37398/notebook/3512.bundle.js:0
[    6527ms] [WARNING] Could not retrieve current context P @ https://kkb-production.jupyter-proxy.kaggle.net/static/dist/jupyterlab/v-dd191da75eaf47ebd98e8d4b4aa37398/lab/extensions/@jupyter-lsp/jupyterlab-lsp/static/661.bd239b6ff6d2fd9fcb36.js?v=bd239b6ff6d2fd9fcb36:0
[    6527ms] [WARNING] Could not get context @ https://kkb-production.jupyter-proxy.kaggle.net/static/dist/jupyterlab/v-dd191da75eaf47ebd98e8d4b4aa37398/lab/extensions/@jupyter-lsp/jupyterlab-lsp/static/661.bd239b6ff6d2fd9fcb36.js?v=bd239b6ff6d2fd9fcb36:0
[    6540ms] [LOG] LSP Initialized @ https://kkb-production.jupyter-proxy.kaggle.net/static/assets/jupyterlabinjected.ff1d8bc85b5850c7.js?208f6b4441b61cce:9
[    6620ms] [LOG] Editor not found in _editorToSourceLine map @ https://kkb-production.jupyter-proxy.kaggle.net/static/dist/jupyterlab/v-dd191da75eaf47ebd98e8d4b4aa37398/notebook/3512.bundle.js:0
[    6620ms] [WARNING] Could not retrieve current context P @ https://kkb-production.jupyter-proxy.kaggle.net/static/dist/jupyterlab/v-dd191da75eaf47ebd98e8d4b4aa37398/lab/extensions/@jupyter-lsp/jupyterlab-lsp/static/661.bd239b6ff6d2fd9fcb36.js?v=bd239b6ff6d2fd9fcb36:0
[    6622ms] [LOG] Editor not found in _editorToSourceLine map @ https://kkb-production.jupyter-proxy.kaggle.net/static/dist/jupyterlab/v-dd191da75eaf47ebd98e8d4b4aa37398/notebook/3512.bundle.js:0
[    6622ms] [WARNING] Could not retrieve current context P @ https://kkb-production.jupyter-proxy.kaggle.net/static/dist/jupyterlab/v-dd191da75eaf47ebd98e8d4b4aa37398/lab/extensions/@jupyter-lsp/jupyterlab-lsp/static/661.bd239b6ff6d2fd9fcb36.js?v=bd239b6ff6d2fd9fcb36:0
[    6623ms] [WARNING] Could not get context @ https://kkb-production.jupyter-proxy.kaggle.net/static/dist/jupyterlab/v-dd191da75eaf47ebd98e8d4b4aa37398/lab/extensions/@jupyter-lsp/jupyterlab-lsp/static/661.bd239b6ff6d2fd9fcb36.js?v=bd239b6ff6d2fd9fcb36:0
[    6623ms] [LOG] Editor not found in _editorToSourceLine map @ https://kkb-production.jupyter-proxy.kaggle.net/static/dist/jupyterlab/v-dd191da75eaf47ebd98e8d4b4aa37398/notebook/3512.bundle.js:0
[    6623ms] [WARNING] Could not retrieve current context P @ https://kkb-production.jupyter-proxy.kaggle.net/static/dist/jupyterlab/v-dd191da75eaf47ebd98e8d4b4aa37398/lab/extensions/@jupyter-lsp/jupyterlab-lsp/static/661.bd239b6ff6d2fd9fcb36.js?v=bd239b6ff6d2fd9fcb36:0
[    6623ms] [WARNING] Could not get context @ https://kkb-production.jupyter-proxy.kaggle.net/static/dist/jupyterlab/v-dd191da75eaf47ebd98e8d4b4aa37398/lab/extensions/@jupyter-lsp/jupyterlab-lsp/static/661.bd239b6ff6d2fd9fcb36.js?v=bd239b6ff6d2fd9fcb36:0
[    6623ms] [LOG] Editor not found in _editorToSourceLine map @ https://kkb-production.jupyter-proxy.kaggle.net/static/dist/jupyterlab/v-dd191da75eaf47ebd98e8d4b4aa37398/notebook/3512.bundle.js:0
[    6623ms] [WARNING] Could not retrieve current context P @ https://kkb-production.jupyter-proxy.kaggle.net/static/dist/jupyterlab/v-dd191da75eaf47ebd98e8d4b4aa37398/lab/extensions/@jupyter-lsp/jupyterlab-lsp/static/661.bd239b6ff6d2fd9fcb36.js?v=bd239b6ff6d2fd9fcb36:0
[    6623ms] [WARNING] Could not get context @ https://kkb-production.jupyter-proxy.kaggle.net/static/dist/jupyterlab/v-dd191da75eaf47ebd98e8d4b4aa37398/lab/extensions/@jupyter-lsp/jupyterlab-lsp/static/661.bd239b6ff6d2fd9fcb36.js?v=bd239b6ff6d2fd9fcb36:0
[    6640ms] Error: Unexpected result from Jupyter API interception: PUT - https://kkb-production.jupyter-proxy.kaggle.net/lab/api/settings/@jupyterlab/docmanager-extension:plugin?1788452260917 {"status":500,"statusText":"","text":"'PUT' not implemented for this handler","headers":{"content-type":"text/plain;charset=UTF-8"}}
    at https://kkb-production.jupyter-proxy.kaggle.net/static/assets/jupyterlabinjected.ff1d8bc85b5850c7.js?208f6b4441b61cce:7:615559
[    6640ms] Error: Unexpected result from Jupyter API interception: PUT - https://kkb-production.jupyter-proxy.kaggle.net/lab/api/settings/@jupyterlab/docmanager-extension:plugin?1788452260918 {"status":500,"statusText":"","text":"'PUT' not implemented for this handler","headers":{"content-type":"text/plain;charset=UTF-8"}}
    at https://kkb-production.jupyter-proxy.kaggle.net/static/assets/jupyterlabinjected.ff1d8bc85b5850c7.js?208f6b4441b61cce:7:615559
[    6676ms] [LOG] Editor not found in _editorToSourceLine map @ https://kkb-production.jupyter-proxy.kaggle.net/static/dist/jupyterlab/v-dd191da75eaf47ebd98e8d4b4aa37398/notebook/3512.bundle.js:0
[    6676ms] [WARNING] Could not retrieve current context P @ https://kkb-production.jupyter-proxy.kaggle.net/static/dist/jupyterlab/v-dd191da75eaf47ebd98e8d4b4aa37398/lab/extensions/@jupyter-lsp/jupyterlab-lsp/static/661.bd239b6ff6d2fd9fcb36.js?v=bd239b6ff6d2fd9fcb36:0
[    6678ms] [LOG] Editor not found in _editorToSourceLine map @ https://kkb-production.jupyter-proxy.kaggle.net/static/dist/jupyterlab/v-dd191da75eaf47ebd98e8d4b4aa37398/notebook/3512.bundle.js:0
[    6678ms] [WARNING] Could not retrieve current context P @ https://kkb-production.jupyter-proxy.kaggle.net/static/dist/jupyterlab/v-dd191da75eaf47ebd98e8d4b4aa37398/lab/extensions/@jupyter-lsp/jupyterlab-lsp/static/661.bd239b6ff6d2fd9fcb36.js?v=bd239b6ff6d2fd9fcb36:0
[    6678ms] [WARNING] Could not get context @ https://kkb-production.jupyter-proxy.kaggle.net/static/dist/jupyterlab/v-dd191da75eaf47ebd98e8d4b4aa37398/lab/extensions/@jupyter-lsp/jupyterlab-lsp/static/661.bd239b6ff6d2fd9fcb36.js?v=bd239b6ff6d2fd9fcb36:0
[    6679ms] [LOG] Editor not found in _editorToSourceLine map @ https://kkb-production.jupyter-proxy.kaggle.net/static/dist/jupyterlab/v-dd191da75eaf47ebd98e8d4b4aa37398/notebook/3512.bundle.js:0
[    6679ms] [WARNING] Could not retrieve current context P @ https://kkb-production.jupyter-proxy.kaggle.net/static/dist/jupyterlab/v-dd191da75eaf47ebd98e8d4b4aa37398/lab/extensions/@jupyter-lsp/jupyterlab-lsp/static/661.bd239b6ff6d2fd9fcb36.js?v=bd239b6ff6d2fd9fcb36:0
[    6679ms] [WARNING] Could not get context @ https://kkb-production.jupyter-proxy.kaggle.net/static/dist/jupyterlab/v-dd191da75eaf47ebd98e8d4b4aa37398/lab/extensions/@jupyter-lsp/jupyterlab-lsp/static/661.bd239b6ff6d2fd9fcb36.js?v=bd239b6ff6d2fd9fcb36:0
[    6679ms] [LOG] Editor not found in _editorToSourceLine map @ https://kkb-production.jupyter-proxy.kaggle.net/static/dist/jupyterlab/v-dd191da75eaf47ebd98e8d4b4aa37398/notebook/3512.bundle.js:0
[    6679ms] [WARNING] Could not retrieve current context P @ https://kkb-production.jupyter-proxy.kaggle.net/static/dist/jupyterlab/v-dd191da75eaf47ebd98e8d4b4aa37398/lab/extensions/@jupyter-lsp/jupyterlab-lsp/static/661.bd239b6ff6d2fd9fcb36.js?v=bd239b6ff6d2fd9fcb36:0
[    6679ms] [WARNING] Could not get context @ https://kkb-production.jupyter-proxy.kaggle.net/static/dist/jupyterlab/v-dd191da75eaf47ebd98e8d4b4aa37398/lab/extensions/@jupyter-lsp/jupyterlab-lsp/static/661.bd239b6ff6d2fd9fcb36.js?v=bd239b6ff6d2fd9fcb36:0
[    6732ms] [LOG] Editor not found in _editorToSourceLine map @ https://kkb-production.jupyter-proxy.kaggle.net/static/dist/jupyterlab/v-dd191da75eaf47ebd98e8d4b4aa37398/notebook/3512.bundle.js:0
[    6732ms] [WARNING] Could not retrieve current context P @ https://kkb-production.jupyter-proxy.kaggle.net/static/dist/jupyterlab/v-dd191da75eaf47ebd98e8d4b4aa37398/lab/extensions/@jupyter-lsp/jupyterlab-lsp/static/661.bd239b6ff6d2fd9fcb36.js?v=bd239b6ff6d2fd9fcb36:0
[    6733ms] [LOG] Editor not found in _editorToSourceLine map @ https://kkb-production.jupyter-proxy.kaggle.net/static/dist/jupyterlab/v-dd191da75eaf47ebd98e8d4b4aa37398/notebook/3512.bundle.js:0
[    6734ms] [WARNING] Could not retrieve current context P @ https://kkb-production.jupyter-proxy.kaggle.net/static/dist/jupyterlab/v-dd191da75eaf47ebd98e8d4b4aa37398/lab/extensions/@jupyter-lsp/jupyterlab-lsp/static/661.bd239b6ff6d2fd9fcb36.js?v=bd239b6ff6d2fd9fcb36:0
[    6734ms] [WARNING] Could not get context @ https://kkb-production.jupyter-proxy.kaggle.net/static/dist/jupyterlab/v-dd191da75eaf47ebd98e8d4b4aa37398/lab/extensions/@jupyter-lsp/jupyterlab-lsp/static/661.bd239b6ff6d2fd9fcb36.js?v=bd239b6ff6d2fd9fcb36:0
[    6734ms] [LOG] Editor not found in _editorToSourceLine map @ https://kkb-production.jupyter-proxy.kaggle.net/static/dist/jupyterlab/v-dd191da75eaf47ebd98e8d4b4aa37398/notebook/3512.bundle.js:0
[    6734ms] [WARNING] Could not retrieve current context P @ https://kkb-production.jupyter-proxy.kaggle.net/static/dist/jupyterlab/v-dd191da75eaf47ebd98e8d4b4aa37398/lab/extensions/@jupyter-lsp/jupyterlab-lsp/static/661.bd239b6ff6d2fd9fcb36.js?v=bd239b6ff6d2fd9fcb36:0
[    6734ms] [WARNING] Could not get context @ https://kkb-production.jupyter-proxy.kaggle.net/static/dist/jupyterlab/v-dd191da75eaf47ebd98e8d4b4aa37398/lab/extensions/@jupyter-lsp/jupyterlab-lsp/static/661.bd239b6ff6d2fd9fcb36.js?v=bd239b6ff6d2fd9fcb36:0
[    6734ms] [LOG] Editor not found in _editorToSourceLine map @ https://kkb-production.jupyter-proxy.kaggle.net/static/dist/jupyterlab/v-dd191da75eaf47ebd98e8d4b4aa37398/notebook/3512.bundle.js:0
[    6734ms] [WARNING] Could not retrieve current context P @ https://kkb-production.jupyter-proxy.kaggle.net/static/dist/jupyterlab/v-dd191da75eaf47ebd98e8d4b4aa37398/lab/extensions/@jupyter-lsp/jupyterlab-lsp/static/661.bd239b6ff6d2fd9fcb36.js?v=bd239b6ff6d2fd9fcb36:0
[    6735ms] [WARNING] Could not get context @ https://kkb-production.jupyter-proxy.kaggle.net/static/dist/jupyterlab/v-dd191da75eaf47ebd98e8d4b4aa37398/lab/extensions/@jupyter-lsp/jupyterlab-lsp/static/661.bd239b6ff6d2fd9fcb36.js?v=bd239b6ff6d2fd9fcb36:0
[    6991ms] [ERROR] WebSocket connection to 'wss://kkb-production.jupyter-proxy.kaggle.net/api/events/subscribe' failed: Error during WebSocket handshake: Unexpected response code: 404 @ https://kkb-production.jupyter-proxy.kaggle.net/static/dist/jupyterlab/v-dd191da75eaf47ebd98e8d4b4aa37398/notebook/3676.bundle.js:0
[   12892ms] [ERROR] WebSocket connection to 'wss://kkb-production.jupyter-proxy.kaggle.net/api/events/subscribe' failed: Error during WebSocket handshake: Unexpected response code: 404 @ https://kkb-production.jupyter-proxy.kaggle.net/static/dist/jupyterlab/v-dd191da75eaf47ebd98e8d4b4aa37398/notebook/3676.bundle.js:0
[   16358ms] [ERROR] WebSocket connection to 'wss://kkb-production.jupyter-proxy.kaggle.net/api/events/subscribe' failed: Error during WebSocket handshake: Unexpected response code: 404 @ https://kkb-production.jupyter-proxy.kaggle.net/static/dist/jupyterlab/v-dd191da75eaf47ebd98e8d4b4aa37398/notebook/3676.bundle.js:0
[   19912ms] [TABLE] [Object] @ https://kkb-production.jupyter-proxy.kaggle.net/static/assets/jupyterlabinjected.ff1d8bc85b5850c7.js?208f6b4441b61cce:9
[   19912ms] [TABLE] [o] @ https://kkb-production.jupyter-proxy.kaggle.net/static/assets/jupyterlabinjected.ff1d8bc85b5850c7.js?208f6b4441b61cce:9
[   21372ms] [ERROR] WebSocket connection to 'wss://kkb-production.jupyter-proxy.kaggle.net/api/events/subscribe' failed: Error during WebSocket handshake: Unexpected response code: 404 @ https://kkb-production.jupyter-proxy.kaggle.net/static/dist/jupyterlab/v-dd191da75eaf47ebd98e8d4b4aa37398/notebook/3676.bundle.js:0
[   25652ms] [ERROR] WebSocket connection to 'wss://kkb-production.jupyter-proxy.kaggle.net/api/events/subscribe' failed: Error during WebSocket handshake: Unexpected response code: 404 @ https://kkb-production.jupyter-proxy.kaggle.net/static/dist/jupyterlab/v-dd191da75eaf47ebd98e8d4b4aa37398/notebook/3676.bundle.js:0
[   33183ms] [ERROR] WebSocket connection to 'wss://kkb-production.jupyter-proxy.kaggle.net/api/events/subscribe' failed: Error during WebSocket handshake: Unexpected response code: 404 @ https://kkb-production.jupyter-proxy.kaggle.net/static/dist/jupyterlab/v-dd191da75eaf47ebd98e8d4b4aa37398/notebook/3676.bundle.js:0
[   39781ms] [ERROR] WebSocket connection to 'wss://kkb-production.jupyter-proxy.kaggle.net/api/events/subscribe' failed: Error during WebSocket handshake: Unexpected response code: 404 @ https://kkb-production.jupyter-proxy.kaggle.net/static/dist/jupyterlab/v-dd191da75eaf47ebd98e8d4b4aa37398/notebook/3676.bundle.js:0
[   42612ms] [ERROR] WebSocket connection to 'wss://kkb-production.jupyter-proxy.kaggle.net/api/events/subscribe' failed: Error during WebSocket handshake: Unexpected response code: 404 @ https://kkb-production.jupyter-proxy.kaggle.net/static/dist/jupyterlab/v-dd191da75eaf47ebd98e8d4b4aa37398/notebook/3676.bundle.js:0
[   46957ms] [ERROR] WebSocket connection to 'wss://kkb-production.jupyter-proxy.kaggle.net/api/events/subscribe' failed: Error during WebSocket handshake: Unexpected response code: 404 @ https://kkb-production.jupyter-proxy.kaggle.net/static/dist/jupyterlab/v-dd191da75eaf47ebd98e8d4b4aa37398/notebook/3676.bundle.js:0
[   51893ms] [ERROR] WebSocket connection to 'wss://kkb-production.jupyter-proxy.kaggle.net/api/events/subscribe' failed: Error during WebSocket handshake: Unexpected response code: 404 @ https://kkb-production.jupyter-proxy.kaggle.net/static/dist/jupyterlab/v-dd191da75eaf47ebd98e8d4b4aa37398/notebook/3676.bundle.js:0
[   62366ms] [ERROR] WebSocket connection to 'wss://kkb-production.jupyter-proxy.kaggle.net/api/events/subscribe' failed: Error during WebSocket handshake: Unexpected response code: 404 @ https://kkb-production.jupyter-proxy.kaggle.net/static/dist/jupyterlab/v-dd191da75eaf47ebd98e8d4b4aa37398/notebook/3676.bundle.js:0
[   71526ms] [LOG] Editor not found in _editorToSourceLine map @ https://kkb-production.jupyter-proxy.kaggle.net/static/dist/jupyterlab/v-dd191da75eaf47ebd98e8d4b4aa37398/notebook/3512.bundle.js:0
[   71528ms] [WARNING] Could not retrieve current context P @ https://kkb-production.jupyter-proxy.kaggle.net/static/dist/jupyterlab/v-dd191da75eaf47ebd98e8d4b4aa37398/lab/extensions/@jupyter-lsp/jupyterlab-lsp/static/661.bd239b6ff6d2fd9fcb36.js?v=bd239b6ff6d2fd9fcb36:0
[   71530ms] [LOG] Editor not found in _editorToSourceLine map @ https://kkb-production.jupyter-proxy.kaggle.net/static/dist/jupyterlab/v-dd191da75eaf47ebd98e8d4b4aa37398/notebook/3512.bundle.js:0
[   71530ms] [WARNING] Could not retrieve current context P @ https://kkb-production.jupyter-proxy.kaggle.net/static/dist/jupyterlab/v-dd191da75eaf47ebd98e8d4b4aa37398/lab/extensions/@jupyter-lsp/jupyterlab-lsp/static/661.bd239b6ff6d2fd9fcb36.js?v=bd239b6ff6d2fd9fcb36:0
[   71530ms] [WARNING] Could not get context @ https://kkb-production.jupyter-proxy.kaggle.net/static/dist/jupyterlab/v-dd191da75eaf47ebd98e8d4b4aa37398/lab/extensions/@jupyter-lsp/jupyterlab-lsp/static/661.bd239b6ff6d2fd9fcb36.js?v=bd239b6ff6d2fd9fcb36:0
[   71530ms] [LOG] Editor not found in _editorToSourceLine map @ https://kkb-production.jupyter-proxy.kaggle.net/static/dist/jupyterlab/v-dd191da75eaf47ebd98e8d4b4aa37398/notebook/3512.bundle.js:0
[   71531ms] [WARNING] Could not retrieve current context P @ https://kkb-production.jupyter-proxy.kaggle.net/static/dist/jupyterlab/v-dd191da75eaf47ebd98e8d4b4aa37398/lab/extensions/@jupyter-lsp/jupyterlab-lsp/static/661.bd239b6ff6d2fd9fcb36.js?v=bd239b6ff6d2fd9fcb36:0
[   71531ms] [WARNING] Could not get context @ https://kkb-production.jupyter-proxy.kaggle.net/static/dist/jupyterlab/v-dd191da75eaf47ebd98e8d4b4aa37398/lab/extensions/@jupyter-lsp/jupyterlab-lsp/static/661.bd239b6ff6d2fd9fcb36.js?v=bd239b6ff6d2fd9fcb36:0
[   71531ms] [LOG] Editor not found in _editorToSourceLine map @ https://kkb-production.jupyter-proxy.kaggle.net/static/dist/jupyterlab/v-dd191da75eaf47ebd98e8d4b4aa37398/notebook/3512.bundle.js:0
[   71531ms] [WARNING] Could not retrieve current context P @ https://kkb-production.jupyter-proxy.kaggle.net/static/dist/jupyterlab/v-dd191da75eaf47ebd98e8d4b4aa37398/lab/extensions/@jupyter-lsp/jupyterlab-lsp/static/661.bd239b6ff6d2fd9fcb36.js?v=bd239b6ff6d2fd9fcb36:0
[   71531ms] [WARNING] Could not get context @ https://kkb-production.jupyter-proxy.kaggle.net/static/dist/jupyterlab/v-dd191da75eaf47ebd98e8d4b4aa37398/lab/extensions/@jupyter-lsp/jupyterlab-lsp/static/661.bd239b6ff6d2fd9fcb36.js?v=bd239b6ff6d2fd9fcb36:0
[   71709ms] TypeError: Cannot read properties of null (reading 'onAfterShow')
    at _5 (https://kkb-production.jupyter-proxy.kaggle.net/static/assets/jupyterlabinjected.ff1d8bc85b5850c7.js?208f6b4441b61cce:10:359228)
    at https://kkb-production.jupyter-proxy.kaggle.net/static/assets/jupyterlabinjected.ff1d8bc85b5850c7.js?208f6b4441b61cce:10:361290
    at Array.forEach (<anonymous>)
    at https://kkb-production.jupyter-proxy.kaggle.net/static/assets/jupyterlabinjected.ff1d8bc85b5850c7.js?208f6b4441b61cce:10:361262
    at u (https://kkb-production.jupyter-proxy.kaggle.net/static/assets/jupyterlabinjected.ff1d8bc85b5850c7.js?208f6b4441b61cce:10:360733)
    at Object.<anonymous> (https://kkb-production.jupyter-proxy.kaggle.net/static/assets/jupyterlabinjected.ff1d8bc85b5850c7.js?208f6b4441b61cce:10:360020)
    at _6 (https://kkb-production.jupyter-proxy.kaggle.net/static/assets/jupyterlabinjected.ff1d8bc85b5850c7.js?208f6b4441b61cce:10:359340)
    at s (https://kkb-production.jupyter-proxy.kaggle.net/static/assets/jupyterlabinjected.ff1d8bc85b5850c7.js?208f6b4441b61cce:10:359538)
[   74064ms] [ERROR] WebSocket connection to 'wss://kkb-production.jupyter-proxy.kaggle.net/api/events/subscribe' failed: Error during WebSocket handshake: Unexpected response code: 404 @ https://kkb-production.jupyter-proxy.kaggle.net/static/dist/jupyterlab/v-dd191da75eaf47ebd98e8d4b4aa37398/notebook/3676.bundle.js:0
[   85251ms] [ERROR] WebSocket connection to 'wss://kkb-production.jupyter-proxy.kaggle.net/api/events/subscribe' failed: Error during WebSocket handshake: Unexpected response code: 404 @ https://kkb-production.jupyter-proxy.kaggle.net/static/dist/jupyterlab/v-dd191da75eaf47ebd98e8d4b4aa37398/notebook/3676.bundle.js:0
[  111446ms] [ERROR] WebSocket connection to 'wss://kkb-production.jupyter-proxy.kaggle.net/api/events/subscribe' failed: Error during WebSocket handshake: Unexpected response code: 404 @ https://kkb-production.jupyter-proxy.kaggle.net/static/dist/jupyterlab/v-dd191da75eaf47ebd98e8d4b4aa37398/notebook/3676.bundle.js:0
[  111997ms] [ERROR] Failed to load resource: the server responded with a status of 403 () @ https://www.kaggle.com/api/i/user_secrets.UserSecretsService/GetDriveAccessInfo:0
[  118599ms] [ERROR] WebSocket connection to 'wss://kkb-production.jupyter-proxy.kaggle.net/api/events/subscribe' failed: Error during WebSocket handshake: Unexpected response code: 404 @ https://kkb-production.jupyter-proxy.kaggle.net/static/dist/jupyterlab/v-dd191da75eaf47ebd98e8d4b4aa37398/notebook/3676.bundle.js:0
[  125685ms] [ERROR] WebSocket connection to 'wss://kkb-production.jupyter-proxy.kaggle.net/api/events/subscribe' failed: Error during WebSocket handshake: Unexpected response code: 404 @ https://kkb-production.jupyter-proxy.kaggle.net/static/dist/jupyterlab/v-dd191da75eaf47ebd98e8d4b4aa37398/notebook/3676.bundle.js:0
[  133367ms] [ERROR] WebSocket connection to 'wss://kkb-production.jupyter-proxy.kaggle.net/api/events/subscribe' failed: Error during WebSocket handshake: Unexpected response code: 404 @ https://kkb-production.jupyter-proxy.kaggle.net/static/dist/jupyterlab/v-dd191da75eaf47ebd98e8d4b4aa37398/notebook/3676.bundle.js:0
[  139290ms] [ERROR] WebSocket connection to 'wss://kkb-production.jupyter-proxy.kaggle.net/api/events/subscribe' failed: Error during WebSocket handshake: Unexpected response code: 404 @ https://kkb-production.jupyter-proxy.kaggle.net/static/dist/jupyterlab/v-dd191da75eaf47ebd98e8d4b4aa37398/notebook/3676.bundle.js:0
[  147835ms] [ERROR] WebSocket connection to 'wss://kkb-production.jupyter-proxy.kaggle.net/api/events/subscribe' failed: Error during WebSocket handshake: Unexpected response code: 404 @ https://kkb-production.jupyter-proxy.kaggle.net/static/dist/jupyterlab/v-dd191da75eaf47ebd98e8d4b4aa37398/notebook/3676.bundle.js:0
[  156552ms] [ERROR] WebSocket connection to 'wss://kkb-production.jupyter-proxy.kaggle.net/api/events/subscribe' failed: Error during WebSocket handshake: Unexpected response code: 404 @ https://kkb-production.jupyter-proxy.kaggle.net/static/dist/jupyterlab/v-dd191da75eaf47ebd98e8d4b4aa37398/notebook/3676.bundle.js:0
[  167835ms] [ERROR] WebSocket connection to 'wss://kkb-production.jupyter-proxy.kaggle.net/api/events/subscribe' failed: Error during WebSocket handshake: Unexpected response code: 404 @ https://kkb-production.jupyter-proxy.kaggle.net/static/dist/jupyterlab/v-dd191da75eaf47ebd98e8d4b4aa37398/notebook/3676.bundle.js:0
[  178452ms] [ERROR] WebSocket connection to 'wss://kkb-production.jupyter-proxy.kaggle.net/api/events/subscribe' failed: Error during WebSocket handshake: Unexpected response code: 404 @ https://kkb-production.jupyter-proxy.kaggle.net/static/dist/jupyterlab/v-dd191da75eaf47ebd98e8d4b4aa37398/notebook/3676.bundle.js:0
[  194904ms] [ERROR] WebSocket connection to 'wss://kkb-production.jupyter-proxy.kaggle.net/api/events/subscribe' failed: Error during WebSocket handshake: Unexpected response code: 404 @ https://kkb-production.jupyter-proxy.kaggle.net/static/dist/jupyterlab/v-dd191da75eaf47ebd98e8d4b4aa37398/notebook/3676.bundle.js:0
[  228804ms] [ERROR] WebSocket connection to 'wss://kkb-production.jupyter-proxy.kaggle.net/api/events/subscribe' failed: Error during WebSocket handshake: Unexpected response code: 404 @ https://kkb-production.jupyter-proxy.kaggle.net/static/dist/jupyterlab/v-dd191da75eaf47ebd98e8d4b4aa37398/notebook/3676.bundle.js:0
[  259025ms] [ERROR] WebSocket connection to 'wss://kkb-production.jupyter-proxy.kaggle.net/api/events/subscribe' failed: Error during WebSocket handshake: Unexpected response code: 404 @ https://kkb-production.jupyter-proxy.kaggle.net/static/dist/jupyterlab/v-dd191da75eaf47ebd98e8d4b4aa37398/notebook/3676.bundle.js:0
[  289330ms] [ERROR] WebSocket connection to 'wss://kkb-production.jupyter-proxy.kaggle.net/api/events/subscribe' failed: Error during WebSocket handshake: Unexpected response code: 404 @ https://kkb-production.jupyter-proxy.kaggle.net/static/dist/jupyterlab/v-dd191da75eaf47ebd98e8d4b4aa37398/notebook/3676.bundle.js:0
[  319540ms] [ERROR] WebSocket connection to 'wss://kkb-production.jupyter-proxy.kaggle.net/api/events/subscribe' failed: Error during WebSocket handshake: Unexpected response code: 404 @ https://kkb-production.jupyter-proxy.kaggle.net/static/dist/jupyterlab/v-dd191da75eaf47ebd98e8d4b4aa37398/notebook/3676.bundle.js:0
[  328681ms] [ERROR] WebSocket connection to 'wss://kkb-production.jupyter-proxy.kaggle.net/api/events/subscribe' failed: Error during WebSocket handshake: Unexpected response code: 404 @ https://kkb-production.jupyter-proxy.kaggle.net/static/dist/jupyterlab/v-dd191da75eaf47ebd98e8d4b4aa37398/notebook/3676.bundle.js:0
[  342324ms] [ERROR] WebSocket connection to 'wss://kkb-production.jupyter-proxy.kaggle.net/api/events/subscribe' failed: Error during WebSocket handshake: Unexpected response code: 404 @ https://kkb-production.jupyter-proxy.kaggle.net/static/dist/jupyterlab/v-dd191da75eaf47ebd98e8d4b4aa37398/notebook/3676.bundle.js:0
[  346339ms] [ERROR] WebSocket connection to 'wss://kkb-production.jupyter-proxy.kaggle.net/api/events/subscribe' failed: Error during WebSocket handshake: Unexpected response code: 404 @ https://kkb-production.jupyter-proxy.kaggle.net/static/dist/jupyterlab/v-dd191da75eaf47ebd98e8d4b4aa37398/notebook/3676.bundle.js:0
[  353652ms] [ERROR] WebSocket connection to 'wss://kkb-production.jupyter-proxy.kaggle.net/api/events/subscribe' failed: Error during WebSocket handshake: Unexpected response code: 404 @ https://kkb-production.jupyter-proxy.kaggle.net/static/dist/jupyterlab/v-dd191da75eaf47ebd98e8d4b4aa37398/notebook/3676.bundle.js:0
[  356094ms] [ERROR] WebSocket connection to 'wss://kkb-production.jupyter-proxy.kaggle.net/api/events/subscribe' failed: Error during WebSocket handshake: Unexpected response code: 404 @ https://kkb-production.jupyter-proxy.kaggle.net/static/dist/jupyterlab/v-dd191da75eaf47ebd98e8d4b4aa37398/notebook/3676.bundle.js:0
[  361996ms] [ERROR] WebSocket connection to 'wss://kkb-production.jupyter-proxy.kaggle.net/api/events/subscribe' failed: Error during WebSocket handshake: Unexpected response code: 404 @ https://kkb-production.jupyter-proxy.kaggle.net/static/dist/jupyterlab/v-dd191da75eaf47ebd98e8d4b4aa37398/notebook/3676.bundle.js:0
[  375857ms] [ERROR] WebSocket connection to 'wss://kkb-production.jupyter-proxy.kaggle.net/api/events/subscribe' failed: Error during WebSocket handshake: Unexpected response code: 404 @ https://kkb-production.jupyter-proxy.kaggle.net/static/dist/jupyterlab/v-dd191da75eaf47ebd98e8d4b4aa37398/notebook/3676.bundle.js:0
[  406071ms] [ERROR] WebSocket connection to 'wss://kkb-production.jupyter-proxy.kaggle.net/api/events/subscribe' failed: Error during WebSocket handshake: Unexpected response code: 404 @ https://kkb-production.jupyter-proxy.kaggle.net/static/dist/jupyterlab/v-dd191da75eaf47ebd98e8d4b4aa37398/notebook/3676.bundle.js:0
[  436362ms] [ERROR] WebSocket connection to 'wss://kkb-production.jupyter-proxy.kaggle.net/api/events/subscribe' failed: Error during WebSocket handshake: Unexpected response code: 404 @ https://kkb-production.jupyter-proxy.kaggle.net/static/dist/jupyterlab/v-dd191da75eaf47ebd98e8d4b4aa37398/notebook/3676.bundle.js:0
[  466575ms] [ERROR] WebSocket connection to 'wss://kkb-production.jupyter-proxy.kaggle.net/api/events/subscribe' failed: Error during WebSocket handshake: Unexpected response code: 404 @ https://kkb-production.jupyter-proxy.kaggle.net/static/dist/jupyterlab/v-dd191da75eaf47ebd98e8d4b4aa37398/notebook/3676.bundle.js:0
[  473294ms] [ERROR] WebSocket connection to 'wss://kkb-production.jupyter-proxy.kaggle.net/api/events/subscribe' failed: Error during WebSocket handshake: Unexpected response code: 404 @ https://kkb-production.jupyter-proxy.kaggle.net/static/dist/jupyterlab/v-dd191da75eaf47ebd98e8d4b4aa37398/notebook/3676.bundle.js:0
[  483062ms] [ERROR] WebSocket connection to 'wss://kkb-production.jupyter-proxy.kaggle.net/api/events/subscribe' failed: Error during WebSocket handshake: Unexpected response code: 404 @ https://kkb-production.jupyter-proxy.kaggle.net/static/dist/jupyterlab/v-dd191da75eaf47ebd98e8d4b4aa37398/notebook/3676.bundle.js:0
[  506228ms] [ERROR] WebSocket connection to 'wss://kkb-production.jupyter-proxy.kaggle.net/api/events/subscribe' failed: Error during WebSocket handshake: Unexpected response code: 404 @ https://kkb-production.jupyter-proxy.kaggle.net/static/dist/jupyterlab/v-dd191da75eaf47ebd98e8d4b4aa37398/notebook/3676.bundle.js:0
[  536438ms] [ERROR] WebSocket connection to 'wss://kkb-production.jupyter-proxy.kaggle.net/api/events/subscribe' failed: Error during WebSocket handshake: Unexpected response code: 404 @ https://kkb-production.jupyter-proxy.kaggle.net/static/dist/jupyterlab/v-dd191da75eaf47ebd98e8d4b4aa37398/notebook/3676.bundle.js:0
[  566711ms] [ERROR] WebSocket connection to 'wss://kkb-production.jupyter-proxy.kaggle.net/api/events/subscribe' failed: Error during WebSocket handshake: Unexpected response code: 404 @ https://kkb-production.jupyter-proxy.kaggle.net/static/dist/jupyterlab/v-dd191da75eaf47ebd98e8d4b4aa37398/notebook/3676.bundle.js:0
[  581506ms] [ERROR] WebSocket connection to 'wss://kkb-production.jupyter-proxy.kaggle.net/api/events/subscribe' failed: Error during WebSocket handshake: Unexpected response code: 404 @ https://kkb-production.jupyter-proxy.kaggle.net/static/dist/jupyterlab/v-dd191da75eaf47ebd98e8d4b4aa37398/notebook/3676.bundle.js:0
[  604253ms] [ERROR] WebSocket connection to 'wss://kkb-production.jupyter-proxy.kaggle.net/api/events/subscribe' failed: Error during WebSocket handshake: Unexpected response code: 404 @ https://kkb-production.jupyter-proxy.kaggle.net/static/dist/jupyterlab/v-dd191da75eaf47ebd98e8d4b4aa37398/notebook/3676.bundle.js:0
[  606602ms] [ERROR] WebSocket connection to 'wss://kkb-production.jupyter-proxy.kaggle.net/api/events/subscribe' failed: Error during WebSocket handshake: Unexpected response code: 404 @ https://kkb-production.jupyter-proxy.kaggle.net/static/dist/jupyterlab/v-dd191da75eaf47ebd98e8d4b4aa37398/notebook/3676.bundle.js:0
[  612906ms] [ERROR] WebSocket connection to 'wss://kkb-production.jupyter-proxy.kaggle.net/api/events/subscribe' failed: Error during WebSocket handshake: Unexpected response code: 404 @ https://kkb-production.jupyter-proxy.kaggle.net/static/dist/jupyterlab/v-dd191da75eaf47ebd98e8d4b4aa37398/notebook/3676.bundle.js:0
[  616743ms] [ERROR] WebSocket connection to 'wss://kkb-production.jupyter-proxy.kaggle.net/api/events/subscribe' failed: Error during WebSocket handshake: Unexpected response code: 404 @ https://kkb-production.jupyter-proxy.kaggle.net/static/dist/jupyterlab/v-dd191da75eaf47ebd98e8d4b4aa37398/notebook/3676.bundle.js:0
[  619586ms] [ERROR] WebSocket connection to 'wss://kkb-production.jupyter-proxy.kaggle.net/api/events/subscribe' failed: Error during WebSocket handshake: Unexpected response code: 404 @ https://kkb-production.jupyter-proxy.kaggle.net/static/dist/jupyterlab/v-dd191da75eaf47ebd98e8d4b4aa37398/notebook/3676.bundle.js:0
[  626026ms] [ERROR] WebSocket connection to 'wss://kkb-production.jupyter-proxy.kaggle.net/api/events/subscribe' failed: Error during WebSocket handshake: Unexpected response code: 404 @ https://kkb-production.jupyter-proxy.kaggle.net/static/dist/jupyterlab/v-dd191da75eaf47ebd98e8d4b4aa37398/notebook/3676.bundle.js:0
[  628661ms] [ERROR] WebSocket connection to 'wss://kkb-production.jupyter-proxy.kaggle.net/api/events/subscribe' failed: Error during WebSocket handshake: Unexpected response code: 404 @ https://kkb-production.jupyter-proxy.kaggle.net/static/dist/jupyterlab/v-dd191da75eaf47ebd98e8d4b4aa37398/notebook/3676.bundle.js:0
[  633816ms] [ERROR] WebSocket connection to 'wss://kkb-production.jupyter-proxy.kaggle.net/api/events/subscribe' failed: Error during WebSocket handshake: Unexpected response code: 404 @ https://kkb-production.jupyter-proxy.kaggle.net/static/dist/jupyterlab/v-dd191da75eaf47ebd98e8d4b4aa37398/notebook/3676.bundle.js:0
[  643786ms] [ERROR] WebSocket connection to 'wss://kkb-production.jupyter-proxy.kaggle.net/api/events/subscribe' failed: Error during WebSocket handshake: Unexpected response code: 404 @ https://kkb-production.jupyter-proxy.kaggle.net/static/dist/jupyterlab/v-dd191da75eaf47ebd98e8d4b4aa37398/notebook/3676.bundle.js:0
[  671406ms] [ERROR] WebSocket connection to 'wss://kkb-production.jupyter-proxy.kaggle.net/api/events/subscribe' failed: Error during WebSocket handshake: Unexpected response code: 404 @ https://kkb-production.jupyter-proxy.kaggle.net/static/dist/jupyterlab/v-dd191da75eaf47ebd98e8d4b4aa37398/notebook/3676.bundle.js:0
[  686188ms] [ERROR] WebSocket connection to 'wss://kkb-production.jupyter-proxy.kaggle.net/api/events/subscribe' failed: Error during WebSocket handshake: Unexpected response code: 404 @ https://kkb-production.jupyter-proxy.kaggle.net/static/dist/jupyterlab/v-dd191da75eaf47ebd98e8d4b4aa37398/notebook/3676.bundle.js:0
[  697857ms] [ERROR] WebSocket connection to 'wss://kkb-production.jupyter-proxy.kaggle.net/api/events/subscribe' failed: Error during WebSocket handshake: Unexpected response code: 404 @ https://kkb-production.jupyter-proxy.kaggle.net/static/dist/jupyterlab/v-dd191da75eaf47ebd98e8d4b4aa37398/notebook/3676.bundle.js:0
[  701988ms] [ERROR] WebSocket connection to 'wss://kkb-production.jupyter-proxy.kaggle.net/api/events/subscribe' failed: Error during WebSocket handshake: Unexpected response code: 404 @ https://kkb-production.jupyter-proxy.kaggle.net/static/dist/jupyterlab/v-dd191da75eaf47ebd98e8d4b4aa37398/notebook/3676.bundle.js:0
[  711166ms] [ERROR] WebSocket connection to 'wss://kkb-production.jupyter-proxy.kaggle.net/api/events/subscribe' failed: Error during WebSocket handshake: Unexpected response code: 404 @ https://kkb-production.jupyter-proxy.kaggle.net/static/dist/jupyterlab/v-dd191da75eaf47ebd98e8d4b4aa37398/notebook/3676.bundle.js:0
[  734643ms] [ERROR] WebSocket connection to 'wss://kkb-production.jupyter-proxy.kaggle.net/api/events/subscribe' failed: Error during WebSocket handshake: Unexpected response code: 404 @ https://kkb-production.jupyter-proxy.kaggle.net/static/dist/jupyterlab/v-dd191da75eaf47ebd98e8d4b4aa37398/notebook/3676.bundle.js:0
[  736747ms] [ERROR] WebSocket connection to 'wss://kkb-production.jupyter-proxy.kaggle.net/api/events/subscribe' failed: Error during WebSocket handshake: Unexpected response code: 404 @ https://kkb-production.jupyter-proxy.kaggle.net/static/dist/jupyterlab/v-dd191da75eaf47ebd98e8d4b4aa37398/notebook/3676.bundle.js:0
[  741938ms] [ERROR] WebSocket connection to 'wss://kkb-production.jupyter-proxy.kaggle.net/api/events/subscribe' failed: Error during WebSocket handshake: Unexpected response code: 404 @ https://kkb-production.jupyter-proxy.kaggle.net/static/dist/jupyterlab/v-dd191da75eaf47ebd98e8d4b4aa37398/notebook/3676.bundle.js:0
[ 5430711ms] [ERROR] WebSocket connection to 'wss://kkb-production.jupyter-proxy.kaggle.net/api/events/subscribe' failed: WebSocket opening handshake timed out @ https://kkb-production.jupyter-proxy.kaggle.net/static/dist/jupyterlab/v-dd191da75eaf47ebd98e8d4b4aa37398/notebook/3676.bundle.js:0
[ 5430899ms] [ERROR] Failed to load resource: net::ERR_NETWORK_IO_SUSPENDED @ https://kkb-production.jupyter-proxy.kaggle.net/google.firestore.v1.Firestore/Listen/channel?gsessionid=V9hv3IiRQr415HLOqEdVqyL_Vv2xPIIEFwjs0RbvLONKqter0mte_w&VER=8&database=projects%2Fkkb-production%2Fdatabases%2F(default)&RID=rpc&SID=jKnMS6Ht-UPBjFaCk8zFwg&CI=1&AID=73&TYPE=xmlhttp&zx=5xnrvsxcqnw8&t=2:0
[ 5431118ms] [ERROR] Failed to load resource: net::ERR_SOCKET_NOT_CONNECTED @ https://kkb-production.jupyter-proxy.kaggle.net/google.firestore.v1.Firestore/Listen/channel?gsessionid=SKn3RjNGVXCLeFz-eiy8FZ07hmQSWdbrP3YKN_lfNZdePUm0LLVo7Q&VER=8&database=projects%2Fkaggle-metastore%2Fdatabases%2F(default)&RID=rpc&SID=yV0pSlklepYCreyeVgCzfQ&CI=1&AID=55&TYPE=xmlhttp&zx=9iczpsfgt7g3&t=1:0
[ 5431140ms] [ERROR] Failed to load resource: net::ERR_SOCKET_NOT_CONNECTED @ https://kkb-production.jupyter-proxy.kaggle.net/v1/token?key=AIzaSyD260rHHEeMVDGVqyWq0yszmLJ-5Cgkqrk:0
[ 5431141ms] [ERROR] Failed to load resource: net::ERR_SOCKET_NOT_CONNECTED @ https://kkb-production.jupyter-proxy.kaggle.net/v1/token?key=AIzaSyD83TRC5oxzFh-vaPb_4X2tHBigTcgkD0Y:0
[ 5431142ms] [ERROR] Failed to load resource: net::ERR_SOCKET_NOT_CONNECTED @ https://kkb-production.jupyter-proxy.kaggle.net/google.firestore.v1.Firestore/Listen/channel?gsessionid=SKn3RjNGVXCLeFz-eiy8FZ07hmQSWdbrP3YKN_lfNZdePUm0LLVo7Q&VER=8&database=projects%2Fkaggle-metastore%2Fdatabases%2F(default)&RID=rpc&SID=yV0pSlklepYCreyeVgCzfQ&CI=1&AID=55&TYPE=xmlhttp&zx=qmsb6dj9w2zt&t=2:0
[ 5439513ms] [ERROR] Failed to load resource: the server responded with a status of 400 () @ https://kkb-production.jupyter-proxy.kaggle.net/google.firestore.v1.Firestore/Listen/channel?gsessionid=SKn3RjNGVXCLeFz-eiy8FZ07hmQSWdbrP3YKN_lfNZdePUm0LLVo7Q&VER=8&database=projects%2Fkaggle-metastore%2Fdatabases%2F(default)&RID=rpc&SID=yV0pSlklepYCreyeVgCzfQ&CI=1&AID=55&TYPE=xmlhttp&zx=18a2l5sboqpk&t=3:0
[ 5439515ms] [WARNING] [2026-09-03T17:48:13.891Z]  @firebase/firestore: Firestore (9.18.0): WebChannelConnection RPC 'Listen' stream 0x6fdcca3d transport errored: iS @ https://www.kaggle.com/static/assets/6803.64af35880ecb1baf.js:0
[ 5444083ms] [ERROR] Failed to load resource: the server responded with a status of 400 () @ https://kkb-production.jupyter-proxy.kaggle.net/google.firestore.v1.Firestore/Listen/channel?gsessionid=V9hv3IiRQr415HLOqEdVqyL_Vv2xPIIEFwjs0RbvLONKqter0mte_w&VER=8&database=projects%2Fkkb-production%2Fdatabases%2F(default)&RID=rpc&SID=jKnMS6Ht-UPBjFaCk8zFwg&CI=1&AID=73&TYPE=xmlhttp&zx=ckhu5muin1ug&t=3:0
[ 5444084ms] [WARNING] [2026-09-03T17:48:18.460Z]  @firebase/firestore: Firestore (9.18.0): WebChannelConnection RPC 'Listen' stream 0x6fdcca3c transport errored: iS @ https://www.kaggle.com/static/assets/6803.64af35880ecb1baf.js:0
[ 5461027ms] [ERROR] WebSocket connection to 'wss://kkb-production.jupyter-proxy.kaggle.net/api/events/subscribe' failed: Error during WebSocket handshake: Unexpected response code: 404 @ https://kkb-production.jupyter-proxy.kaggle.net/static/dist/jupyterlab/v-dd191da75eaf47ebd98e8d4b4aa37398/notebook/3676.bundle.js:0
[ 5491264ms] [ERROR] WebSocket connection to 'wss://kkb-production.jupyter-proxy.kaggle.net/api/events/subscribe' failed: Error during WebSocket handshake: Unexpected response code: 404 @ https://kkb-production.jupyter-proxy.kaggle.net/static/dist/jupyterlab/v-dd191da75eaf47ebd98e8d4b4aa37398/notebook/3676.bundle.js:0
[ 5521997ms] [ERROR] WebSocket connection to 'wss://kkb-production.jupyter-proxy.kaggle.net/api/events/subscribe' failed: Error during WebSocket handshake: Unexpected response code: 404 @ https://kkb-production.jupyter-proxy.kaggle.net/static/dist/jupyterlab/v-dd191da75eaf47ebd98e8d4b4aa37398/notebook/3676.bundle.js:0
[ 5552244ms] [ERROR] WebSocket connection to 'wss://kkb-production.jupyter-proxy.kaggle.net/api/events/subscribe' failed: Error during WebSocket handshake: Unexpected response code: 404 @ https://kkb-production.jupyter-proxy.kaggle.net/static/dist/jupyterlab/v-dd191da75eaf47ebd98e8d4b4aa37398/notebook/3676.bundle.js:0
[ 5562995ms] [ERROR] WebSocket connection to 'wss://kkb-production.jupyter-proxy.kaggle.net/api/events/subscribe' failed: Error during WebSocket handshake: Unexpected response code: 404 @ https://kkb-production.jupyter-proxy.kaggle.net/static/dist/jupyterlab/v-dd191da75eaf47ebd98e8d4b4aa37398/notebook/3676.bundle.js:0
[ 5586009ms] [ERROR] WebSocket connection to 'wss://kkb-production.jupyter-proxy.kaggle.net/api/events/subscribe' failed: Error during WebSocket handshake: Unexpected response code: 404 @ https://kkb-production.jupyter-proxy.kaggle.net/static/dist/jupyterlab/v-dd191da75eaf47ebd98e8d4b4aa37398/notebook/3676.bundle.js:0
[ 5588007ms] [ERROR] WebSocket connection to 'wss://kkb-production.jupyter-proxy.kaggle.net/api/events/subscribe' failed: Error during WebSocket handshake: Unexpected response code: 404 @ https://kkb-production.jupyter-proxy.kaggle.net/static/dist/jupyterlab/v-dd191da75eaf47ebd98e8d4b4aa37398/notebook/3676.bundle.js:0
[ 5591860ms] [ERROR] WebSocket connection to 'wss://kkb-production.jupyter-proxy.kaggle.net/api/events/subscribe' failed: Error during WebSocket handshake: Unexpected response code: 404 @ https://kkb-production.jupyter-proxy.kaggle.net/static/dist/jupyterlab/v-dd191da75eaf47ebd98e8d4b4aa37398/notebook/3676.bundle.js:0
[ 5597820ms] [ERROR] WebSocket connection to 'wss://kkb-production.jupyter-proxy.kaggle.net/api/events/subscribe' failed: Error during WebSocket handshake: Unexpected response code: 404 @ https://kkb-production.jupyter-proxy.kaggle.net/static/dist/jupyterlab/v-dd191da75eaf47ebd98e8d4b4aa37398/notebook/3676.bundle.js:0
[ 5603384ms] [ERROR] WebSocket connection to 'wss://kkb-production.jupyter-proxy.kaggle.net/api/events/subscribe' failed: Error during WebSocket handshake: Unexpected response code: 404 @ https://kkb-production.jupyter-proxy.kaggle.net/static/dist/jupyterlab/v-dd191da75eaf47ebd98e8d4b4aa37398/notebook/3676.bundle.js:0
[ 5616772ms] [ERROR] WebSocket connection to 'wss://kkb-production.jupyter-proxy.kaggle.net/api/events/subscribe' failed: Error during WebSocket handshake: Unexpected response code: 404 @ https://kkb-production.jupyter-proxy.kaggle.net/static/dist/jupyterlab/v-dd191da75eaf47ebd98e8d4b4aa37398/notebook/3676.bundle.js:0
[ 5647122ms] [ERROR] WebSocket connection to 'wss://kkb-production.jupyter-proxy.kaggle.net/api/events/subscribe' failed: Error during WebSocket handshake: Unexpected response code: 404 @ https://kkb-production.jupyter-proxy.kaggle.net/static/dist/jupyterlab/v-dd191da75eaf47ebd98e8d4b4aa37398/notebook/3676.bundle.js:0
[ 5677343ms] [ERROR] WebSocket connection to 'wss://kkb-production.jupyter-proxy.kaggle.net/api/events/subscribe' failed: Error during WebSocket handshake: Unexpected response code: 404 @ https://kkb-production.jupyter-proxy.kaggle.net/static/dist/jupyterlab/v-dd191da75eaf47ebd98e8d4b4aa37398/notebook/3676.bundle.js:0
[ 5706917ms] [ERROR] WebSocket connection to 'wss://kkb-production.jupyter-proxy.kaggle.net/api/events/subscribe' failed: Error during WebSocket handshake: Unexpected response code: 404 @ https://kkb-production.jupyter-proxy.kaggle.net/static/dist/jupyterlab/v-dd191da75eaf47ebd98e8d4b4aa37398/notebook/3676.bundle.js:0
[ 5737380ms] [ERROR] WebSocket connection to 'wss://kkb-production.jupyter-proxy.kaggle.net/api/events/subscribe' failed: Error during WebSocket handshake: Unexpected response code: 404 @ https://kkb-production.jupyter-proxy.kaggle.net/static/dist/jupyterlab/v-dd191da75eaf47ebd98e8d4b4aa37398/notebook/3676.bundle.js:0
[ 5755714ms] [ERROR] WebSocket connection to 'wss://kkb-production.jupyter-proxy.kaggle.net/api/events/subscribe' failed: Error during WebSocket handshake: Unexpected response code: 404 @ https://kkb-production.jupyter-proxy.kaggle.net/static/dist/jupyterlab/v-dd191da75eaf47ebd98e8d4b4aa37398/notebook/3676.bundle.js:0
[ 5771640ms] [ERROR] WebSocket connection to 'wss://kkb-production.jupyter-proxy.kaggle.net/api/events/subscribe' failed: Error during WebSocket handshake: Unexpected response code: 404 @ https://kkb-production.jupyter-proxy.kaggle.net/static/dist/jupyterlab/v-dd191da75eaf47ebd98e8d4b4aa37398/notebook/3676.bundle.js:0
[ 5773920ms] [ERROR] WebSocket connection to 'wss://kkb-production.jupyter-proxy.kaggle.net/api/events/subscribe' failed: Error during WebSocket handshake: Unexpected response code: 404 @ https://kkb-production.jupyter-proxy.kaggle.net/static/dist/jupyterlab/v-dd191da75eaf47ebd98e8d4b4aa37398/notebook/3676.bundle.js:0
[ 5780132ms] [ERROR] WebSocket connection to 'wss://kkb-production.jupyter-proxy.kaggle.net/api/events/subscribe' failed: Error during WebSocket handshake: Unexpected response code: 404 @ https://kkb-production.jupyter-proxy.kaggle.net/static/dist/jupyterlab/v-dd191da75eaf47ebd98e8d4b4aa37398/notebook/3676.bundle.js:0
[ 5794252ms] [ERROR] WebSocket connection to 'wss://kkb-production.jupyter-proxy.kaggle.net/api/events/subscribe' failed: Error during WebSocket handshake: Unexpected response code: 404 @ https://kkb-production.jupyter-proxy.kaggle.net/static/dist/jupyterlab/v-dd191da75eaf47ebd98e8d4b4aa37398/notebook/3676.bundle.js:0
[ 5805311ms] [ERROR] WebSocket connection to 'wss://kkb-production.jupyter-proxy.kaggle.net/api/events/subscribe' failed: Error during WebSocket handshake: Unexpected response code: 404 @ https://kkb-production.jupyter-proxy.kaggle.net/static/dist/jupyterlab/v-dd191da75eaf47ebd98e8d4b4aa37398/notebook/3676.bundle.js:0
[ 5831259ms] [ERROR] WebSocket connection to 'wss://kkb-production.jupyter-proxy.kaggle.net/api/events/subscribe' failed: Error during WebSocket handshake: Unexpected response code: 404 @ https://kkb-production.jupyter-proxy.kaggle.net/static/dist/jupyterlab/v-dd191da75eaf47ebd98e8d4b4aa37398/notebook/3676.bundle.js:0
[ 5861537ms] [ERROR] WebSocket connection to 'wss://kkb-production.jupyter-proxy.kaggle.net/api/events/subscribe' failed: Error during WebSocket handshake: Unexpected response code: 404 @ https://kkb-production.jupyter-proxy.kaggle.net/static/dist/jupyterlab/v-dd191da75eaf47ebd98e8d4b4aa37398/notebook/3676.bundle.js:0
[ 5891898ms] [ERROR] WebSocket connection to 'wss://kkb-production.jupyter-proxy.kaggle.net/api/events/subscribe' failed: Error during WebSocket handshake: Unexpected response code: 404 @ https://kkb-production.jupyter-proxy.kaggle.net/static/dist/jupyterlab/v-dd191da75eaf47ebd98e8d4b4aa37398/notebook/3676.bundle.js:0
[ 5912749ms] [ERROR] WebSocket connection to 'wss://kkb-production.jupyter-proxy.kaggle.net/api/events/subscribe' failed: Error during WebSocket handshake: Unexpected response code: 404 @ https://kkb-production.jupyter-proxy.kaggle.net/static/dist/jupyterlab/v-dd191da75eaf47ebd98e8d4b4aa37398/notebook/3676.bundle.js:0
[ 5943015ms] [ERROR] WebSocket connection to 'wss://kkb-production.jupyter-proxy.kaggle.net/api/events/subscribe' failed: Error during WebSocket handshake: Unexpected response code: 404 @ https://kkb-production.jupyter-proxy.kaggle.net/static/dist/jupyterlab/v-dd191da75eaf47ebd98e8d4b4aa37398/notebook/3676.bundle.js:0
[ 5973422ms] [ERROR] WebSocket connection to 'wss://kkb-production.jupyter-proxy.kaggle.net/api/events/subscribe' failed: Error during WebSocket handshake: Unexpected response code: 404 @ https://kkb-production.jupyter-proxy.kaggle.net/static/dist/jupyterlab/v-dd191da75eaf47ebd98e8d4b4aa37398/notebook/3676.bundle.js:0
[ 6003669ms] [ERROR] WebSocket connection to 'wss://kkb-production.jupyter-proxy.kaggle.net/api/events/subscribe' failed: Error during WebSocket handshake: Unexpected response code: 404 @ https://kkb-production.jupyter-proxy.kaggle.net/static/dist/jupyterlab/v-dd191da75eaf47ebd98e8d4b4aa37398/notebook/3676.bundle.js:0
[ 6009082ms] [ERROR] WebSocket connection to 'wss://kkb-production.jupyter-proxy.kaggle.net/api/events/subscribe' failed: Error during WebSocket handshake: Unexpected response code: 404 @ https://kkb-production.jupyter-proxy.kaggle.net/static/dist/jupyterlab/v-dd191da75eaf47ebd98e8d4b4aa37398/notebook/3676.bundle.js:0
[ 6018214ms] [ERROR] WebSocket connection to 'wss://kkb-production.jupyter-proxy.kaggle.net/api/events/subscribe' failed: Error during WebSocket handshake: Unexpected response code: 404 @ https://kkb-production.jupyter-proxy.kaggle.net/static/dist/jupyterlab/v-dd191da75eaf47ebd98e8d4b4aa37398/notebook/3676.bundle.js:0
[ 6023643ms] [ERROR] WebSocket connection to 'wss://kkb-production.jupyter-proxy.kaggle.net/api/events/subscribe' failed: Error during WebSocket handshake: Unexpected response code: 404 @ https://kkb-production.jupyter-proxy.kaggle.net/static/dist/jupyterlab/v-dd191da75eaf47ebd98e8d4b4aa37398/notebook/3676.bundle.js:0
[ 6037451ms] [ERROR] WebSocket connection to 'wss://kkb-production.jupyter-proxy.kaggle.net/api/events/subscribe' failed: Error during WebSocket handshake: Unexpected response code: 404 @ https://kkb-production.jupyter-proxy.kaggle.net/static/dist/jupyterlab/v-dd191da75eaf47ebd98e8d4b4aa37398/notebook/3676.bundle.js:0
[ 6067685ms] [ERROR] WebSocket connection to 'wss://kkb-production.jupyter-proxy.kaggle.net/api/events/subscribe' failed: Error during WebSocket handshake: Unexpected response code: 404 @ https://kkb-production.jupyter-proxy.kaggle.net/static/dist/jupyterlab/v-dd191da75eaf47ebd98e8d4b4aa37398/notebook/3676.bundle.js:0
[ 6098077ms] [ERROR] WebSocket connection to 'wss://kkb-production.jupyter-proxy.kaggle.net/api/events/subscribe' failed: Error during WebSocket handshake: Unexpected response code: 404 @ https://kkb-production.jupyter-proxy.kaggle.net/static/dist/jupyterlab/v-dd191da75eaf47ebd98e8d4b4aa37398/notebook/3676.bundle.js:0
[ 6119432ms] [ERROR] WebSocket connection to 'wss://kkb-production.jupyter-proxy.kaggle.net/api/events/subscribe' failed: Error during WebSocket handshake: Unexpected response code: 404 @ https://kkb-production.jupyter-proxy.kaggle.net/static/dist/jupyterlab/v-dd191da75eaf47ebd98e8d4b4aa37398/notebook/3676.bundle.js:0
[ 6146113ms] [ERROR] WebSocket connection to 'wss://kkb-production.jupyter-proxy.kaggle.net/api/events/subscribe' failed: Error during WebSocket handshake: Unexpected response code: 404 @ https://kkb-production.jupyter-proxy.kaggle.net/static/dist/jupyterlab/v-dd191da75eaf47ebd98e8d4b4aa37398/notebook/3676.bundle.js:0
[ 6155990ms] [ERROR] WebSocket connection to 'wss://kkb-production.jupyter-proxy.kaggle.net/api/events/subscribe' failed: Error during WebSocket handshake: Unexpected response code: 404 @ https://kkb-production.jupyter-proxy.kaggle.net/static/dist/jupyterlab/v-dd191da75eaf47ebd98e8d4b4aa37398/notebook/3676.bundle.js:0
[ 6175164ms] [ERROR] WebSocket connection to 'wss://kkb-production.jupyter-proxy.kaggle.net/api/events/subscribe' failed: Error during WebSocket handshake: Unexpected response code: 404 @ https://kkb-production.jupyter-proxy.kaggle.net/static/dist/jupyterlab/v-dd191da75eaf47ebd98e8d4b4aa37398/notebook/3676.bundle.js:0
[ 6194069ms] [ERROR] WebSocket connection to 'wss://kkb-production.jupyter-proxy.kaggle.net/api/events/subscribe' failed: Error during WebSocket handshake: Unexpected response code: 404 @ https://kkb-production.jupyter-proxy.kaggle.net/static/dist/jupyterlab/v-dd191da75eaf47ebd98e8d4b4aa37398/notebook/3676.bundle.js:0
[ 6213778ms] [ERROR] WebSocket connection to 'wss://kkb-production.jupyter-proxy.kaggle.net/api/events/subscribe' failed: Error during WebSocket handshake: Unexpected response code: 404 @ https://kkb-production.jupyter-proxy.kaggle.net/static/dist/jupyterlab/v-dd191da75eaf47ebd98e8d4b4aa37398/notebook/3676.bundle.js:0
[ 6244073ms] [ERROR] WebSocket connection to 'wss://kkb-production.jupyter-proxy.kaggle.net/api/events/subscribe' failed: Error during WebSocket handshake: Unexpected response code: 404 @ https://kkb-production.jupyter-proxy.kaggle.net/static/dist/jupyterlab/v-dd191da75eaf47ebd98e8d4b4aa37398/notebook/3676.bundle.js:0
[ 6274347ms] [ERROR] WebSocket connection to 'wss://kkb-production.jupyter-proxy.kaggle.net/api/events/subscribe' failed: Error during WebSocket handshake: Unexpected response code: 404 @ https://kkb-production.jupyter-proxy.kaggle.net/static/dist/jupyterlab/v-dd191da75eaf47ebd98e8d4b4aa37398/notebook/3676.bundle.js:0
[ 6293545ms] [ERROR] WebSocket connection to 'wss://kkb-production.jupyter-proxy.kaggle.net/api/events/subscribe' failed: Error during WebSocket handshake: Unexpected response code: 404 @ https://kkb-production.jupyter-proxy.kaggle.net/static/dist/jupyterlab/v-dd191da75eaf47ebd98e8d4b4aa37398/notebook/3676.bundle.js:0
[ 6323891ms] [ERROR] WebSocket connection to 'wss://kkb-production.jupyter-proxy.kaggle.net/api/events/subscribe' failed: Error during WebSocket handshake: Unexpected response code: 404 @ https://kkb-production.jupyter-proxy.kaggle.net/static/dist/jupyterlab/v-dd191da75eaf47ebd98e8d4b4aa37398/notebook/3676.bundle.js:0
[ 6354123ms] [ERROR] WebSocket connection to 'wss://kkb-production.jupyter-proxy.kaggle.net/api/events/subscribe' failed: Error during WebSocket handshake: Unexpected response code: 404 @ https://kkb-production.jupyter-proxy.kaggle.net/static/dist/jupyterlab/v-dd191da75eaf47ebd98e8d4b4aa37398/notebook/3676.bundle.js:0
[ 6384480ms] [ERROR] WebSocket connection to 'wss://kkb-production.jupyter-proxy.kaggle.net/api/events/subscribe' failed: Error during WebSocket handshake: Unexpected response code: 404 @ https://kkb-production.jupyter-proxy.kaggle.net/static/dist/jupyterlab/v-dd191da75eaf47ebd98e8d4b4aa37398/notebook/3676.bundle.js:0
[ 6414689ms] [ERROR] WebSocket connection to 'wss://kkb-production.jupyter-proxy.kaggle.net/api/events/subscribe' failed: Error during WebSocket handshake: Unexpected response code: 404 @ https://kkb-production.jupyter-proxy.kaggle.net/static/dist/jupyterlab/v-dd191da75eaf47ebd98e8d4b4aa37398/notebook/3676.bundle.js:0
[ 6435807ms] [ERROR] WebSocket connection to 'wss://kkb-production.jupyter-proxy.kaggle.net/api/events/subscribe' failed: Error during WebSocket handshake: Unexpected response code: 404 @ https://kkb-production.jupyter-proxy.kaggle.net/static/dist/jupyterlab/v-dd191da75eaf47ebd98e8d4b4aa37398/notebook/3676.bundle.js:0
[ 6438699ms] [ERROR] WebSocket connection to 'wss://kkb-production.jupyter-proxy.kaggle.net/api/events/subscribe' failed: Error during WebSocket handshake: Unexpected response code: 404 @ https://kkb-production.jupyter-proxy.kaggle.net/static/dist/jupyterlab/v-dd191da75eaf47ebd98e8d4b4aa37398/notebook/3676.bundle.js:0
[ 6446375ms] [ERROR] WebSocket connection to 'wss://kkb-production.jupyter-proxy.kaggle.net/api/events/subscribe' failed: Error during WebSocket handshake: Unexpected response code: 404 @ https://kkb-production.jupyter-proxy.kaggle.net/static/dist/jupyterlab/v-dd191da75eaf47ebd98e8d4b4aa37398/notebook/3676.bundle.js:0
[ 6465718ms] [ERROR] WebSocket connection to 'wss://kkb-production.jupyter-proxy.kaggle.net/api/events/subscribe' failed: Error during WebSocket handshake: Unexpected response code: 404 @ https://kkb-production.jupyter-proxy.kaggle.net/static/dist/jupyterlab/v-dd191da75eaf47ebd98e8d4b4aa37398/notebook/3676.bundle.js:0
[ 6495938ms] [ERROR] WebSocket connection to 'wss://kkb-production.jupyter-proxy.kaggle.net/api/events/subscribe' failed: Error during WebSocket handshake: Unexpected response code: 404 @ https://kkb-production.jupyter-proxy.kaggle.net/static/dist/jupyterlab/v-dd191da75eaf47ebd98e8d4b4aa37398/notebook/3676.bundle.js:0
[ 6501707ms] [ERROR] WebSocket connection to 'wss://kkb-production.jupyter-proxy.kaggle.net/api/events/subscribe' failed: Error during WebSocket handshake: Unexpected response code: 404 @ https://kkb-production.jupyter-proxy.kaggle.net/static/dist/jupyterlab/v-dd191da75eaf47ebd98e8d4b4aa37398/notebook/3676.bundle.js:0
[ 6518460ms] [ERROR] WebSocket connection to 'wss://kkb-production.jupyter-proxy.kaggle.net/api/events/subscribe' failed: Error during WebSocket handshake: Unexpected response code: 404 @ https://kkb-production.jupyter-proxy.kaggle.net/static/dist/jupyterlab/v-dd191da75eaf47ebd98e8d4b4aa37398/notebook/3676.bundle.js:0
[ 6537441ms] [ERROR] WebSocket connection to 'wss://kkb-production.jupyter-proxy.kaggle.net/api/events/subscribe' failed: Error during WebSocket handshake: Unexpected response code: 404 @ https://kkb-production.jupyter-proxy.kaggle.net/static/dist/jupyterlab/v-dd191da75eaf47ebd98e8d4b4aa37398/notebook/3676.bundle.js:0
[ 6567688ms] [ERROR] WebSocket connection to 'wss://kkb-production.jupyter-proxy.kaggle.net/api/events/subscribe' failed: Error during WebSocket handshake: Unexpected response code: 404 @ https://kkb-production.jupyter-proxy.kaggle.net/static/dist/jupyterlab/v-dd191da75eaf47ebd98e8d4b4aa37398/notebook/3676.bundle.js:0
[ 6598065ms] [ERROR] WebSocket connection to 'wss://kkb-production.jupyter-proxy.kaggle.net/api/events/subscribe' failed: Error during WebSocket handshake: Unexpected response code: 404 @ https://kkb-production.jupyter-proxy.kaggle.net/static/dist/jupyterlab/v-dd191da75eaf47ebd98e8d4b4aa37398/notebook/3676.bundle.js:0
[ 6612791ms] [ERROR] WebSocket connection to 'wss://kkb-production.jupyter-proxy.kaggle.net/api/events/subscribe' failed: Error during WebSocket handshake: Unexpected response code: 404 @ https://kkb-production.jupyter-proxy.kaggle.net/static/dist/jupyterlab/v-dd191da75eaf47ebd98e8d4b4aa37398/notebook/3676.bundle.js:0
[ 6639671ms] [ERROR] WebSocket connection to 'wss://kkb-production.jupyter-proxy.kaggle.net/api/events/subscribe' failed: Error during WebSocket handshake: Unexpected response code: 404 @ https://kkb-production.jupyter-proxy.kaggle.net/static/dist/jupyterlab/v-dd191da75eaf47ebd98e8d4b4aa37398/notebook/3676.bundle.js:0
[ 6670056ms] [ERROR] WebSocket connection to 'wss://kkb-production.jupyter-proxy.kaggle.net/api/events/subscribe' failed: Error during WebSocket handshake: Unexpected response code: 404 @ https://kkb-production.jupyter-proxy.kaggle.net/static/dist/jupyterlab/v-dd191da75eaf47ebd98e8d4b4aa37398/notebook/3676.bundle.js:0
[ 6676974ms] [ERROR] WebSocket connection to 'wss://kkb-production.jupyter-proxy.kaggle.net/api/events/subscribe' failed: Error during WebSocket handshake: Unexpected response code: 404 @ https://kkb-production.jupyter-proxy.kaggle.net/static/dist/jupyterlab/v-dd191da75eaf47ebd98e8d4b4aa37398/notebook/3676.bundle.js:0
[ 6681131ms] [ERROR] WebSocket connection to 'wss://kkb-production.jupyter-proxy.kaggle.net/api/events/subscribe' failed: Error during WebSocket handshake: Unexpected response code: 404 @ https://kkb-production.jupyter-proxy.kaggle.net/static/dist/jupyterlab/v-dd191da75eaf47ebd98e8d4b4aa37398/notebook/3676.bundle.js:0
[ 6690196ms] [ERROR] WebSocket connection to 'wss://kkb-production.jupyter-proxy.kaggle.net/api/events/subscribe' failed: Error during WebSocket handshake: Unexpected response code: 404 @ https://kkb-production.jupyter-proxy.kaggle.net/static/dist/jupyterlab/v-dd191da75eaf47ebd98e8d4b4aa37398/notebook/3676.bundle.js:0
[ 6712957ms] [ERROR] WebSocket connection to 'wss://kkb-production.jupyter-proxy.kaggle.net/api/events/subscribe' failed: Error during WebSocket handshake: Unexpected response code: 404 @ https://kkb-production.jupyter-proxy.kaggle.net/static/dist/jupyterlab/v-dd191da75eaf47ebd98e8d4b4aa37398/notebook/3676.bundle.js:0
[ 6723594ms] [ERROR] WebSocket connection to 'wss://kkb-production.jupyter-proxy.kaggle.net/api/events/subscribe' failed: Error during WebSocket handshake: Unexpected response code: 404 @ https://kkb-production.jupyter-proxy.kaggle.net/static/dist/jupyterlab/v-dd191da75eaf47ebd98e8d4b4aa37398/notebook/3676.bundle.js:0
[ 6733747ms] [ERROR] WebSocket connection to 'wss://kkb-production.jupyter-proxy.kaggle.net/api/events/subscribe' failed: Error during WebSocket handshake: Unexpected response code: 404 @ https://kkb-production.jupyter-proxy.kaggle.net/static/dist/jupyterlab/v-dd191da75eaf47ebd98e8d4b4aa37398/notebook/3676.bundle.js:0
[ 6754026ms] [ERROR] WebSocket connection to 'wss://kkb-production.jupyter-proxy.kaggle.net/api/events/subscribe' failed: Error during WebSocket handshake: Unexpected response code: 404 @ https://kkb-production.jupyter-proxy.kaggle.net/static/dist/jupyterlab/v-dd191da75eaf47ebd98e8d4b4aa37398/notebook/3676.bundle.js:0
[ 6758314ms] [ERROR] WebSocket connection to 'wss://kkb-production.jupyter-proxy.kaggle.net/api/events/subscribe' failed: Error during WebSocket handshake: Unexpected response code: 404 @ https://kkb-production.jupyter-proxy.kaggle.net/static/dist/jupyterlab/v-dd191da75eaf47ebd98e8d4b4aa37398/notebook/3676.bundle.js:0
[ 6760146ms] [ERROR] WebSocket connection to 'wss://kkb-production.jupyter-proxy.kaggle.net/api/events/subscribe' failed: Error during WebSocket handshake: Unexpected response code: 404 @ https://kkb-production.jupyter-proxy.kaggle.net/static/dist/jupyterlab/v-dd191da75eaf47ebd98e8d4b4aa37398/notebook/3676.bundle.js:0
[ 6762622ms] [ERROR] WebSocket connection to 'wss://kkb-production.jupyter-proxy.kaggle.net/api/events/subscribe' failed: Error during WebSocket handshake: Unexpected response code: 404 @ https://kkb-production.jupyter-proxy.kaggle.net/static/dist/jupyterlab/v-dd191da75eaf47ebd98e8d4b4aa37398/notebook/3676.bundle.js:0
[ 6764602ms] [ERROR] WebSocket connection to 'wss://kkb-production.jupyter-proxy.kaggle.net/api/events/subscribe' failed: Error during WebSocket handshake: Unexpected response code: 404 @ https://kkb-production.jupyter-proxy.kaggle.net/static/dist/jupyterlab/v-dd191da75eaf47ebd98e8d4b4aa37398/notebook/3676.bundle.js:0
[ 6766778ms] [ERROR] WebSocket connection to 'wss://kkb-production.jupyter-proxy.kaggle.net/api/events/subscribe' failed: Error during WebSocket handshake: Unexpected response code: 404 @ https://kkb-production.jupyter-proxy.kaggle.net/static/dist/jupyterlab/v-dd191da75eaf47ebd98e8d4b4aa37398/notebook/3676.bundle.js:0
[ 6772440ms] [ERROR] WebSocket connection to 'wss://kkb-production.jupyter-proxy.kaggle.net/api/events/subscribe' failed: Error during WebSocket handshake: Unexpected response code: 404 @ https://kkb-production.jupyter-proxy.kaggle.net/static/dist/jupyterlab/v-dd191da75eaf47ebd98e8d4b4aa37398/notebook/3676.bundle.js:0
[ 6774227ms] [ERROR] WebSocket connection to 'wss://kkb-production.jupyter-proxy.kaggle.net/api/events/subscribe' failed: Error during WebSocket handshake: Unexpected response code: 404 @ https://kkb-production.jupyter-proxy.kaggle.net/static/dist/jupyterlab/v-dd191da75eaf47ebd98e8d4b4aa37398/notebook/3676.bundle.js:0
[ 6776557ms] [ERROR] WebSocket connection to 'wss://kkb-production.jupyter-proxy.kaggle.net/api/events/subscribe' failed: Error during WebSocket handshake: Unexpected response code: 404 @ https://kkb-production.jupyter-proxy.kaggle.net/static/dist/jupyterlab/v-dd191da75eaf47ebd98e8d4b4aa37398/notebook/3676.bundle.js:0
[ 6779272ms] [ERROR] WebSocket connection to 'wss://kkb-production.jupyter-proxy.kaggle.net/api/events/subscribe' failed: Error during WebSocket handshake: Unexpected response code: 404 @ https://kkb-production.jupyter-proxy.kaggle.net/static/dist/jupyterlab/v-dd191da75eaf47ebd98e8d4b4aa37398/notebook/3676.bundle.js:0
[ 6785228ms] [ERROR] WebSocket connection to 'wss://kkb-production.jupyter-proxy.kaggle.net/api/events/subscribe' failed: Error during WebSocket handshake: Unexpected response code: 404 @ https://kkb-production.jupyter-proxy.kaggle.net/static/dist/jupyterlab/v-dd191da75eaf47ebd98e8d4b4aa37398/notebook/3676.bundle.js:0
[ 6789044ms] [ERROR] WebSocket connection to 'wss://kkb-production.jupyter-proxy.kaggle.net/api/events/subscribe' failed: Error during WebSocket handshake: Unexpected response code: 404 @ https://kkb-production.jupyter-proxy.kaggle.net/static/dist/jupyterlab/v-dd191da75eaf47ebd98e8d4b4aa37398/notebook/3676.bundle.js:0
[ 6792907ms] [ERROR] WebSocket connection to 'wss://kkb-production.jupyter-proxy.kaggle.net/api/events/subscribe' failed: Error during WebSocket handshake: Unexpected response code: 404 @ https://kkb-production.jupyter-proxy.kaggle.net/static/dist/jupyterlab/v-dd191da75eaf47ebd98e8d4b4aa37398/notebook/3676.bundle.js:0
[ 6797056ms] [ERROR] WebSocket connection to 'wss://kkb-production.jupyter-proxy.kaggle.net/api/events/subscribe' failed: Error during WebSocket handshake: Unexpected response code: 404 @ https://kkb-production.jupyter-proxy.kaggle.net/static/dist/jupyterlab/v-dd191da75eaf47ebd98e8d4b4aa37398/notebook/3676.bundle.js:0
[ 6804598ms] [ERROR] WebSocket connection to 'wss://kkb-production.jupyter-proxy.kaggle.net/api/events/subscribe' failed: Error during WebSocket handshake: Unexpected response code: 404 @ https://kkb-production.jupyter-proxy.kaggle.net/static/dist/jupyterlab/v-dd191da75eaf47ebd98e8d4b4aa37398/notebook/3676.bundle.js:0
[ 6818497ms] [ERROR] WebSocket connection to 'wss://kkb-production.jupyter-proxy.kaggle.net/api/events/subscribe' failed: Error during WebSocket handshake: Unexpected response code: 404 @ https://kkb-production.jupyter-proxy.kaggle.net/static/dist/jupyterlab/v-dd191da75eaf47ebd98e8d4b4aa37398/notebook/3676.bundle.js:0
[ 6848716ms] [ERROR] WebSocket connection to 'wss://kkb-production.jupyter-proxy.kaggle.net/api/events/subscribe' failed: Error during WebSocket handshake: Unexpected response code: 404 @ https://kkb-production.jupyter-proxy.kaggle.net/static/dist/jupyterlab/v-dd191da75eaf47ebd98e8d4b4aa37398/notebook/3676.bundle.js:0
[ 6879034ms] [ERROR] WebSocket connection to 'wss://kkb-production.jupyter-proxy.kaggle.net/api/events/subscribe' failed: Error during WebSocket handshake: Unexpected response code: 404 @ https://kkb-production.jupyter-proxy.kaggle.net/static/dist/jupyterlab/v-dd191da75eaf47ebd98e8d4b4aa37398/notebook/3676.bundle.js:0
[ 6899010ms] [ERROR] WebSocket connection to 'wss://kkb-production.jupyter-proxy.kaggle.net/api/events/subscribe' failed: Error during WebSocket handshake: Unexpected response code: 404 @ https://kkb-production.jupyter-proxy.kaggle.net/static/dist/jupyterlab/v-dd191da75eaf47ebd98e8d4b4aa37398/notebook/3676.bundle.js:0
[ 6909962ms] [ERROR] WebSocket connection to 'wss://kkb-production.jupyter-proxy.kaggle.net/api/events/subscribe' failed: Error during WebSocket handshake: Unexpected response code: 404 @ https://kkb-production.jupyter-proxy.kaggle.net/static/dist/jupyterlab/v-dd191da75eaf47ebd98e8d4b4aa37398/notebook/3676.bundle.js:0
[ 6927497ms] [ERROR] WebSocket connection to 'wss://kkb-production.jupyter-proxy.kaggle.net/api/events/subscribe' failed: Error during WebSocket handshake: Unexpected response code: 404 @ https://kkb-production.jupyter-proxy.kaggle.net/static/dist/jupyterlab/v-dd191da75eaf47ebd98e8d4b4aa37398/notebook/3676.bundle.js:0
[ 6957902ms] [ERROR] WebSocket connection to 'wss://kkb-production.jupyter-proxy.kaggle.net/api/events/subscribe' failed: Error during WebSocket handshake: Unexpected response code: 404 @ https://kkb-production.jupyter-proxy.kaggle.net/static/dist/jupyterlab/v-dd191da75eaf47ebd98e8d4b4aa37398/notebook/3676.bundle.js:0
[ 6988148ms] [ERROR] WebSocket connection to 'wss://kkb-production.jupyter-proxy.kaggle.net/api/events/subscribe' failed: Error during WebSocket handshake: Unexpected response code: 404 @ https://kkb-production.jupyter-proxy.kaggle.net/static/dist/jupyterlab/v-dd191da75eaf47ebd98e8d4b4aa37398/notebook/3676.bundle.js:0
