{
  "kind": "R017_final_refit_submission",
  "validated_experiment": "R017",
  "validated_R017_report_sha256": "c2245856ba3a4a30520a22ec44652a838c256ad030f0446e14e981a1b84b2342",
  "immutable_r017_unchanged": true,
  "config": {
    "train_file": "train.csv",
    "test_file": "test.csv",
    "sample_file": "sample_submission.csv",
    "target": "fraud",
    "id_columns": [
      "transaction_id"
    ],
    "features": [
      "amount_bdt",
      "log_amount_bdt",
      "account_age_days",
      "hour",
      "weekday",
      "is_weekend",
      "merchant_category",
      "device_type",
      "location",
      "payment_method",
      "transaction_type",
      "merchant_category_missing",
      "device_type_missing",
      "location_missing",
      "customer_prior_count",
      "customer_first_seen",
      "customer_seconds_since_last",
      "customer_observed_age_seconds",
      "customer_prior_mean_amount",
      "customer_prior_mean_log_amount",
      "customer_prior_std_log_amount",
      "customer_amount_to_prior_mean",
      "customer_log_amount_minus_prior_mean",
      "customer_log_amount_zscore",
      "customer_device_prior_count",
      "customer_device_new",
      "customer_device_seconds_since_last",
      "customer_device_count_share",
      "customer_location_prior_count",
      "customer_location_new",
      "customer_location_seconds_since_last",
      "customer_location_count_share",
      "device_prior_count",
      "device_prior_distinct_customer_count",
      "device_prior_distinct_customer_count_excluding_current",
      "device_seconds_since_last",
      "device_observed_age_seconds",
      "device_prior_other_customer_transaction_count",
      "customer_share_of_device_prior_transactions",
      "customer_prior_1h_count",
      "device_prior_1h_count",
      "customer_merchant_prior_count",
      "customer_merchant_is_new",
      "customer_merchant_seconds_since_last",
      "customer_merchant_share_of_customer_history",
      "merchant_prior_transaction_count",
      "merchant_seconds_since_last",
      "merchant_prior_unique_customers",
      "merchant_transactions_24h",
      "merchant_unique_customers_24h"
    ],
    "row_features": [],
    "categorical_features": [
      "merchant_category",
      "device_type",
      "location",
      "payment_method",
      "transaction_type"
    ],
    "task": "classification",
    "metric": "average_precision",
    "metric_direction": "higher",
    "metric_params": {},
    "custom_metric": null,
    "custom_metric_kind": null,
    "prediction_kind": "probability",
    "class_order": [
      0,
      1
    ],
    "validation_type": "calendar_time",
    "validation_rationale": "Two expanding 62-day half-open timestamp windows match the observed test horizon; F2 is the recent primary view.",
    "n_splits": 2,
    "shuffle": false,
    "seed": 42,
    "group_column": null,
    "time_column": "timestamp",
    "time_gap": 0,
    "time_valid_fraction": 0.2,
    "calendar_folds": [
      {
        "train_before": "2026-03-14",
        "valid_start": "2026-03-14",
        "valid_end": "2026-05-15"
      },
      {
        "train_before": "2026-05-15",
        "valid_start": "2026-05-15",
        "valid_end": "2026-07-16"
      }
    ],
    "feature_profile": "react2026_static_customer_history_relationships_device_global_velocity_customer_merchant_merchant_history",
    "execution_fold_order": [
      1,
      0
    ],
    "diagnostic_windows": [
      {
        "name": "F2_early_half",
        "fold": 1,
        "start": "2026-05-15",
        "end": "2026-06-15"
      },
      {
        "name": "F2_late_half",
        "fold": 1,
        "start": "2026-06-15",
        "end": "2026-07-01"
      },
      {
        "name": "July_1_15",
        "fold": 1,
        "start": "2026-07-01",
        "end": "2026-07-16"
      },
      {
        "name": "June_15_30",
        "fold": 1,
        "start": "2026-06-15",
        "end": "2026-07-01"
      },
      {
        "name": "July_1_7",
        "fold": 1,
        "start": "2026-07-01",
        "end": "2026-07-08"
      },
      {
        "name": "July_8_15",
        "fold": 1,
        "start": "2026-07-08",
        "end": "2026-07-16"
      }
    ],
    "debug_expected_fold_scores": {},
    "splits_file": "outputs/reports/live_foundation_splits.json",
    "model": "catboost",
    "model_params": {
      "loss_function": "Logloss",
      "iterations": 800,
      "depth": 6,
      "learning_rate": 0.05,
      "l2_leaf_reg": 10,
      "bootstrap_type": "Bernoulli",
      "subsample": 0.8,
      "thread_count": 8,
      "task_type": "CPU",
      "one_hot_max_size": 64
    },
    "text_column": null,
    "predict_test": false,
    "aggregation": null,
    "submission_columns": [
      "fraud"
    ],
    "submission_kind": "probability",
    "submission_alignment": "id",
    "positive_class": 1,
    "label_threshold": null,
    "smoke_test": false,
    "supervised_weighting": null
  },
  "feature_manifest": [
    "amount_bdt",
    "log_amount_bdt",
    "account_age_days",
    "hour",
    "weekday",
    "is_weekend",
    "merchant_category",
    "device_type",
    "location",
    "payment_method",
    "transaction_type",
    "merchant_category_missing",
    "device_type_missing",
    "location_missing",
    "customer_prior_count",
    "customer_first_seen",
    "customer_seconds_since_last",
    "customer_observed_age_seconds",
    "customer_prior_mean_amount",
    "customer_prior_mean_log_amount",
    "customer_prior_std_log_amount",
    "customer_amount_to_prior_mean",
    "customer_log_amount_minus_prior_mean",
    "customer_log_amount_zscore",
    "customer_device_prior_count",
    "customer_device_new",
    "customer_device_seconds_since_last",
    "customer_device_count_share",
    "customer_location_prior_count",
    "customer_location_new",
    "customer_location_seconds_since_last",
    "customer_location_count_share",
    "device_prior_count",
    "device_prior_distinct_customer_count",
    "device_prior_distinct_customer_count_excluding_current",
    "device_seconds_since_last",
    "device_observed_age_seconds",
    "device_prior_other_customer_transaction_count",
    "customer_share_of_device_prior_transactions",
    "customer_prior_1h_count",
    "device_prior_1h_count",
    "customer_merchant_prior_count",
    "customer_merchant_is_new",
    "customer_merchant_seconds_since_last",
    "customer_merchant_share_of_customer_history",
    "merchant_prior_transaction_count",
    "merchant_seconds_since_last",
    "merchant_prior_unique_customers",
    "merchant_transactions_24h",
    "merchant_unique_customers_24h"
  ],
  "feature_manifest_hash": "0dacd687d0748b529ec276dcc9c1a3b1720a598526569e0c230e2d462327da90",
  "source_hashes": {
    "__init__.py": "a9aeb022698dcebd09ee1a054d513e28a0cb349fb61a2788fbf4765a8232b54c",
    "audit.py": "14d46163cb0181c41b65d9b9fa8119eedf82ea512426df61b345ee9c2ee477f7",
    "autogluon_adapter.py": "0d3bf0b21a76387138d05c24b5b84668b93f4fa6d6743ddc329c758006ee758b",
    "compare.py": "0f70c45408f61ee0704daf115509b058f883c5a5885f7de2290c3b2874b564d2",
    "config.py": "5b83cc2e6fd433f142aaca23e970a98eaa39417ca65e836bf5fc22ed75516404",
    "customer_amount_30d.py": "dcf4a81a665c746618662a5f7267c7d909734afeae5f8b5f75cf683979a3c080",
    "customer_category.py": "b4e54aa1e74e99f057bc0aecffde6cea32f411e58d789c3da0786e78b50195ec",
    "customer_history.py": "1e43ea1b15c7b86c4187917bdc35fe40f30ffbdd4695458d4f2125ae82b7c779",
    "customer_merchant.py": "d99c79578a3a0a75a49ac629bacec655b7f37f108941b5a7d191b500e909cd06",
    "customer_relationships.py": "c83515d9c37621532aae8fc321b2c55bcf4271663f808a71af2b1090ad4ecf31",
    "data.py": "ccb07c32253296848fb8e7708c5844d4e72c06c9f7c4859899b024fd434dcf1a",
    "device_recent_sharing.py": "c1e7d2843619bd5b9f4185ab73693ba8309489e26a4e1be7328c9b1c70c919f5",
    "ensemble.py": "7c26fd12d633440c29b05e14dbd71d0c7904f2a42d8850c88e7164286315f63f",
    "export_notebook.py": "85e2401c284e7d3f82f4e3498ca4074a5423cf0cccd7fc4f0ce7a45d92c7bf07",
    "features.py": "fb4ce97166512fc7b694335e511e9374e72c5613a504215f31257f7871b2e81e",
    "final_r003_submission.py": "606f95075bc83a341f96f0fb532856392434dcbd8e6261887c09a0de76b52530",
    "final_r004_submission.py": "490dc41405c70959adb31e7f49efab3c93498d0707f83a138589e5ab24b7231f",
    "final_r005_submission.py": "fe096e460fde3f22e5b9cfb2653650a62ab67a57c83cf8d39af513c9b29c331c",
    "live_foundation.py": "c3267085abbfcbc1a88c366686babb2a24d983d78a8f35c9514ffe8b8e3e4a54",
    "merchant_history.py": "08505e5b18f7722b71e5c9a5847478267a6cd5e6cb85311eb9a2f4c93999ae36",
    "metrics.py": "1caa11d7c514b3de41cf5f2add27b79dd1613f5aa740e9d1a06f2d7e282cb01b",
    "predict.py": "30cd1dcd52004eb8fa9dd2474abfd804f2c5f4352372c5916631bde7b5188463",
    "r012_report.py": "a1978f72ccf2c52e8ef9cf01b08023169fe2dc51c6871605e380bdf4f8187e39",
    "r013_report.py": "33e770cfde1efd75a531a47162da3b0b9c52c14e4c4bd5e34d28f774a560766c",
    "r014_report.py": "75d0457122b367f754d9d656e72e51f38d87047d9509e4e2399f07eb7f5d7819",
    "r015_report.py": "72251256617626fe438886bf815c3fef7ecb77a5da9c496dfaf0424ae07d4d64",
    "r016_blend.py": "def048da36722a56c4df57dcc416606fc05c739036577414020a7f6cc8899b7e",
    "replay.py": "27d3fd61440345e8026fa1a958853f54289a25dd5287ce74f58b17c40b87f894",
    "screen.py": "9466c2c19dffbd33790f2ea314b0a6ec8f353d8dba30841bd68f88c619282909",
    "submission.py": "d61cc034fe449509994a0eb841aa8a8737471d1c9c606a37d4c788fc96534438",
    "temporal.py": "6d05d82450a93ad7ebf60ed5d6e04c1cc3c51655a855315f147ea7f39c9caa81",
    "train.py": "e96d0182dcdeecac32a169d5795f872fe94956d20c1e0b7133c8ff95576f46c8",
    "utils.py": "d91d748a7059adaaeb5804084ae8b25304fa4665c4e49dfb412f93df4d408d80",
    "validation.py": "d96feaf1e3145999c8db666929c06398a83ee6b0726d667b26d4bcbaa3c81e90",
    "velocity.py": "ba5364c14925972267c04891deadd71e8ed09ace43d725f1fc8a055fa1782046"
  },
  "train_fingerprint": {
    "sha256": "06823ea80cceade018b2428e0c7c9cb89e4efae45fcad8cbf61e8b27b350df20",
    "rows": 731942,
    "columns": [
      "transaction_id",
      "customer_id",
      "timestamp",
      "amount_bdt",
      "merchant_id",
      "merchant_category",
      "device_id",
      "device_type",
      "location",
      "payment_method",
      "transaction_type",
      "account_age_days",
      "fraud"
    ]
  },
  "test_fingerprint": {
    "sha256": "ebac681e2af6a375f126ad5bfdc154b0584adbc893845fb7edf20b8465484c6b",
    "rows": 262648,
    "columns": [
      "transaction_id",
      "customer_id",
      "timestamp",
      "amount_bdt",
      "merchant_id",
      "merchant_category",
      "device_id",
      "device_type",
      "location",
      "payment_method",
      "transaction_type",
      "account_age_days"
    ]
  },
  "final_fit": {
    "uses_all_labeled_train_rows": true,
    "uses_fold_models": false,
    "model_path": "outputs\\final\\R017_final_refit_20260907T023349933970Z\\R017_final_fit_model.pkl",
    "model_sha256": "e3890fea36cbab55f8bd7bffce6881be8e16728a5aaca34787cefd8171266b8d",
    "seconds": 46.352220300000226
  },
  "causal_test_history": {
    "train_seeded_raw_event_state": true,
    "train_fraud_not_used_in_state": true,
    "test_processed_in_timestamp_order": true,
    "strictly_before_timestamp": true,
    "same_timestamp_test_rows_isolated": true,
    "test_timestamp_tie_rows": 16970,
    "test_timestamp_batches": 254061,
    "original_test_row_order_restored": true
  },
  "prediction": {
    "path": "outputs\\final\\R017_final_refit_20260907T023349933970Z\\test_predictions.csv",
    "sha256": "67d2a74754b1607de9286f1a741648bb8e640dd1c27279a314e4229b9ef59ff8",
    "rows": 262648,
    "min": 0.00101682941380283,
    "max": 0.999999237338059,
    "mean": 0.018513716044638785
  },
  "submission": {
    "path": "submissions\\submission_R017_20260907T023905210169Z.csv",
    "sha256": "ab0e85def7218f8d7331d83c5c61ebf93e47c5596949ad0e0d6969d78ac7bd1f",
    "rows": 262648,
    "columns": [
      "transaction_id",
      "fraud"
    ],
    "sample_sha256": "67b151c4948c313bced4a6d1ca9e96edbdaeb020f72ecb4dc6404d01f4394f12",
    "uploaded": false
  },
  "checks": {
    "r017_source_config_manifest_hashes": true,
    "train_test_hashes": true,
    "exact_50_feature_order": true,
    "causal_train_to_test_continuation": true,
    "same_timestamp_isolation": true,
    "row_transaction_alignment": true,
    "finite_bounded_predictions": true,
    "exact_sample_submission_id_order": true,
    "exact_kaggle_schema": true,
    "post_fit_corrected_diagnostic_preserved": true
  },
  "total_seconds": 308.4323566000003
}
